Component: ARM Compiler 5.05 update 1 (build 106) Tool: armlink [4d0efa]

==============================================================================

Section Cross References

    main.o(i.app_task_beep) refers to main.o(i.dgb_printf_safe) for dgb_printf_safe
    main.o(i.app_task_beep) refers to queue.o(i.xQueueReceive) for xQueueReceive
    main.o(i.app_task_beep) refers to tasks.o(i.vTaskDelay) for vTaskDelay
    main.o(i.app_task_beep) refers to main.o(.data) for .data
    main.o(i.app_task_esp8266) refers to main.o(i.dgb_printf_safe) for dgb_printf_safe
    main.o(i.app_task_esp8266) refers to tasks.o(i.vTaskDelay) for vTaskDelay
    main.o(i.app_task_esp8266) refers to esp8266_mqtt.o(i.esp8266_mqtt_init) for esp8266_mqtt_init
    main.o(i.app_task_esp8266) refers to queue.o(i.xQueueReceive) for xQueueReceive
    main.o(i.app_task_esp8266) refers to rt_memclr.o(.text) for __aeabi_memclr
    main.o(i.app_task_esp8266) refers to esp8266_mqtt.o(i.mqtt_send_heart) for mqtt_send_heart
    main.o(i.app_task_esp8266) refers to main.o(i.respond) for respond
    main.o(i.app_task_esp8266) refers to esp8266_mqtt.o(i.mqtt_report_devices_status) for mqtt_report_devices_status
    main.o(i.app_task_esp8266) refers to main.o(i.motor_run) for motor_run
    main.o(i.app_task_esp8266) refers to main.o(i.mp3_run) for mp3_run
    main.o(i.app_task_esp8266) refers to main.o(.data) for .data
    main.o(i.app_task_esp8266) refers to esp8266.o(.bss) for g_esp8266_rx_buf
    main.o(i.app_task_esp8266) refers to esp8266.o(.data) for g_esp8266_rx_cnt
    main.o(i.app_task_esp8266) refers to main.o(.constdata) for .constdata
    main.o(i.app_task_init) refers to queue.o(i.xQueueCreateMutex) for xQueueCreateMutex
    main.o(i.app_task_init) refers to event_groups.o(i.xEventGroupCreate) for xEventGroupCreate
    main.o(i.app_task_init) refers to queue.o(i.xQueueGenericCreate) for xQueueGenericCreate
    main.o(i.app_task_init) refers to mp3.o(i.mp3_init) for mp3_init
    main.o(i.app_task_init) refers to dh11.o(i.dht11_init) for dht11_init
    main.o(i.app_task_init) refers to led.o(i.led_init) for led_init
    main.o(i.app_task_init) refers to oled.o(i.OLED_Init) for OLED_Init
    main.o(i.app_task_init) refers to rtc.o(i.rtc_init) for rtc_init
    main.o(i.app_task_init) refers to key.o(i.key_init) for key_init
    main.o(i.app_task_init) refers to eeprom.o(i.at24c02_init) for at24c02_init
    main.o(i.app_task_init) refers to keyboard.o(i.Matrix_Keyboard_Init) for Matrix_Keyboard_Init
    main.o(i.app_task_init) refers to beep.o(i.beep_init) for beep_init
    main.o(i.app_task_init) refers to mfrc522.o(i.MFRC522_SPI1_Init) for MFRC522_SPI1_Init
    main.o(i.app_task_init) refers to motor.o(i.MOTOR_Init) for MOTOR_Init
    main.o(i.app_task_init) refers to sfm.o(i.fpm_init) for fpm_init
    main.o(i.app_task_init) refers to esp8266.o(i.esp8266_init) for esp8266_init
    main.o(i.app_task_init) refers to port.o(i.vPortEnterCritical) for vPortEnterCritical
    main.o(i.app_task_init) refers to tasks.o(i.xTaskCreate) for xTaskCreate
    main.o(i.app_task_init) refers to port.o(i.vPortExitCritical) for vPortExitCritical
    main.o(i.app_task_init) refers to main.o(i.menu_show) for menu_show
    main.o(i.app_task_init) refers to tasks.o(i.vTaskSuspend) for vTaskSuspend
    main.o(i.app_task_init) refers to tasks.o(i.vTaskDelete) for vTaskDelete
    main.o(i.app_task_init) refers to main.o(.data) for .data
    main.o(i.app_task_init) refers to main.o(.bss) for .bss
    main.o(i.app_task_init) refers to main.o(.constdata) for .constdata
    main.o(i.app_task_kbd) refers to main.o(i.dgb_printf_safe) for dgb_printf_safe
    main.o(i.app_task_kbd) refers to keyboard.o(i.Get_Key_Borad) for Get_Key_Borad
    main.o(i.app_task_kbd) refers to queue.o(i.xQueueGenericSend) for xQueueGenericSend
    main.o(i.app_task_kbd) refers to tasks.o(i.vTaskDelay) for vTaskDelay
    main.o(i.app_task_kbd) refers to main.o(.data) for .data
    main.o(i.app_task_key) refers to main.o(i.dgb_printf_safe) for dgb_printf_safe
    main.o(i.app_task_key) refers to event_groups.o(i.xEventGroupWaitBits) for xEventGroupWaitBits
    main.o(i.app_task_key) refers to tasks.o(i.vTaskDelay) for vTaskDelay
    main.o(i.app_task_key) refers to port.o(i.vPortEnterCritical) for vPortEnterCritical
    main.o(i.app_task_key) refers to port.o(i.vPortExitCritical) for vPortExitCritical
    main.o(i.app_task_key) refers to main.o(i.NVIC_DisableIRQ) for NVIC_DisableIRQ
    main.o(i.app_task_key) refers to event_groups.o(i.xEventGroupSetBits) for xEventGroupSetBits
    main.o(i.app_task_key) refers to main.o(i.NVIC_EnableIRQ) for NVIC_EnableIRQ
    main.o(i.app_task_key) refers to queue.o(i.xQueueGenericSend) for xQueueGenericSend
    main.o(i.app_task_key) refers to main.o(.data) for .data
    main.o(i.app_task_key) refers to main.o(.conststring) for .conststring
    main.o(i.app_task_led) refers to main.o(i.dgb_printf_safe) for dgb_printf_safe
[...]
    _printf_char_common                      0x08000d7f   Thumb Code    32  _printf_char_common.o(.text)
    _sputc                                   0x08000da5   Thumb Code    10  _sputc.o(.text)
    _printf_char_file                        0x08000db1   Thumb Code    32  _printf_char_file.o(.text)
    _printf_wctomb                           0x08000dd5   Thumb Code   182  _printf_wctomb.o(.text)
    _printf_longlong_dec                     0x08000e91   Thumb Code   108  _printf_longlong_dec.o(.text)
    _printf_longlong_oct                     0x08000f0d   Thumb Code    68  _printf_oct_int_ll.o(.text)
    _printf_int_oct                          0x08000f51   Thumb Code    24  _printf_oct_int_ll.o(.text)
    _printf_ll_oct                           0x08000f69   Thumb Code    12  _printf_oct_int_ll.o(.text)
    _chval                                   0x08000f7d   Thumb Code    28  _chval.o(.text)
    __vfscanf_char                           0x08000fa5   Thumb Code    24  scanf_char.o(.text)
    _sgetc                                   0x08000fc5   Thumb Code    30  _sgetc.o(.text)
    _sbackspace                              0x08000fe3   Thumb Code    34  _sgetc.o(.text)
    __aeabi_memcpy4                          0x08001005   Thumb Code     0  rt_memcpy_w.o(.text)
    __aeabi_memcpy8                          0x08001005   Thumb Code     0  rt_memcpy_w.o(.text)
    __rt_memcpy_w                            0x08001005   Thumb Code   100  rt_memcpy_w.o(.text)
    _memcpy_lastbytes_aligned                0x0800104d   Thumb Code     0  rt_memcpy_w.o(.text)
    _ll_udiv10                               0x08001069   Thumb Code   138  lludiv10.o(.text)
    isspace                                  0x080010f3   Thumb Code    18  isspace.o(.text)
    __lib_sel_fp_printf                      0x08001105   Thumb Code     2  _printf_fp_dec.o(.text)
    _printf_fp_dec_real                      0x080012b3   Thumb Code   620  _printf_fp_dec.o(.text)
    _printf_cs_common                        0x0800151f   Thumb Code    20  _printf_char.o(.text)
    _printf_char                             0x08001533   Thumb Code    16  _printf_char.o(.text)
    _printf_string                           0x08001543   Thumb Code     8  _printf_char.o(.text)
    _printf_lcs_common                       0x0800154b   Thumb Code    20  _printf_wchar.o(.text)
    _printf_wchar                            0x0800155f   Thumb Code    16  _printf_wchar.o(.text)
    _printf_wstring                          0x0800156f   Thumb Code     8  _printf_wchar.o(.text)
    __vfscanf                                0x08001579   Thumb Code   878  _scanf.o(.text)
    ferror                                   0x080018ed   Thumb Code     8  ferror.o(.text)
    _wcrtomb                                 0x080018f5   Thumb Code    64  _wcrtomb.o(.text)
    __user_setup_stackheap                   0x08001935   Thumb Code    74  sys_stackheap_outer.o(.text)
    __rt_ctype_table                         0x08001981   Thumb Code    16  rt_ctype_table.o(.text)
    __rt_locale                              0x08001991   Thumb Code     8  rt_locale_intlibspace.o(.text)
    _printf_fp_infnan                        0x08001999   Thumb Code   112  _printf_fp_infnan.o(.text)
    _btod_etento                             0x08001a19   Thumb Code   216  bigflt0.o(.text)
    exit                                     0x08001af5   Thumb Code    12  exit.o(.text)
    __user_libspace                          0x08001b01   Thumb Code     8  libspace.o(.text)
    __user_perproc_libspace                  0x08001b01   Thumb Code     0  libspace.o(.text)
    __user_perthread_libspace                0x08001b01   Thumb Code     0  libspace.o(.text)
    _btod_d2e                                0x08001b09   Thumb Code    62  btod.o(CL$$btod_d2e)
    _d2e_denorm_low                          0x08001b47   Thumb Code    70  btod.o(CL$$btod_d2e_denorm_low)
    _d2e_norm_op1                            0x08001b8d   Thumb Code    96  btod.o(CL$$btod_d2e_norm_op1)
    __btod_div_common                        0x08001bed   Thumb Code   696  btod.o(CL$$btod_div_common)
    _e2e                                     0x08001f25   Thumb Code   198  btod.o(CL$$btod_e2e)
    _btod_ediv                               0x08001feb   Thumb Code    40  btod.o(CL$$btod_ediv)
    _btod_emul                               0x08002013   Thumb Code    40  btod.o(CL$$btod_emul)
    __btod_mult_common                       0x0800203b   Thumb Code   580  btod.o(CL$$btod_mult_common)
    AntennaOn                                0x0800227f   Thumb Code    26  mfrc522.o(i.AntennaOn)
    BusFault_Handler                         0x08002299   Thumb Code     2  stm32f4xx_it.o(i.BusFault_Handler)
    ClearBitMask                             0x0800229b   Thumb Code    24  mfrc522.o(i.ClearBitMask)
    DebugMon_Handler                         0x080022b3   Thumb Code     2  stm32f4xx_it.o(i.DebugMon_Handler)
    EXTI0_IRQHandler                         0x080022b5   Thumb Code    54  key.o(i.EXTI0_IRQHandler)
    EXTI2_IRQHandler                         0x080022f1   Thumb Code    54  key.o(i.EXTI2_IRQHandler)
    EXTI3_IRQHandler                         0x0800232d   Thumb Code    54  key.o(i.EXTI3_IRQHandler)
    EXTI4_IRQHandler                         0x08002369   Thumb Code    54  key.o(i.EXTI4_IRQHandler)
    EXTI9_5_IRQHandler                       0x080023a5   Thumb Code    30  sfm.o(i.EXTI9_5_IRQHandler)
    EXTI_ClearITPendingBit                   0x080023c9   Thumb Code     6  stm32f4xx_exti.o(i.EXTI_ClearITPendingBit)
    EXTI_GetITStatus                         0x080023d5   Thumb Code    16  stm32f4xx_exti.o(i.EXTI_GetITStatus)
    EXTI_Init                                0x080023e9   Thumb Code   108  stm32f4xx_exti.o(i.EXTI_Init)
    GPIO_Init                                0x08002459   Thumb Code   120  stm32f4xx_gpio.o(i.GPIO_Init)
    GPIO_PinAFConfig                         0x080024d1   Thumb Code    32  stm32f4xx_gpio.o(i.GPIO_PinAFConfig)
    GPIO_ReadOutputDataBit                   0x080024f1   Thumb Code    14  stm32f4xx_gpio.o(i.GPIO_ReadOutputDataBit)
    GPIO_SetBits                             0x080024ff   Thumb Code     4  stm32f4xx_gpio.o(i.GPIO_SetBits)
    Get_Key_Borad                            0x08002505   Thumb Code   292  keyboard.o(i.Get_Key_Borad)
    HardFault_Handler                        0x08002631   Thumb Code    64  stm32f4xx_it.o(i.HardFault_Handler)
    IIC_Start                                0x080026ad   Thumb Code    52  oled.o(i.IIC_Start)
    IIC_Stop                                 0x080026e5   Thumb Code    44  oled.o(i.IIC_Stop)
    IIC_Wait_Ack                             0x08002715   Thumb Code    44  oled.o(i.IIC_Wait_Ack)
    MFRC522_Anticoll                         0x08002745   Thumb Code    92  mfrc522.o(i.MFRC522_Anticoll)
    MFRC522_Initializtion                    0x080027a1   Thumb Code    74  mfrc522.o(i.MFRC522_Initializtion)
    MFRC522_Request                          0x080027eb   Thumb Code    46  mfrc522.o(i.MFRC522_Request)
    MFRC522_Reset                            0x08002819   Thumb Code    50  mfrc522.o(i.MFRC522_Reset)
    MFRC522_SPI1_Init                        0x08002851   Thumb Code   134  mfrc522.o(i.MFRC522_SPI1_Init)
    MFRC522_ToCard                           0x080028e9   Thumb Code   282  mfrc522.o(i.MFRC522_ToCard)
    MOTOR_Init                               0x08002a05   Thumb Code   140  motor.o(i.MOTOR_Init)
    Matrix_Keyboard_Init                     0x08002a99   Thumb Code   110  keyboard.o(i.Matrix_Keyboard_Init)
    MemManage_Handler                        0x08002b11   Thumb Code     2  stm32f4xx_it.o(i.MemManage_Handler)
    NMI_Handler                              0x08002b13   Thumb Code     2  stm32f4xx_it.o(i.NMI_Handler)
    NVIC_Init                                0x08002b41   Thumb Code    96  misc.o(i.NVIC_Init)
    NVIC_PriorityGroupConfig                 0x08002ba5   Thumb Code    10  misc.o(i.NVIC_PriorityGroupConfig)
    OLED_Clear                               0x08002bb9   Thumb Code    58  oled.o(i.OLED_Clear)
    OLED_Display_Off                         0x08002bf3   Thumb Code    30  oled.o(i.OLED_Display_Off)
    OLED_Display_On                          0x08002c11   Thumb Code    30  oled.o(i.OLED_Display_On)
    OLED_DrawBMP                             0x08002c2f   Thumb Code    64  oled.o(i.OLED_DrawBMP)
    OLED_Init                                0x08002c71   Thumb Code   278  oled.o(i.OLED_Init)
    OLED_Set_Pos                             0x08002d91   Thumb Code    42  oled.o(i.OLED_Set_Pos)
    OLED_ShowCHinese                         0x08002dbd   Thumb Code    74  oled.o(i.OLED_ShowCHinese)
    OLED_ShowChar                            0x08002e0d   Thumb Code   128  oled.o(i.OLED_ShowChar)
    OLED_ShowString                          0x08002e95   Thumb Code    54  oled.o(i.OLED_ShowString)
    OLED_WR_Byte                             0x08002ecb   Thumb Code    12  oled.o(i.OLED_WR_Byte)
    PWR_BackupAccessCmd                      0x08002ed9   Thumb Code     6  stm32f4xx_pwr.o(i.PWR_BackupAccessCmd)
    RCC_AHB1PeriphClockCmd                   0x08002ee5   Thumb Code    18  stm32f4xx_rcc.o(i.RCC_AHB1PeriphClockCmd)
    RCC_APB1PeriphClockCmd                   0x08002efd   Thumb Code    18  stm32f4xx_rcc.o(i.RCC_APB1PeriphClockCmd)
    RCC_APB2PeriphClockCmd                   0x08002f15   Thumb Code    18  stm32f4xx_rcc.o(i.RCC_APB2PeriphClockCmd)
    RCC_GetClocksFreq                        0x08002f2d   Thumb Code   132  stm32f4xx_rcc.o(i.RCC_GetClocksFreq)
    RCC_GetFlagStatus                        0x08002fbd   Thumb Code    46  stm32f4xx_rcc.o(i.RCC_GetFlagStatus)
    RCC_LSICmd                               0x08002ff1   Thumb Code     6  stm32f4xx_rcc.o(i.RCC_LSICmd)
    RCC_RTCCLKCmd                            0x08002ffd   Thumb Code     6  stm32f4xx_rcc.o(i.RCC_RTCCLKCmd)
    RCC_RTCCLKConfig                         0x08003009   Thumb Code    40  stm32f4xx_rcc.o(i.RCC_RTCCLKConfig)
    RTC_ClearITPendingBit                    0x08003065   Thumb Code    24  stm32f4xx_rtc.o(i.RTC_ClearITPendingBit)
    RTC_EnterInitMode                        0x08003081   Thumb Code    56  stm32f4xx_rtc.o(i.RTC_EnterInitMode)
    RTC_ExitInitMode                         0x080030bd   Thumb Code    12  stm32f4xx_rtc.o(i.RTC_ExitInitMode)
    RTC_GetDate                              0x080030cd   Thumb Code    66  stm32f4xx_rtc.o(i.RTC_GetDate)
    RTC_GetITStatus                          0x08003119   Thumb Code    46  stm32f4xx_rtc.o(i.RTC_GetITStatus)
    RTC_GetTime                              0x08003151   Thumb Code    70  stm32f4xx_rtc.o(i.RTC_GetTime)
    RTC_ITConfig                             0x080031a1   Thumb Code    60  stm32f4xx_rtc.o(i.RTC_ITConfig)
    RTC_Init                                 0x080031e1   Thumb Code    74  stm32f4xx_rtc.o(i.RTC_Init)
    RTC_SetDate                              0x08003231   Thumb Code   144  stm32f4xx_rtc.o(i.RTC_SetDate)
    RTC_SetTime                              0x080032c9   Thumb Code   150  stm32f4xx_rtc.o(i.RTC_SetTime)
    RTC_SetWakeUpCounter                     0x08003369   Thumb Code    22  stm32f4xx_rtc.o(i.RTC_SetWakeUpCounter)
    RTC_WKUP_IRQHandler                      0x08003385   Thumb Code    88  rtc.o(i.RTC_WKUP_IRQHandler)
    RTC_WaitForSynchro                       0x080033e5   Thumb Code    70  stm32f4xx_rtc.o(i.RTC_WaitForSynchro)
    RTC_WakeUpClockConfig                    0x08003431   Thumb Code    34  stm32f4xx_rtc.o(i.RTC_WakeUpClockConfig)
    RTC_WakeUpCmd                            0x08003459   Thumb Code    84  stm32f4xx_rtc.o(i.RTC_WakeUpCmd)
    Read_MFRC522                             0x080034b1   Thumb Code    38  mfrc522.o(i.Read_MFRC522)
    SPI3_Receive                             0x080034dd   Thumb Code     6  mfrc522.o(i.SPI3_Receive)
    SYSCFG_EXTILineConfig                    0x080034e5   Thumb Code    42  stm32f4xx_syscfg.o(i.SYSCFG_EXTILineConfig)
    SetBitMask                               0x08003515   Thumb Code    24  mfrc522.o(i.SetBitMask)
    SysTick_CLKSourceConfig                  0x080035e1   Thumb Code    24  misc.o(i.SysTick_CLKSourceConfig)
    SysTick_Handler                          0x080035f9   Thumb Code    38  port.o(i.SysTick_Handler)
    SystemInit                               0x08003625   Thumb Code    74  system_stm32f4xx.o(i.SystemInit)
    TIM3_IRQHandler                          0x08003681   Thumb Code    60  sfm.o(i.TIM3_IRQHandler)
    TIM_ClearITPendingBit                    0x080036c5   Thumb Code     6  stm32f4xx_tim.o(i.TIM_ClearITPendingBit)
    TIM_Cmd                                  0x080036cb   Thumb Code    20  stm32f4xx_tim.o(i.TIM_Cmd)
    TIM_CtrlPWMOutputs                       0x080036df   Thumb Code    22  stm32f4xx_tim.o(i.TIM_CtrlPWMOutputs)
    TIM_GetITStatus                          0x080036f5   Thumb Code    24  stm32f4xx_tim.o(i.TIM_GetITStatus)
    TIM_ITConfig                             0x0800370d   Thumb Code    16  stm32f4xx_tim.o(i.TIM_ITConfig)
    TIM_OC3Init                              0x0800371d   Thumb Code   116  stm32f4xx_tim.o(i.TIM_OC3Init)
    TIM_SetCompare3                          0x08003799   Thumb Code     4  stm32f4xx_tim.o(i.TIM_SetCompare3)
    TIM_TimeBaseInit                         0x0800379d   Thumb Code    96  stm32f4xx_tim.o(i.TIM_TimeBaseInit)
    USART1_IRQHandler                        0x08003819   Thumb Code   134  usart.o(i.USART1_IRQHandler)
    USART2_IRQHandler                        0x080038b5   Thumb Code    64  sfm.o(i.USART2_IRQHandler)
    USART3_IRQHandler                        0x08003901   Thumb Code   142  usart.o(i.USART3_IRQHandler)
    USART_ClearITPendingBit                  0x080039ad   Thumb Code    12  stm32f4xx_usart.o(i.USART_ClearITPendingBit)
    USART_Cmd                                0x080039b9   Thumb Code    20  stm32f4xx_usart.o(i.USART_Cmd)
    USART_GetFlagStatus                      0x080039cd   Thumb Code    14  stm32f4xx_usart.o(i.USART_GetFlagStatus)
    USART_GetITStatus                        0x080039db   Thumb Code    62  stm32f4xx_usart.o(i.USART_GetITStatus)
    USART_ITConfig                           0x08003a19   Thumb Code    48  stm32f4xx_usart.o(i.USART_ITConfig)
    USART_Init                               0x08003a49   Thumb Code   164  stm32f4xx_usart.o(i.USART_Init)
    USART_ReceiveData                        0x08003af5   Thumb Code     8  stm32f4xx_usart.o(i.USART_ReceiveData)
    USART_SendData                           0x08003afd   Thumb Code     8  stm32f4xx_usart.o(i.USART_SendData)
    UsageFault_Handler                       0x08003b05   Thumb Code     2  stm32f4xx_it.o(i.UsageFault_Handler)
    Write_IIC_Byte                           0x08003b09   Thumb Code    88  oled.o(i.Write_IIC_Byte)
    Write_IIC_Command                        0x08003b65   Thumb Code    46  oled.o(i.Write_IIC_Command)
    Write_IIC_Data                           0x08003b93   Thumb Code    46  oled.o(i.Write_IIC_Data)
    Write_MFRC522                            0x08003bc1   Thumb Code    38  mfrc522.o(i.Write_MFRC522)
    __ARM_fpclassify                         0x08003bed   Thumb Code    48  fpclassify.o(i.__ARM_fpclassify)
    _is_digit                                0x08003c1d   Thumb Code    14  __printf_wp.o(i._is_digit)
    _sys_exit                                0x08003c2b   Thumb Code     2  usart.o(i._sys_exit)
    app_task_beep                            0x08003c2d   Thumb Code    62  main.o(i.app_task_beep)
    app_task_esp8266                         0x08003c95   Thumb Code   162  main.o(i.app_task_esp8266)
    app_task_kbd                             0x08003edd   Thumb Code    68  main.o(i.app_task_kbd)
    app_task_key                             0x08003f99   Thumb Code   428  main.o(i.app_task_key)
    app_task_led                             0x08004265   Thumb Code    66  main.o(i.app_task_led)
    app_task_menu                            0x080042d1   Thumb Code   256  main.o(i.app_task_menu)
    app_task_mfrc522                         0x08004401   Thumb Code   134  main.o(i.app_task_mfrc522)
    app_task_mfrc522_other                   0x080044a9   Thumb Code   322  main.o(i.app_task_mfrc522_other)
    app_task_motor                           0x08004631   Thumb Code    62  main.o(i.app_task_motor)
    app_task_mp3                             0x08004695   Thumb Code   174  main.o(i.app_task_mp3)
    app_task_oled                            0x08004779   Thumb Code   148  main.o(i.app_task_oled)
    app_task_pass_man                        0x08004915   Thumb Code  1752  main.o(i.app_task_pass_man)
    app_task_rtc                             0x08005155   Thumb Code   210  main.o(i.app_task_rtc)
    app_task_send_heart                      0x080052f5   Thumb Code    28  main.o(i.app_task_send_heart)
    app_task_sfm                             0x08005311   Thumb Code   534  main.o(i.app_task_sfm)
    app_task_usart1                          0x08005789   Thumb Code   450  main.o(i.app_task_usart1)
    at24c02_init                             0x080059e1   Thumb Code    58  eeprom.o(i.at24c02_init)
    at24c02_read                             0x08005a25   Thumb Code   134  eeprom.o(i.at24c02_read)
    at24c02_write                            0x08005add   Thumb Code   106  eeprom.o(i.at24c02_write)
    beep_init                                0x08005ba5   Thumb Code    54  beep.o(i.beep_init)
    delay_init                               0x08005bf9   Thumb Code    50  delay.o(i.delay_init)
    delay_ms                                 0x08005c31   Thumb Code    52  delay.o(i.delay_ms)
    delay_us                                 0x08005c69   Thumb Code    48  delay.o(i.delay_us)
    dgb_printf_safe                          0x08005c9d   Thumb Code    44  main.o(i.dgb_printf_safe)
    dht11_init                               0x08005ccd   Thumb Code    54  dh11.o(i.dht11_init)
    esp8266_connect_ap                       0x08005d0d   Thumb Code   118  esp8266.o(i.esp8266_connect_ap)
    esp8266_connect_server                   0x08005dc1   Thumb Code   130  esp8266.o(i.esp8266_connect_server)
    esp8266_enable_echo                      0x08005e71   Thumb Code    34  esp8266.o(i.esp8266_enable_echo)
    esp8266_entry_transparent_transmission   0x08005ea9   Thumb Code    68  esp8266.o(i.esp8266_entry_transparent_transmission)
    esp8266_exit_transparent_transmission    0x08005f15   Thumb Code    24  esp8266.o(i.esp8266_exit_transparent_transmission)
    esp8266_find_str_in_rx_packet            0x08005f35   Thumb Code    44  esp8266.o(i.esp8266_find_str_in_rx_packet)
    esp8266_init                             0x08005f65   Thumb Code     8  esp8266.o(i.esp8266_init)
    esp8266_mqtt_init                        0x08005f6d   Thumb Code   274  esp8266_mqtt.o(i.esp8266_mqtt_init)
    esp8266_reset                            0x08006391   Thumb Code    28  esp8266.o(i.esp8266_reset)
    esp8266_send_at                          0x080063bd   Thumb Code    30  esp8266.o(i.esp8266_send_at)
    esp8266_send_bytes                       0x080063e5   Thumb Code     4  esp8266.o(i.esp8266_send_bytes)
    fpm_ctrl_led                             0x080063e9   Thumb Code    40  sfm.o(i.fpm_ctrl_led)
    fpm_empty                                0x08006415   Thumb Code    96  sfm.o(i.fpm_empty)
    fpm_enroll_auto                          0x080064dd   Thumb Code   198  sfm.o(i.fpm_enroll_auto)
    fpm_id_total                             0x08006629   Thumb Code   110  sfm.o(i.fpm_id_total)
    fpm_idenify_auto                         0x08006711   Thumb Code   238  sfm.o(i.fpm_idenify_auto)
    fpm_init                                 0x080068b5   Thumb Code    22  sfm.o(i.fpm_init)
    fpm_send_data                            0x080068cd   Thumb Code    52  sfm.o(i.fpm_send_data)
    fpm_sleep                                0x08006909   Thumb Code    20  sfm.o(i.fpm_sleep)
    fputc                                    0x08006929   Thumb Code    30  usart.o(i.fputc)
    item_cursor_show                         0x08006ae1   Thumb Code    44  main.o(i.item_cursor_show)
    key_init                                 0x08006b11   Thumb Code   238  key.o(i.key_init)
    led_init                                 0x08006c09   Thumb Code   110  led.o(i.led_init)
    main                                     0x08006c81   Thumb Code    52  main.o(i.main)
    menu_item_total                          0x08006ccd   Thumb Code    18  main.o(i.menu_item_total)
    menu_show                                0x08006ce1   Thumb Code   116  main.o(i.menu_show)
    motor_corotation_double_pos              0x08006d7d   Thumb Code    32  motor.o(i.motor_corotation_double_pos)
    motor_corotation_double_rev              0x08006da1   Thumb Code    32  motor.o(i.motor_corotation_double_rev)
    motor_run                                0x08006dc5   Thumb Code    24  main.o(i.motor_run)
    mp3_init                                 0x08006de1   Thumb Code   100  mp3.o(i.mp3_init)
    mp3_run                                  0x08006e65   Thumb Code    22  main.o(i.mp3_run)
    mqtt_connect                             0x08006e81   Thumb Code   438  esp8266_mqtt.o(i.mqtt_connect)
    mqtt_publish_data                        0x08007115   Thumb Code   176  esp8266_mqtt.o(i.mqtt_publish_data)
    mqtt_report_devices_status               0x080071cd   Thumb Code    50  esp8266_mqtt.o(i.mqtt_report_devices_status)
    mqtt_send_bytes                          0x08007249   Thumb Code     4  esp8266_mqtt.o(i.mqtt_send_bytes)
    mqtt_send_heart                          0x0800724d   Thumb Code   102  esp8266_mqtt.o(i.mqtt_send_heart)
    mqtt_subscribe_topic                     0x08007301   Thumb Code   292  esp8266_mqtt.o(i.mqtt_subscribe_topic)
    pvPortMalloc                             0x08007c0d   Thumb Code   216  heap_4.o(i.pvPortMalloc)
    pvTaskIncrementMutexHeldCount            0x08007ce9   Thumb Code    18  tasks.o(i.pvTaskIncrementMutexHeldCount)
    pxPortInitialiseStack                    0x08007d01   Thumb Code    40  port.o(i.pxPortInitialiseStack)
    rc522_spi_send                           0x08007d2d   Thumb Code    84  mfrc522.o(i.rc522_spi_send)
    respond                                  0x08007d89   Thumb Code   186  main.o(i.respond)
    rtc_init                                 0x08007e89   Thumb Code   230  rtc.o(i.rtc_init)
    sda_pin_mode                             0x08007f71   Thumb Code    36  oled.o(i.sda_pin_mode)
    usart1_init                              0x08008021   Thumb Code   144  usart.o(i.usart1_init)
    usart2_init                              0x080080c1   Thumb Code   140  usart.o(i.usart2_init)
    usart3_init                              0x080081b1   Thumb Code   144  usart.o(i.usart3_init)
    usart3_send_bytes                        0x08008251   Thumb Code    38  usart.o(i.usart3_send_bytes)
    usart3_send_str                          0x0800827d   Thumb Code    36  usart.o(i.usart3_send_str)
    uxListRemove                             0x080082a5   Thumb Code    38  list.o(i.uxListRemove)
    uxTaskResetEventItemValue                0x080082cd   Thumb Code    20  tasks.o(i.uxTaskResetEventItemValue)
    vApplicationIdleHook                     0x080082e5   Thumb Code     2  main.o(i.vApplicationIdleHook)
    vApplicationMallocFailedHook             0x080082e7   Thumb Code    16  main.o(i.vApplicationMallocFailedHook)
    vApplicationStackOverflowHook            0x080082f7   Thumb Code    16  main.o(i.vApplicationStackOverflowHook)
    vApplicationTickHook                     0x08008307   Thumb Code     2  main.o(i.vApplicationTickHook)
    vEventGroupSetBitsCallback               0x08008309   Thumb Code     4  event_groups.o(i.vEventGroupSetBitsCallback)
    vListInitialise                          0x0800830d   Thumb Code    22  list.o(i.vListInitialise)
    vListInitialiseItem                      0x08008323   Thumb Code     6  list.o(i.vListInitialiseItem)
    vListInsert                              0x08008329   Thumb Code    48  list.o(i.vListInsert)
    vListInsertEnd                           0x08008359   Thumb Code    24  list.o(i.vListInsertEnd)
    vPortEnterCritical                       0x08008371   Thumb Code    54  port.o(i.vPortEnterCritical)
    vPortExitCritical                        0x080083b1   Thumb Code    34  port.o(i.vPortExitCritical)
    vPortFree                                0x080083d9   Thumb Code    88  heap_4.o(i.vPortFree)
    vPortSetupTimerInterrupt                 0x08008435   Thumb Code    32  port.o(i.vPortSetupTimerInterrupt)
    vPortValidateInterruptPriority           0x08008459   Thumb Code    74  port.o(i.vPortValidateInterruptPriority)
    vQueueAddToRegistry                      0x080084ad   Thumb Code    32  queue.o(i.vQueueAddToRegistry)
    vQueueWaitForMessageRestricted           0x080084d1   Thumb Code    68  queue.o(i.vQueueWaitForMessageRestricted)
    vTaskDelay                               0x08008515   Thumb Code    66  tasks.o(i.vTaskDelay)
    vTaskDelete                              0x08008561   Thumb Code   156  tasks.o(i.vTaskDelete)
    vTaskInternalSetTimeOutState             0x0800860d   Thumb Code    12  tasks.o(i.vTaskInternalSetTimeOutState)
    vTaskMissedYield                         0x0800861d   Thumb Code     8  tasks.o(i.vTaskMissedYield)
    vTaskPlaceOnEventList                    0x08008629   Thumb Code    44  tasks.o(i.vTaskPlaceOnEventList)
    vTaskPlaceOnEventListRestricted          0x08008659   Thumb Code    52  tasks.o(i.vTaskPlaceOnEventListRestricted)
    vTaskPlaceOnUnorderedEventList           0x08008691   Thumb Code    72  tasks.o(i.vTaskPlaceOnUnorderedEventList)
    vTaskPriorityDisinheritAfterTimeout      0x080086dd   Thumb Code   162  tasks.o(i.vTaskPriorityDisinheritAfterTimeout)
    vTaskRemoveFromUnorderedEventList        0x08008789   Thumb Code   104  tasks.o(i.vTaskRemoveFromUnorderedEventList)
    vTaskResume                              0x080087f9   Thumb Code   112  tasks.o(i.vTaskResume)
    vTaskStartScheduler                      0x08008875   Thumb Code    94  tasks.o(i.vTaskStartScheduler)
    vTaskSuspend                             0x080088e5   Thumb Code   170  tasks.o(i.vTaskSuspend)
    vTaskSuspendAll                          0x080089a1   Thumb Code    10  tasks.o(i.vTaskSuspendAll)
    vTaskSwitchContext                       0x080089b1   Thumb Code   126  tasks.o(i.vTaskSwitchContext)
    xEventGroupCreate                        0x08008a39   Thumb Code    26  event_groups.o(i.xEventGroupCreate)
    xEventGroupSetBits                       0x08008a53   Thumb Code   140  event_groups.o(i.xEventGroupSetBits)
    xEventGroupSetBitsFromISR                0x08008ae1   Thumb Code    12  event_groups.o(i.xEventGroupSetBitsFromISR)
    xEventGroupWaitBits                      0x08008af1   Thumb Code   258  event_groups.o(i.xEventGroupWaitBits)
    xPortStartScheduler                      0x08008bf9   Thumb Code   224  port.o(i.xPortStartScheduler)
    xQueueCreateMutex                        0x08008ced   Thumb Code    36  queue.o(i.xQueueCreateMutex)
    xQueueGenericCreate                      0x08008d11   Thumb Code    82  queue.o(i.xQueueGenericCreate)
    xQueueGenericReset                       0x08008d65   Thumb Code   132  queue.o(i.xQueueGenericReset)
    xQueueGenericSend                        0x08008ded   Thumb Code   350  queue.o(i.xQueueGenericSend)
    xQueueGenericSendFromISR                 0x08008f51   Thumb Code   188  queue.o(i.xQueueGenericSendFromISR)
    xQueueReceive                            0x0800900d   Thumb Code   308  queue.o(i.xQueueReceive)
    xQueueSemaphoreTake                      0x08009145   Thumb Code   372  queue.o(i.xQueueSemaphoreTake)
    xTaskCheckForTimeOut                     0x080092bd   Thumb Code   112  tasks.o(i.xTaskCheckForTimeOut)
    xTaskCreate                              0x08009331   Thumb Code    86  tasks.o(i.xTaskCreate)
    xTaskGetSchedulerState                   0x08009389   Thumb Code    22  tasks.o(i.xTaskGetSchedulerState)
    xTaskGetTickCount                        0x080093a5   Thumb Code     6  tasks.o(i.xTaskGetTickCount)
    xTaskIncrementTick                       0x080093b1   Thumb Code   202  tasks.o(i.xTaskIncrementTick)
    xTaskPriorityDisinherit                  0x08009485   Thumb Code   144  tasks.o(i.xTaskPriorityDisinherit)
    xTaskPriorityInherit                     0x0800951d   Thumb Code   140  tasks.o(i.xTaskPriorityInherit)
    xTaskRemoveFromEventList                 0x080095b1   Thumb Code   106  tasks.o(i.xTaskRemoveFromEventList)
    xTaskResumeAll                           0x08009629   Thumb Code   182  tasks.o(i.xTaskResumeAll)
    xTimerCreateTimerTask                    0x080096ed   Thumb Code    58  timers.o(i.xTimerCreateTimerTask)
    xTimerGenericCommand                     0x08009739   Thumb Code    94  timers.o(i.xTimerGenericCommand)
    xTimerPendFunctionCallFromISR            0x0800979d   Thumb Code    34  timers.o(i.xTimerPendFunctionCallFromISR)
    _get_lc_numeric                          0x080097c5   Thumb Code    44  lc_numeric_c.o(locale$$code)
    _get_lc_ctype                            0x080097f1   Thumb Code    44  lc_ctype_c.o(locale$$code)
    _fp_init                                 0x0800981d   Thumb Code    10  fpinit.o(x$fpl$fpinit)
    __fplib_config_fpu_vfp                   0x08009825   Thumb Code     0  fpinit.o(x$fpl$fpinit)
    __fplib_config_pureend_doubles           0x08009825   Thumb Code     0  fpinit.o(x$fpl$fpinit)
    _printf_fp_dec                           0x08009827   Thumb Code     4  printf1.o(x$fpl$printf1)
    __I$use$fp                               0x0800982a   Number         0  usenofp.o(x$fpl$usenofp)
    word_suc                                 0x0800982c   Data           2  main.o(.constdata)
    word                                     0x0800982e   Data           4  main.o(.constdata)
    word_error                               0x08009832   Data           4  main.o(.constdata)
    F6x8                                     0x080099d0   Data         552  oled.o(.constdata)
    F8X16                                    0x08009bf8   Data        1520  oled.o(.constdata)
    Region$$Table$$Base                      0x0800a614   Number         0  anon$$obj.o(Region$$Table)
    Region$$Table$$Limit                     0x0800a634   Number         0  anon$$obj.o(Region$$Table)
    __ctype                                  0x0800a65d   Data           0  lc_ctype_c.o(locale$$data)
    oled_show_time                           0x20000000   Data           1  main.o(.data)
    rfid                                     0x20000001   Data           1  main.o(.data)
    sfm                                      0x20000002   Data           1  main.o(.data)
    app_task_init_handle                     0x20000004   Data           4  main.o(.data)
    app_task_rtc_handle                      0x20000008   Data           4  main.o(.data)
    app_task_pass_man_handle                 0x2000000c   Data           4  main.o(.data)
    app_task_mfrc522_handle                  0x20000010   Data           4  main.o(.data)
    app_task_mfrc522_other_handle            0x20000014   Data           4  main.o(.data)
    app_task_sfm_handle                      0x20000018   Data           4  main.o(.data)
    g_pass_man_what                          0x2000001c   Data           4  main.o(.data)
    pass_modify_sta                          0x20000020   Data           4  main.o(.data)
    g_event_group                            0x2000002c   Data           4  main.o(.data)
    g_event_group2_handle                    0x20000030   Data           4  main.o(.data)
    g_mutex_printf                           0x20000034   Data           4  main.o(.data)
    g_mutex_oled                             0x20000038   Data           4  main.o(.data)
    g_queue_usart1                           0x2000003c   Data           4  main.o(.data)
    g_queue_oled                             0x20000040   Data           4  main.o(.data)
    g_queue_menu                             0x20000044   Data           4  main.o(.data)
    g_queue_kbd                              0x20000048   Data           4  main.o(.data)
    g_queue_beep                             0x2000004c   Data           4  main.o(.data)
    g_queue_led                              0x20000050   Data           4  main.o(.data)
    g_queue_mfrc522                          0x20000054   Data           4  main.o(.data)
    g_queue_sfm                              0x20000058   Data           4  main.o(.data)
    g_queue_esp8266                          0x2000005c   Data           4  main.o(.data)
    g_queue_motor                            0x20000060   Data           4  main.o(.data)
    g_queue_mp3                              0x20000064   Data           4  main.o(.data)
    clear_rfid                               0x20000068   Data           5  main.o(.data)
    Read_RFID_Card                           0x2000006d   Data           6  main.o(.data)
    Read_RFID_Card_EEPROM                    0x20000073   Data           6  main.o(.data)
    menu_main                                0x2000007c   Data          80  main.o(.data)
    app_task_oled_handle                     0x200000cc   Data           4  main.o(.data)
    app_task_usart1_handle                   0x200000d0   Data           4  main.o(.data)
    app_task_menu_handle                     0x200000d4   Data           4  main.o(.data)
    app_task_key_handle                      0x200000d8   Data           4  main.o(.data)
    app_task_kbd_handle                      0x200000dc   Data           4  main.o(.data)
    app_task_esp8266_handle                  0x200000e0   Data           4  main.o(.data)
    app_task_led_handle                      0x200000e4   Data           4  main.o(.data)
    app_task_beep_handle                     0x200000e8   Data           4  main.o(.data)
    app_task_send_heart_handle               0x200000ec   Data           4  main.o(.data)
    app_task_motor_handle                    0x200000f0   Data           4  main.o(.data)
    app_task_mp3_handle                      0x200000f4   Data           4  main.o(.data)
    lock                                     0x200000f8   Data           1  main.o(.data)
    SystemCoreClock                          0x200002fc   Data           4  system_stm32f4xx.o(.data)
    AHBPrescTable                            0x20000300   Data          16  system_stm32f4xx.o(.data)
    Hzk                                      0x20000310   Data         832  oled.o(.data)
    g_esp8266_rx_cnt                         0x20000650   Data           4  esp8266.o(.data)
    g_esp8266_transparent_transmission_sta   0x20000654   Data           4  esp8266.o(.data)
    USART2_STA                               0x20000658   Data           1  sfm.o(.data)
    g_fpm_touch_event                        0x2000065c   Data           4  sfm.o(.data)
    g_mqtt_tx_len                            0x20000684   Data           4  esp8266_mqtt.o(.data)
    __stdout                                 0x200006a0   Data           4  usart.o(.data)
    pxCurrentTCB                             0x200006b4   Data           4  tasks.o(.data)
    g_esp8266_tx_buf                         0x20000738   Data         512  esp8266.o(.bss)
    g_esp8266_rx_buf                         0x20000938   Data         512  esp8266.o(.bss)
    g_mqtt_msg                               0x20000b84   Data         526  esp8266_mqtt.o(.bss)
    xQueueRegistry                           0x20000de8   Data          64  queue.o(.bss)
    __libspace_start                         0x20013d34   Data          96  libspace.o(.bss)
    __temporary_stack_top$libspace           0x20013d94   Data           0  libspace.o(.bss)



==============================================================================

Memory Map of the image

  Image Entry point : 0x08000189

  Load Region LR_IROM1 (Base: 0x08000000, Size: 0x0000ae88, Max: 0x00080000, ABSOLUTE, COMPRESSED[0x0000a9a4])

    Execution Region ER_IROM1 (Base: 0x08000000, Size: 0x0000a760, Max: 0x00080000, ABSOLUTE)

    Base Addr    Size         Type   Attr      Idx    E Section Name        Object

    0x08000000   0x00000188   Data   RO         1782    RESET               startup_stm32f40_41xxx.o
    0x08000188   0x00000008   Code   RO         5011  * !!!main             c_w.l(__main.o)
    0x08000190   0x00000034   Code   RO         5286    !!!scatter          c_w.l(__scatter.o)
    0x080001c4   0x0000005a   Code   RO         5284    !!dczerorl2         c_w.l(__dczerorl2.o)
    0x0800021e   0x00000002   PAD
    0x08000220   0x0000001c   Code   RO         5288    !!handler_zi        c_w.l(__scatter_zi.o)
    0x0800023c   0x00000000   Code   RO         4984    .ARM.Collect$$_printf_percent$$00000000  c_w.l(_printf_percent.o)
    0x0800023c   0x00000006   Code   RO         5041    .ARM.Collect$$_printf_percent$$00000001  c_w.l(_printf_n.o)
    0x08000242   0x00000006   Code   RO         5042    .ARM.Collect$$_printf_percent$$00000002  c_w.l(_printf_p.o)
    0x08000248   0x00000006   Code   RO         5046    .ARM.Collect$$_printf_percent$$00000003  c_w.l(_printf_f.o)
    0x0800024e   0x00000006   Code   RO         5047    .ARM.Collect$$_printf_percent$$00000004  c_w.l(_printf_e.o)
    0x08000254   0x00000006   Code   RO         5048    .ARM.Collect$$_printf_percent$$00000005  c_w.l(_printf_g.o)
    0x0800025a   0x00000006   Code   RO         5049    .ARM.Collect$$_printf_percent$$00000006  c_w.l(_printf_a.o)
    0x08000260   0x0000000a   Code   RO         5054    .ARM.Collect$$_printf_percent$$00000007  c_w.l(_printf_ll.o)
    0x0800026a   0x00000006   Code   RO         5044    .ARM.Collect$$_printf_percent$$00000008  c_w.l(_printf_i.o)
    0x08000270   0x00000006   Code   RO         4983    .ARM.Collect$$_printf_percent$$00000009  c_w.l(_printf_d.o)
    0x08000276   0x00000006   Code   RO         5045    .ARM.Collect$$_printf_percent$$0000000A  c_w.l(_printf_u.o)
    0x0800027c   0x00000006   Code   RO         5043    .ARM.Collect$$_printf_percent$$0000000B  c_w.l(_printf_o.o)
    0x08000282   0x00000006   Code   RO         4982    .ARM.Collect$$_printf_percent$$0000000C  c_w.l(_printf_x.o)
    0x08000288   0x00000006   Code   RO         5051    .ARM.Collect$$_printf_percent$$0000000D  c_w.l(_printf_lli.o)
    0x0800028e   0x00000006   Code   RO         5052    .ARM.Collect$$_printf_percent$$0000000E  c_w.l(_printf_lld.o)
    0x08000294   0x00000006   Code   RO         5053    .ARM.Collect$$_printf_percent$$0000000F  c_w.l(_printf_llu.o)
    0x0800029a   0x00000006   Code   RO         5058    .ARM.Collect$$_printf_percent$$00000010  c_w.l(_printf_llo.o)
    0x080002a0   0x00000006   Code   RO         5059    .ARM.Collect$$_printf_percent$$00000011  c_w.l(_printf_llx.o)
    0x080002a6   0x0000000a   Code   RO         5055    .ARM.Collect$$_printf_percent$$00000012  c_w.l(_printf_l.o)
    0x080002b0   0x00000006   Code   RO         5039    .ARM.Collect$$_printf_percent$$00000013  c_w.l(_printf_c.o)
    0x080002b6   0x00000006   Code   RO         5040    .ARM.Collect$$_printf_percent$$00000014  c_w.l(_printf_s.o)
    0x080002bc   0x00000006   Code   RO         5056    .ARM.Collect$$_printf_percent$$00000015  c_w.l(_printf_lc.o)
    0x080002c2   0x00000006   Code   RO         5057    .ARM.Collect$$_printf_percent$$00000016  c_w.l(_printf_ls.o)
    0x080002c8   0x00000004   Code   RO         5050    .ARM.Collect$$_printf_percent$$00000017  c_w.l(_printf_percent_end.o)
    0x080002cc   0x00000002   Code   RO         5151    .ARM.Collect$$libinit$$00000000  c_w.l(libinit.o)
    0x080002ce   0x00000004   Code   RO         5165    .ARM.Collect$$libinit$$00000001  c_w.l(libinit2.o)
    0x080002d2   0x00000000   Code   RO         5168    .ARM.Collect$$libinit$$00000004  c_w.l(libinit2.o)
    0x080002d2   0x00000000   Code   RO         5171    .ARM.Collect$$libinit$$0000000A  c_w.l(libinit2.o)
    0x080002d2   0x00000000   Code   RO         5173    .ARM.Collect$$libinit$$0000000C  c_w.l(libinit2.o)
    0x080002d2   0x00000000   Code   RO         5175    .ARM.Collect$$libinit$$0000000E  c_w.l(libinit2.o)
    0x080002d2   0x00000006   Code   RO         5176    .ARM.Collect$$libinit$$0000000F  c_w.l(libinit2.o)
    0x080002d8   0x00000000   Code   RO         5178    .ARM.Collect$$libinit$$00000011  c_w.l(libinit2.o)
    0x080002d8   0x0000000c   Code   RO         5179    .ARM.Collect$$libinit$$00000012  c_w.l(libinit2.o)
    0x080002e4   0x00000000   Code   RO         5180    .ARM.Collect$$libinit$$00000013  c_w.l(libinit2.o)
    0x080002e4   0x00000000   Code   RO         5182    .ARM.Collect$$libinit$$00000015  c_w.l(libinit2.o)
    0x080002e4   0x0000000a   Code   RO         5183    .ARM.Collect$$libinit$$00000016  c_w.l(libinit2.o)
    0x080002ee   0x00000000   Code   RO         5184    .ARM.Collect$$libinit$$00000017  c_w.l(libinit2.o)
    0x080002ee   0x00000000   Code   RO         5186    .ARM.Collect$$libinit$$00000019  c_w.l(libinit2.o)
    0x080002ee   0x00000000   Code   RO         5188    .ARM.Collect$$libinit$$0000001B  c_w.l(libinit2.o)
    0x080002ee   0x00000000   Code   RO         5190    .ARM.Collect$$libinit$$0000001D  c_w.l(libinit2.o)
    0x080002ee   0x00000000   Code   RO         5192    .ARM.Collect$$libinit$$0000001F  c_w.l(libinit2.o)
    0x080002ee   0x00000000   Code   RO         5194    .ARM.Collect$$libinit$$00000021  c_w.l(libinit2.o)
    0x080002ee   0x00000000   Code   RO         5196    .ARM.Collect$$libinit$$00000023  c_w.l(libinit2.o)
    0x080002ee   0x00000000   Code   RO         5198    .ARM.Collect$$libinit$$00000025  c_w.l(libinit2.o)
    0x080002ee   0x00000000   Code   RO         5202    .ARM.Collect$$libinit$$0000002C  c_w.l(libinit2.o)
    0x080002ee   0x00000000   Code   RO         5204    .ARM.Collect$$libinit$$0000002E  c_w.l(libinit2.o)
    0x080002ee   0x00000000   Code   RO         5206    .ARM.Collect$$libinit$$00000030  c_w.l(libinit2.o)
    0x080002ee   0x00000000   Code   RO         5208    .ARM.Collect$$libinit$$00000032  c_w.l(libinit2.o)
    0x080002ee   0x00000002   Code   RO         5209    .ARM.Collect$$libinit$$00000033  c_w.l(libinit2.o)
    0x080002f0   0x00000002   Code   RO         5227    .ARM.Collect$$libshutdown$$00000000  c_w.l(libshutdown.o)
    0x080002f2   0x00000000   Code   RO         5238    .ARM.Collect$$libshutdown$$00000003  c_w.l(libshutdown2.o)
    0x080002f2   0x00000000   Code   RO         5241    .ARM.Collect$$libshutdown$$00000006  c_w.l(libshutdown2.o)
    0x080002f2   0x00000000   Code   RO         5244    .ARM.Collect$$libshutdown$$00000009  c_w.l(libshutdown2.o)
    0x080002f2   0x00000000   Code   RO         5246    .ARM.Collect$$libshutdown$$0000000B  c_w.l(libshutdown2.o)
    0x080002f2   0x00000000   Code   RO         5249    .ARM.Collect$$libshutdown$$0000000E  c_w.l(libshutdown2.o)
    0x080002f2   0x00000002   Code   RO         5250    .ARM.Collect$$libshutdown$$0000000F  c_w.l(libshutdown2.o)
    0x080002f4   0x00000000   Code   RO         5013    .ARM.Collect$$rtentry$$00000000  c_w.l(__rtentry.o)
    0x080002f4   0x00000000   Code   RO         5071    .ARM.Collect$$rtentry$$00000002  c_w.l(__rtentry2.o)
    0x080002f4   0x00000006   Code   RO         5083    .ARM.Collect$$rtentry$$00000004  c_w.l(__rtentry4.o)
    0x080002fa   0x00000000   Code   RO         5073    .ARM.Collect$$rtentry$$00000009  c_w.l(__rtentry2.o)
    0x080002fa   0x00000004   Code   RO         5074    .ARM.Collect$$rtentry$$0000000A  c_w.l(__rtentry2.o)
    0x080002fe   0x00000000   Code   RO         5076    .ARM.Collect$$rtentry$$0000000C  c_w.l(__rtentry2.o)
    0x080002fe   0x00000008   Code   RO         5077    .ARM.Collect$$rtentry$$0000000D  c_w.l(__rtentry2.o)
    0x08000306   0x00000002   Code   RO         5160    .ARM.Collect$$rtexit$$00000000  c_w.l(rtexit.o)
    0x08000308   0x00000000   Code   RO         5211    .ARM.Collect$$rtexit$$00000002  c_w.l(rtexit2.o)
    0x08000308   0x00000004   Code   RO         5212    .ARM.Collect$$rtexit$$00000003  c_w.l(rtexit2.o)
    0x0800030c   0x00000006   Code   RO         5213    .ARM.Collect$$rtexit$$00000004  c_w.l(rtexit2.o)
    0x08000312   0x00000002   PAD
    0x08000314   0x000000be   Code   RO         4844    .emb_text           port.o
    0x080003d2   0x00000002   PAD
    0x080003d4   0x00000040   Code   RO         1783    .text               startup_stm32f40_41xxx.o
    0x08000414   0x00000002   Code   RO         4923    .text               c_w.l(use_no_semi.o)
    0x08000416   0x00000002   PAD
    0x08000418   0x0000000c   Code   RO         4925    .text               c_w.l(c89vprintf.o)
    0x08000424   0x00000018   Code   RO         4927    .text               c_w.l(__2printf.o)
    0x0800043c   0x0000002c   Code   RO         4929    .text               c_w.l(__2sprintf.o)
    0x08000468   0x0000004e   Code   RO         4937    .text               c_w.l(_printf_pad.o)
    0x080004b6   0x00000002   PAD
    0x080004b8   0x00000078   Code   RO         4939    .text               c_w.l(_printf_dec.o)
    0x08000530   0x00000094   Code   RO         4959    .text               c_w.l(_printf_hex_int_ll_ptr.o)
    0x080005c4   0x00000188   Code   RO         4979    .text               c_w.l(__printf_flags_ss_wp.o)
    0x0800074c   0x0000003c   Code   RO         4985    .text               c_w.l(__0sscanf.o)
    0x08000788   0x0000014c   Code   RO         4987    .text               c_w.l(_scanf_int.o)
    0x080008d4   0x000000e0   Code   RO         4989    .text               c_w.l(_scanf_str.o)
    0x080009b4   0x00000024   Code   RO         4991    .text               c_w.l(strstr.o)
    0x080009d8   0x00000058   Code   RO         4993    .text               c_w.l(memcmp.o)
    0x08000a30   0x0000003e   Code   RO         4995    .text               c_w.l(strlen.o)
    0x08000a6e   0x0000008a   Code   RO         4997    .text               c_w.l(rt_memcpy_v6.o)
    0x08000af8   0x00000010   Code   RO         5001    .text               c_w.l(aeabi_memset.o)
    0x08000b08   0x00000044   Code   RO         5003    .text               c_w.l(rt_memclr.o)
    0x08000b4c   0x0000004e   Code   RO         5005    .text               c_w.l(rt_memclr_w.o)
    0x08000b9a   0x00000002   PAD
    0x08000b9c   0x00000080   Code   RO         5007    .text               c_w.l(strcmpv7m.o)
    0x08000c1c   0x00000006   Code   RO         5009    .text               c_w.l(heapauxi.o)
    0x08000c22   0x00000024   Code   RO         5014    .text               c_w.l(_printf_truncate.o)
    0x08000c46   0x00000052   Code   RO         5016    .text               c_w.l(_printf_str.o)
    0x08000c98   0x000000b2   Code   RO         5018    .text               c_w.l(_printf_intcommon.o)
    0x08000d4a   0x00000028   Code   RO         5020    .text               c_w.l(_printf_charcount.o)
    0x08000d72   0x00000002   PAD
    0x08000d74   0x00000030   Code   RO         5022    .text               c_w.l(_printf_char_common.o)
    0x08000da4   0x0000000a   Code   RO         5024    .text               c_w.l(_sputc.o)
    0x08000dae   0x00000002   PAD
    0x08000db0   0x00000024   Code   RO         5026    .text               c_w.l(_printf_char_file.o)
    0x08000dd4   0x000000bc   Code   RO         5028    .text               c_w.l(_printf_wctomb.o)
    0x08000e90   0x0000007c   Code   RO         5031    .text               c_w.l(_printf_longlong_dec.o)
    0x08000f0c   0x00000070   Code   RO         5037    .text               c_w.l(_printf_oct_int_ll.o)
    0x08000f7c   0x0000001c   Code   RO         5060    .text               c_w.l(_chval.o)
    0x08000f98   0x0000002c   Code   RO         5062    .text               c_w.l(scanf_char.o)
    0x08000fc4   0x00000040   Code   RO         5064    .text               c_w.l(_sgetc.o)
    0x08001004   0x00000064   Code   RO         5066    .text               c_w.l(rt_memcpy_w.o)
    0x08001068   0x0000008a   Code   RO         5085    .text               c_w.l(lludiv10.o)
    0x080010f2   0x00000012   Code   RO         5087    .text               c_w.l(isspace.o)
    0x08001104   0x0000041a   Code   RO         5089    .text               c_w.l(_printf_fp_dec.o)
    0x0800151e   0x0000002c   Code   RO         5093    .text               c_w.l(_printf_char.o)
    0x0800154a   0x0000002c   Code   RO         5095    .text               c_w.l(_printf_wchar.o)
    0x08001576   0x00000002   PAD
    0x08001578   0x00000374   Code   RO         5097    .text               c_w.l(_scanf.o)
    0x080018ec   0x00000008   Code   RO         5099    .text               c_w.l(ferror.o)
    0x080018f4   0x00000040   Code   RO         5103    .text               c_w.l(_wcrtomb.o)
    0x08001934   0x0000004a   Code   RO         5105    .text               c_w.l(sys_stackheap_outer.o)
    0x0800197e   0x00000002   PAD
    0x08001980   0x00000010   Code   RO         5107    .text               c_w.l(rt_ctype_table.o)
    0x08001990   0x00000008   Code   RO         5112    .text               c_w.l(rt_locale_intlibspace.o)
    0x08001998   0x00000080   Code   RO         5114    .text               c_w.l(_printf_fp_infnan.o)
    0x08001a18   0x000000dc   Code   RO         5116    .text               c_w.l(bigflt0.o)
    0x08001af4   0x0000000c   Code   RO         5144    .text               c_w.l(exit.o)
    0x08001b00   0x00000008   Code   RO         5157    .text               c_w.l(libspace.o)
    0x08001b08   0x0000003e   Code   RO         5119    CL$$btod_d2e        c_w.l(btod.o)
    0x08001b46   0x00000046   Code   RO         5121    CL$$btod_d2e_denorm_low  c_w.l(btod.o)
    0x08001b8c   0x00000060   Code   RO         5120    CL$$btod_d2e_norm_op1  c_w.l(btod.o)
    0x08001bec   0x00000338   Code   RO         5129    CL$$btod_div_common  c_w.l(btod.o)
    0x08001f24   0x000000c6   Code   RO         5126    CL$$btod_e2e        c_w.l(btod.o)
    0x08001fea   0x00000028   Code   RO         5123    CL$$btod_ediv       c_w.l(btod.o)
    0x08002012   0x00000028   Code   RO         5122    CL$$btod_emul       c_w.l(btod.o)
    0x0800203a   0x00000244   Code   RO         5128    CL$$btod_mult_common  c_w.l(btod.o)
    0x0800227e   0x0000001a   Code   RO         1208    i.AntennaOn         mfrc522.o
    0x08002298   0x00000002   Code   RO          495    i.BusFault_Handler  stm32f4xx_it.o
    0x0800229a   0x00000018   Code   RO         1210    i.ClearBitMask      mfrc522.o
    0x080022b2   0x00000002   Code   RO          496    i.DebugMon_Handler  stm32f4xx_it.o
    0x080022b4   0x0000003c   Code   RO          918    i.EXTI0_IRQHandler  key.o
    0x080022f0   0x0000003c   Code   RO          919    i.EXTI2_IRQHandler  key.o
    0x0800232c   0x0000003c   Code   RO          920    i.EXTI3_IRQHandler  key.o
    0x08002368   0x0000003c   Code   RO          921    i.EXTI4_IRQHandler  key.o
    0x080023a4   0x00000024   Code   RO         1355    i.EXTI9_5_IRQHandler  sfm.o
    0x080023c8   0x0000000c   Code   RO         3172    i.EXTI_ClearITPendingBit  stm32f4xx_exti.o
    0x080023d4   0x00000014   Code   RO         3176    i.EXTI_GetITStatus  stm32f4xx_exti.o
    0x080023e8   0x00000070   Code   RO         3177    i.EXTI_Init         stm32f4xx_exti.o
    0x08002458   0x00000078   Code   RO         1834    i.GPIO_Init         stm32f4xx_gpio.o
    0x080024d0   0x00000020   Code   RO         1835    i.GPIO_PinAFConfig  stm32f4xx_gpio.o
    0x080024f0   0x0000000e   Code   RO         1840    i.GPIO_ReadOutputDataBit  stm32f4xx_gpio.o
    0x080024fe   0x00000004   Code   RO         1842    i.GPIO_SetBits      stm32f4xx_gpio.o
    0x08002502   0x00000002   PAD
    0x08002504   0x0000012c   Code   RO         1030    i.Get_Key_Borad     keyboard.o
    0x08002630   0x0000007c   Code   RO          497    i.HardFault_Handler  stm32f4xx_it.o
    0x080026ac   0x00000038   Code   RO          717    i.IIC_Start         oled.o
    0x080026e4   0x00000030   Code   RO          718    i.IIC_Stop          oled.o
    0x08002714   0x00000030   Code   RO          719    i.IIC_Wait_Ack      oled.o
    0x08002744   0x0000005c   Code   RO         1212    i.MFRC522_Anticoll  mfrc522.o
    0x080027a0   0x0000004a   Code   RO         1215    i.MFRC522_Initializtion  mfrc522.o
    0x080027ea   0x0000002e   Code   RO         1217    i.MFRC522_Request   mfrc522.o
    0x08002818   0x00000038   Code   RO         1218    i.MFRC522_Reset     mfrc522.o
    0x08002850   0x00000098   Code   RO         1219    i.MFRC522_SPI1_Init  mfrc522.o
    0x080028e8   0x0000011a   Code   RO         1221    i.MFRC522_ToCard    mfrc522.o
    0x08002a02   0x00000002   PAD
    0x08002a04   0x00000094   Code   RO         1555    i.MOTOR_Init        motor.o
    0x08002a98   0x00000078   Code   RO         1031    i.Matrix_Keyboard_Init  keyboard.o
    0x08002b10   0x00000002   Code   RO          498    i.MemManage_Handler  stm32f4xx_it.o
    0x08002b12   0x00000002   Code   RO          499    i.NMI_Handler       stm32f4xx_it.o
    0x08002b14   0x00000016   Code   RO            3    i.NVIC_DisableIRQ   main.o
    0x08002b2a   0x00000016   Code   RO            4    i.NVIC_EnableIRQ    main.o
    0x08002b40   0x00000064   Code   RO         1789    i.NVIC_Init         misc.o
    0x08002ba4   0x00000014   Code   RO         1790    i.NVIC_PriorityGroupConfig  misc.o
    0x08002bb8   0x0000003a   Code   RO          720    i.OLED_Clear        oled.o
    0x08002bf2   0x0000001e   Code   RO          721    i.OLED_Display_Off  oled.o
    0x08002c10   0x0000001e   Code   RO          722    i.OLED_Display_On   oled.o
    0x08002c2e   0x00000040   Code   RO          723    i.OLED_DrawBMP      oled.o
    0x08002c6e   0x00000002   PAD
    0x08002c70   0x00000120   Code   RO          724    i.OLED_Init         oled.o
    0x08002d90   0x0000002a   Code   RO          726    i.OLED_Set_Pos      oled.o
    0x08002dba   0x00000002   PAD
    0x08002dbc   0x00000050   Code   RO          727    i.OLED_ShowCHinese  oled.o
    0x08002e0c   0x00000088   Code   RO          728    i.OLED_ShowChar     oled.o
    0x08002e94   0x00000036   Code   RO          730    i.OLED_ShowString   oled.o
    0x08002eca   0x0000000c   Code   RO          731    i.OLED_WR_Byte      oled.o
    0x08002ed6   0x00000002   PAD
    0x08002ed8   0x0000000c   Code   RO         3049    i.PWR_BackupAccessCmd  stm32f4xx_pwr.o
    0x08002ee4   0x00000018   Code   RO         1931    i.RCC_AHB1PeriphClockCmd  stm32f4xx_rcc.o
    0x08002efc   0x00000018   Code   RO         1940    i.RCC_APB1PeriphClockCmd  stm32f4xx_rcc.o
    0x08002f14   0x00000018   Code   RO         1943    i.RCC_APB2PeriphClockCmd  stm32f4xx_rcc.o
    0x08002f2c   0x00000090   Code   RO         1952    i.RCC_GetClocksFreq  stm32f4xx_rcc.o
    0x08002fbc   0x00000034   Code   RO         1953    i.RCC_GetFlagStatus  stm32f4xx_rcc.o
    0x08002ff0   0x0000000c   Code   RO         1963    i.RCC_LSICmd        stm32f4xx_rcc.o
    0x08002ffc   0x0000000c   Code   RO         1975    i.RCC_RTCCLKCmd     stm32f4xx_rcc.o
    0x08003008   0x00000030   Code   RO         1976    i.RCC_RTCCLKConfig  stm32f4xx_rcc.o
    0x08003038   0x00000012   Code   RO         2698    i.RTC_Bcd2ToByte    stm32f4xx_rtc.o
    0x0800304a   0x00000018   Code   RO         2700    i.RTC_ByteToBcd2    stm32f4xx_rtc.o
    0x08003062   0x00000002   PAD
    0x08003064   0x0000001c   Code   RO         2704    i.RTC_ClearITPendingBit  stm32f4xx_rtc.o
    0x08003080   0x0000003c   Code   RO         2710    i.RTC_EnterInitMode  stm32f4xx_rtc.o
    0x080030bc   0x00000010   Code   RO         2711    i.RTC_ExitInitMode  stm32f4xx_rtc.o
    0x080030cc   0x0000004c   Code   RO         2714    i.RTC_GetDate       stm32f4xx_rtc.o
    0x08003118   0x00000038   Code   RO         2716    i.RTC_GetITStatus   stm32f4xx_rtc.o
    0x08003150   0x00000050   Code   RO         2719    i.RTC_GetTime       stm32f4xx_rtc.o
    0x080031a0   0x00000040   Code   RO         2723    i.RTC_ITConfig      stm32f4xx_rtc.o
    0x080031e0   0x00000050   Code   RO         2724    i.RTC_Init          stm32f4xx_rtc.o
    0x08003230   0x00000098   Code   RO         2730    i.RTC_SetDate       stm32f4xx_rtc.o
    0x080032c8   0x000000a0   Code   RO         2731    i.RTC_SetTime       stm32f4xx_rtc.o
    0x08003368   0x0000001c   Code   RO         2732    i.RTC_SetWakeUpCounter  stm32f4xx_rtc.o
    0x08003384   0x00000060   Code   RO          873    i.RTC_WKUP_IRQHandler  rtc.o
    0x080033e4   0x0000004c   Code   RO         2747    i.RTC_WaitForSynchro  stm32f4xx_rtc.o
    0x08003430   0x00000028   Code   RO         2748    i.RTC_WakeUpClockConfig  stm32f4xx_rtc.o
    0x08003458   0x00000058   Code   RO         2749    i.RTC_WakeUpCmd     stm32f4xx_rtc.o
    0x080034b0   0x0000002c   Code   RO         1223    i.Read_MFRC522      mfrc522.o
    0x080034dc   0x00000006   Code   RO         1224    i.SPI3_Receive      mfrc522.o
    0x080034e2   0x00000002   PAD
    0x080034e4   0x00000030   Code   RO         3236    i.SYSCFG_EXTILineConfig  stm32f4xx_syscfg.o
    0x08003514   0x00000018   Code   RO         1226    i.SetBitMask        mfrc522.o
    0x0800352c   0x000000b4   Code   RO          610    i.SetSysClock       system_stm32f4xx.o
    0x080035e0   0x00000018   Code   RO         1793    i.SysTick_CLKSourceConfig  misc.o
    0x080035f8   0x0000002c   Code   RO         4845    i.SysTick_Handler   port.o
    0x08003624   0x0000005c   Code   RO          612    i.SystemInit        system_stm32f4xx.o
    0x08003680   0x00000044   Code   RO         1356    i.TIM3_IRQHandler   sfm.o
    0x080036c4   0x00000006   Code   RO         3298    i.TIM_ClearITPendingBit  stm32f4xx_tim.o
    0x080036ca   0x00000014   Code   RO         3303    i.TIM_Cmd           stm32f4xx_tim.o
    0x080036de   0x00000016   Code   RO         3305    i.TIM_CtrlPWMOutputs  stm32f4xx_tim.o
    0x080036f4   0x00000018   Code   RO         3324    i.TIM_GetITStatus   stm32f4xx_tim.o
    0x0800370c   0x00000010   Code   RO         3328    i.TIM_ITConfig      stm32f4xx_tim.o
    0x0800371c   0x0000007c   Code   RO         3342    i.TIM_OC3Init       stm32f4xx_tim.o
    0x08003798   0x00000004   Code   RO         3367    i.TIM_SetCompare3   stm32f4xx_tim.o
    0x0800379c   0x0000007c   Code   RO         3375    i.TIM_TimeBaseInit  stm32f4xx_tim.o
    0x08003818   0x0000009c   Code   RO         1692    i.USART1_IRQHandler  usart.o
    0x080038b4   0x0000004c   Code   RO         1357    i.USART2_IRQHandler  sfm.o
    0x08003900   0x000000ac   Code   RO         1693    i.USART3_IRQHandler  usart.o
    0x080039ac   0x0000000c   Code   RO         2266    i.USART_ClearITPendingBit  stm32f4xx_usart.o
    0x080039b8   0x00000014   Code   RO         2269    i.USART_Cmd         stm32f4xx_usart.o
    0x080039cc   0x0000000e   Code   RO         2272    i.USART_GetFlagStatus  stm32f4xx_usart.o
    0x080039da   0x0000003e   Code   RO         2273    i.USART_GetITStatus  stm32f4xx_usart.o
    0x08003a18   0x00000030   Code   RO         2275    i.USART_ITConfig    stm32f4xx_usart.o
    0x08003a48   0x000000ac   Code   RO         2276    i.USART_Init        stm32f4xx_usart.o
    0x08003af4   0x00000008   Code   RO         2283    i.USART_ReceiveData  stm32f4xx_usart.o
    0x08003afc   0x00000008   Code   RO         2286    i.USART_SendData    stm32f4xx_usart.o
    0x08003b04   0x00000002   Code   RO          500    i.UsageFault_Handler  stm32f4xx_it.o
    0x08003b06   0x00000002   PAD
    0x08003b08   0x0000005c   Code   RO          732    i.Write_IIC_Byte    oled.o
    0x08003b64   0x0000002e   Code   RO          733    i.Write_IIC_Command  oled.o
    0x08003b92   0x0000002e   Code   RO          734    i.Write_IIC_Data    oled.o
    0x08003bc0   0x0000002c   Code   RO         1227    i.Write_MFRC522     mfrc522.o
    0x08003bec   0x00000030   Code   RO         5155    i.__ARM_fpclassify  m_wm.l(fpclassify.o)
    0x08003c1c   0x0000000e   Code   RO         4972    i._is_digit         c_w.l(__printf_wp.o)
    0x08003c2a   0x00000002   Code   RO         1694    i._sys_exit         usart.o
    0x08003c2c   0x00000068   Code   RO            5    i.app_task_beep     main.o
    0x08003c94   0x00000108   Code   RO            6    i.app_task_esp8266  main.o
    0x08003d9c   0x00000140   Code   RO            7    i.app_task_init     main.o
    0x08003edc   0x000000bc   Code   RO            8    i.app_task_kbd      main.o
    0x08003f98   0x000002cc   Code   RO            9    i.app_task_key      main.o
    0x08004264   0x0000006c   Code   RO           10    i.app_task_led      main.o
    0x080042d0   0x00000130   Code   RO           11    i.app_task_menu     main.o
    0x08004400   0x000000a8   Code   RO           12    i.app_task_mfrc522  main.o
    0x080044a8   0x00000188   Code   RO           13    i.app_task_mfrc522_other  main.o
    0x08004630   0x00000064   Code   RO           14    i.app_task_motor    main.o
    0x08004694   0x000000e4   Code   RO           15    i.app_task_mp3      main.o
    0x08004778   0x000000e8   Code   RO           16    i.app_task_oled     main.o
    0x08004860   0x000000b4   Code   RO           17    i.app_task_pass_fun  main.o
    0x08004914   0x00000728   Code   RO           18    i.app_task_pass_man  main.o
    0x0800503c   0x00000118   Code   RO           19    i.app_task_rfid_fun  main.o
    0x08005154   0x000000fc   Code   RO           20    i.app_task_rtc      main.o
    0x08005250   0x000000a4   Code   RO           21    i.app_task_rtc_fun  main.o
    0x080052f4   0x0000001c   Code   RO           22    i.app_task_send_heart  main.o
    0x08005310   0x000003ac   Code   RO           23    i.app_task_sfm      main.o
    0x080056bc   0x000000cc   Code   RO           24    i.app_task_sfm_fun  main.o
    0x08005788   0x00000258   Code   RO           25    i.app_task_usart1   main.o
    0x080059e0   0x00000044   Code   RO          962    i.at24c02_init      eeprom.o
    0x08005a24   0x000000b8   Code   RO          963    i.at24c02_read      eeprom.o
    0x08005adc   0x000000c8   Code   RO          964    i.at24c02_write     eeprom.o
    0x08005ba4   0x00000040   Code   RO         1187    i.beep_init         beep.o
    0x08005be4   0x00000014   Code   RO         1358    i.check_sum         sfm.o
    0x08005bf8   0x00000038   Code   RO         1631    i.delay_init        delay.o
    0x08005c30   0x00000038   Code   RO         1632    i.delay_ms          delay.o
    0x08005c68   0x00000034   Code   RO         1633    i.delay_us          delay.o
    0x08005c9c   0x00000030   Code   RO           26    i.dgb_printf_safe   main.o
    0x08005ccc   0x00000040   Code   RO          681    i.dht11_init        dh11.o
    0x08005d0c   0x000000b4   Code   RO         1063    i.esp8266_connect_ap  esp8266.o
    0x08005dc0   0x000000b0   Code   RO         1064    i.esp8266_connect_server  esp8266.o
    0x08005e70   0x00000038   Code   RO         1067    i.esp8266_enable_echo  esp8266.o
    0x08005ea8   0x0000006c   Code   RO         1069    i.esp8266_entry_transparent_transmission  esp8266.o
    0x08005f14   0x00000020   Code   RO         1070    i.esp8266_exit_transparent_transmission  esp8266.o
    0x08005f34   0x00000030   Code   RO         1071    i.esp8266_find_str_in_rx_packet  esp8266.o
    0x08005f64   0x00000008   Code   RO         1072    i.esp8266_init      esp8266.o
    0x08005f6c   0x00000424   Code   RO         1474    i.esp8266_mqtt_init  esp8266_mqtt.o
    0x08006390   0x0000002c   Code   RO         1073    i.esp8266_reset     esp8266.o
    0x080063bc   0x00000028   Code   RO         1075    i.esp8266_send_at   esp8266.o
    0x080063e4   0x00000004   Code   RO         1076    i.esp8266_send_bytes  esp8266.o
    0x080063e8   0x0000002c   Code   RO         1359    i.fpm_ctrl_led      sfm.o
    0x08006414   0x000000c8   Code   RO         1360    i.fpm_empty         sfm.o
    0x080064dc   0x0000014c   Code   RO         1361    i.fpm_enroll_auto   sfm.o
    0x08006628   0x000000e8   Code   RO         1363    i.fpm_id_total      sfm.o
    0x08006710   0x000001a4   Code   RO         1364    i.fpm_idenify_auto  sfm.o
    0x080068b4   0x00000016   Code   RO         1365    i.fpm_init          sfm.o
    0x080068ca   0x00000002   PAD
    0x080068cc   0x0000003c   Code   RO         1366    i.fpm_send_data     sfm.o
    0x08006908   0x00000020   Code   RO         1367    i.fpm_sleep         sfm.o
    0x08006928   0x00000024   Code   RO         1695    i.fputc             usart.o
    0x0800694c   0x00000050   Code   RO          965    i.i2c_ack           eeprom.o
    0x0800699c   0x00000048   Code   RO          966    i.i2c_recv_byte     eeprom.o
    0x080069e4   0x0000005c   Code   RO          967    i.i2c_send_byte     eeprom.o
    0x08006a40   0x00000038   Code   RO          968    i.i2c_start         eeprom.o
    0x08006a78   0x00000030   Code   RO          969    i.i2c_stop          eeprom.o
    0x08006aa8   0x00000038   Code   RO          970    i.i2c_wait_ack      eeprom.o
    0x08006ae0   0x00000030   Code   RO           27    i.item_cursor_show  main.o
    0x08006b10   0x000000f8   Code   RO          922    i.key_init          key.o
    0x08006c08   0x00000078   Code   RO          648    i.led_init          led.o
    0x08006c80   0x0000004c   Code   RO           28    i.main              main.o
    0x08006ccc   0x00000012   Code   RO           29    i.menu_item_total   main.o
    0x08006cde   0x00000002   PAD
    0x08006ce0   0x0000009c   Code   RO           30    i.menu_show         main.o
    0x08006d7c   0x00000024   Code   RO         1556    i.motor_corotation_double_pos  motor.o
    0x08006da0   0x00000024   Code   RO         1557    i.motor_corotation_double_rev  motor.o
    0x08006dc4   0x0000001c   Code   RO           31    i.motor_run         main.o
    0x08006de0   0x00000084   Code   RO         1611    i.mp3_init          mp3.o
    0x08006e64   0x0000001c   Code   RO           32    i.mp3_run           main.o
    0x08006e80   0x00000294   Code   RO         1475    i.mqtt_connect      esp8266_mqtt.o
    0x08007114   0x000000b8   Code   RO         1477    i.mqtt_publish_data  esp8266_mqtt.o
    0x080071cc   0x0000007c   Code   RO         1478    i.mqtt_report_devices_status  esp8266_mqtt.o
    0x08007248   0x00000004   Code   RO         1479    i.mqtt_send_bytes   esp8266_mqtt.o
    0x0800724c   0x000000b4   Code   RO         1480    i.mqtt_send_heart   esp8266_mqtt.o
    0x08007300   0x000001bc   Code   RO         1481    i.mqtt_subscribe_topic  esp8266_mqtt.o
    0x080074bc   0x00000070   Code   RO         4335    i.prvAddCurrentTaskToDelayedList  tasks.o
    0x0800752c   0x000000d0   Code   RO         4336    i.prvAddNewTaskToReadyList  tasks.o
    0x080075fc   0x00000050   Code   RO         4665    i.prvCheckForValidListAndQueue  timers.o
    0x0800764c   0x00000026   Code   RO         3993    i.prvCopyDataFromQueue  queue.o
    0x08007672   0x0000006c   Code   RO         3994    i.prvCopyDataToQueue  queue.o
    0x080076de   0x00000014   Code   RO         4337    i.prvDeleteTCB      tasks.o
    0x080076f2   0x00000002   PAD
    0x080076f4   0x0000004c   Code   RO         4795    i.prvHeapInit       heap_4.o
    0x08007740   0x00000060   Code   RO         4338    i.prvIdleTask       tasks.o
    0x080077a0   0x0000009c   Code   RO         4339    i.prvInitialiseNewTask  tasks.o
    0x0800783c   0x0000004c   Code   RO         4796    i.prvInsertBlockIntoFreeList  heap_4.o
    0x08007888   0x00000038   Code   RO         4666    i.prvInsertTimerInActiveList  timers.o
    0x080078c0   0x0000001a   Code   RO         3995    i.prvIsQueueEmpty   queue.o
    0x080078da   0x00000002   PAD
    0x080078dc   0x000000c4   Code   RO         4667    i.prvProcessReceivedCommands  timers.o
    0x080079a0   0x000000b4   Code   RO         4668    i.prvProcessTimerOrBlockTask  timers.o
    0x08007a54   0x00000020   Code   RO         4341    i.prvResetNextTaskUnblockTime  tasks.o
    0x08007a74   0x00000028   Code   RO         4669    i.prvSampleTimeNow  timers.o
    0x08007a9c   0x0000006c   Code   RO         4670    i.prvSwitchTimerLists  timers.o
    0x08007b08   0x00000028   Code   RO         4846    i.prvTaskExitError  port.o
    0x08007b30   0x00000034   Code   RO         4342    i.prvTaskIsTaskSuspended  tasks.o
    0x08007b64   0x00000014   Code   RO         3843    i.prvTestWaitCondition  event_groups.o
    0x08007b78   0x00000028   Code   RO         4671    i.prvTimerTask      timers.o
    0x08007ba0   0x0000006a   Code   RO         3996    i.prvUnlockQueue    queue.o
    0x08007c0a   0x00000002   PAD
    0x08007c0c   0x000000dc   Code   RO         4797    i.pvPortMalloc      heap_4.o
    0x08007ce8   0x00000018   Code   RO         4343    i.pvTaskIncrementMutexHeldCount  tasks.o
    0x08007d00   0x0000002c   Code   RO         4847    i.pxPortInitialiseStack  port.o
    0x08007d2c   0x0000005c   Code   RO         1228    i.rc522_spi_send    mfrc522.o
    0x08007d88   0x00000100   Code   RO           33    i.respond           main.o
    0x08007e88   0x000000e6   Code   RO          874    i.rtc_init          rtc.o
    0x08007f6e   0x00000002   PAD
    0x08007f70   0x00000028   Code   RO          737    i.sda_pin_mode      oled.o
    0x08007f98   0x0000002c   Code   RO          971    i.sda_pin_mode      eeprom.o
    0x08007fc4   0x0000005c   Code   RO         1369    i.tim3_init         sfm.o
    0x08008020   0x000000a0   Code   RO         1696    i.usart1_init       usart.o
    0x080080c0   0x0000009c   Code   RO         1697    i.usart2_init       usart.o
    0x0800815c   0x00000054   Code   RO         1370    i.usart2_printf_recv_buf  sfm.o
    0x080081b0   0x000000a0   Code   RO         1698    i.usart3_init       usart.o
    0x08008250   0x0000002c   Code   RO         1699    i.usart3_send_bytes  usart.o
    0x0800827c   0x00000028   Code   RO         1700    i.usart3_send_str   usart.o
    0x080082a4   0x00000026   Code   RO         3953    i.uxListRemove      list.o
    0x080082ca   0x00000002   PAD
    0x080082cc   0x00000018   Code   RO         4350    i.uxTaskResetEventItemValue  tasks.o
    0x080082e4   0x00000002   Code   RO           34    i.vApplicationIdleHook  main.o
    0x080082e6   0x00000010   Code   RO           35    i.vApplicationMallocFailedHook  main.o
    0x080082f6   0x00000010   Code   RO           36    i.vApplicationStackOverflowHook  main.o
    0x08008306   0x00000002   Code   RO           37    i.vApplicationTickHook  main.o
    0x08008308   0x00000004   Code   RO         3847    i.vEventGroupSetBitsCallback  event_groups.o
    0x0800830c   0x00000016   Code   RO         3954    i.vListInitialise   list.o
    0x08008322   0x00000006   Code   RO         3955    i.vListInitialiseItem  list.o
    0x08008328   0x00000030   Code   RO         3956    i.vListInsert       list.o
    0x08008358   0x00000018   Code   RO         3957    i.vListInsertEnd    list.o
    0x08008370   0x00000040   Code   RO         4849    i.vPortEnterCritical  port.o
    0x080083b0   0x00000028   Code   RO         4850    i.vPortExitCritical  port.o
    0x080083d8   0x0000005c   Code   RO         4798    i.vPortFree         heap_4.o
    0x08008434   0x00000024   Code   RO         4851    i.vPortSetupTimerInterrupt  port.o
    0x08008458   0x00000054   Code   RO         4852    i.vPortValidateInterruptPriority  port.o
    0x080084ac   0x00000024   Code   RO         4002    i.vQueueAddToRegistry  queue.o
    0x080084d0   0x00000044   Code   RO         4006    i.vQueueWaitForMessageRestricted  queue.o
    0x08008514   0x0000004c   Code   RO         4351    i.vTaskDelay        tasks.o
    0x08008560   0x000000ac   Code   RO         4353    i.vTaskDelete       tasks.o
    0x0800860c   0x00000010   Code   RO         4356    i.vTaskInternalSetTimeOutState  tasks.o
    0x0800861c   0x0000000c   Code   RO         4357    i.vTaskMissedYield  tasks.o
    0x08008628   0x00000030   Code   RO         4359    i.vTaskPlaceOnEventList  tasks.o
    0x08008658   0x00000038   Code   RO         4360    i.vTaskPlaceOnEventListRestricted  tasks.o
    0x08008690   0x0000004c   Code   RO         4361    i.vTaskPlaceOnUnorderedEventList  tasks.o
    0x080086dc   0x000000ac   Code   RO         4362    i.vTaskPriorityDisinheritAfterTimeout  tasks.o
    0x08008788   0x00000070   Code   RO         4364    i.vTaskRemoveFromUnorderedEventList  tasks.o
    0x080087f8   0x0000007c   Code   RO         4365    i.vTaskResume       tasks.o
    0x08008874   0x00000070   Code   RO         4368    i.vTaskStartScheduler  tasks.o
    0x080088e4   0x000000bc   Code   RO         4369    i.vTaskSuspend      tasks.o
    0x080089a0   0x00000010   Code   RO         4370    i.vTaskSuspendAll   tasks.o
    0x080089b0   0x00000088   Code   RO         4371    i.vTaskSwitchContext  tasks.o
    0x08008a38   0x0000001a   Code   RO         3851    i.xEventGroupCreate  event_groups.o
    0x08008a52   0x0000008c   Code   RO         3853    i.xEventGroupSetBits  event_groups.o
    0x08008ade   0x00000002   PAD
    0x08008ae0   0x00000010   Code   RO         3854    i.xEventGroupSetBitsFromISR  event_groups.o
    0x08008af0   0x00000108   Code   RO         3856    i.xEventGroupWaitBits  event_groups.o
    0x08008bf8   0x000000f4   Code   RO         4853    i.xPortStartScheduler  port.o
    0x08008cec   0x00000024   Code   RO         4008    i.xQueueCreateMutex  queue.o
    0x08008d10   0x00000052   Code   RO         4009    i.xQueueGenericCreate  queue.o
    0x08008d62   0x00000002   PAD
    0x08008d64   0x00000088   Code   RO         4010    i.xQueueGenericReset  queue.o
    0x08008dec   0x00000164   Code   RO         4011    i.xQueueGenericSend  queue.o
    0x08008f50   0x000000bc   Code   RO         4012    i.xQueueGenericSendFromISR  queue.o
    0x0800900c   0x00000138   Code   RO         4019    i.xQueueReceive     queue.o
    0x08009144   0x00000178   Code   RO         4021    i.xQueueSemaphoreTake  queue.o
    0x080092bc   0x00000074   Code   RO         4372    i.xTaskCheckForTimeOut  tasks.o
    0x08009330   0x00000056   Code   RO         4373    i.xTaskCreate       tasks.o
    0x08009386   0x00000002   PAD
    0x08009388   0x0000001c   Code   RO         4377    i.xTaskGetSchedulerState  tasks.o
    0x080093a4   0x0000000c   Code   RO         4378    i.xTaskGetTickCount  tasks.o
    0x080093b0   0x000000d4   Code   RO         4380    i.xTaskIncrementTick  tasks.o
    0x08009484   0x00000098   Code   RO         4383    i.xTaskPriorityDisinherit  tasks.o
    0x0800951c   0x00000094   Code   RO         4384    i.xTaskPriorityInherit  tasks.o
    0x080095b0   0x00000078   Code   RO         4385    i.xTaskRemoveFromEventList  tasks.o
    0x08009628   0x000000c4   Code   RO         4386    i.xTaskResumeAll    tasks.o
    0x080096ec   0x0000004c   Code   RO         4677    i.xTimerCreateTimerTask  timers.o
    0x08009738   0x00000064   Code   RO         4678    i.xTimerGenericCommand  timers.o
    0x0800979c   0x00000028   Code   RO         4684    i.xTimerPendFunctionCallFromISR  timers.o
    0x080097c4   0x0000002c   Code   RO         5142    locale$$code        c_w.l(lc_numeric_c.o)
    0x080097f0   0x0000002c   Code   RO         5163    locale$$code        c_w.l(lc_ctype_c.o)
    0x0800981c   0x0000000a   Code   RO         5219    x$fpl$fpinit        fz_wm.l(fpinit.o)
    0x08009826   0x00000004   Code   RO         5068    x$fpl$printf1       fz_wm.l(printf1.o)
    0x0800982a   0x00000000   Code   RO         5154    x$fpl$usenofp       fz_wm.l(usenofp.o)
    0x0800982a   0x00000002   PAD
    0x0800982c   0x000001a4   Data   RO           39    .constdata          main.o
    0x080099d0   0x00000818   Data   RO          738    .constdata          oled.o
    0x0800a1e8   0x00000030   Data   RO         1372    .constdata          sfm.o
    0x0800a218   0x00000028   Data   RO         4960    .constdata          c_w.l(_printf_hex_int_ll_ptr.o)
    0x0800a240   0x00000011   Data   RO         4980    .constdata          c_w.l(__printf_flags_ss_wp.o)
    0x0800a251   0x00000003   PAD
    0x0800a254   0x00000008   Data   RO         5029    .constdata          c_w.l(_printf_wctomb.o)
    0x0800a25c   0x00000094   Data   RO         5117    .constdata          c_w.l(bigflt0.o)
    0x0800a2f0   0x0000022d   Data   RO           40    .conststring        main.o
    0x0800a51d   0x00000003   PAD
    0x0800a520   0x00000016   Data   RO           41    .conststring        main.o
    0x0800a536   0x00000002   PAD
    0x0800a538   0x00000023   Data   RO           42    .conststring        main.o
    0x0800a55b   0x00000001   PAD
    0x0800a55c   0x00000033   Data   RO           43    .conststring        main.o
    0x0800a58f   0x00000001   PAD
    0x0800a590   0x00000002   Data   RO           44    .conststring        main.o
    0x0800a592   0x00000002   PAD
    0x0800a594   0x00000080   Data   RO         1484    .conststring        esp8266_mqtt.o
    0x0800a614   0x00000020   Data   RO         5282    Region$$Table       anon$$obj.o
    0x0800a634   0x0000001c   Data   RO         5141    locale$$data        c_w.l(lc_numeric_c.o)
    0x0800a650   0x00000110   Data   RO         5162    locale$$data        c_w.l(lc_ctype_c.o)


    Execution Region RW_IRAM1 (Base: 0x20000000, Size: 0x00015d98, Max: 0x00020000, ABSOLUTE, COMPRESSED[0x00000244])

    Base Addr    Size         Type   Attr      Idx    E Section Name        Object

    0x20000000   0x000000cc   Data   RW           54    .data               main.o
    0x200000cc   0x00000004   Data   RW           56    .data               main.o
    0x200000d0   0x00000004   Data   RW           57    .data               main.o
    0x200000d4   0x00000004   Data   RW           58    .data               main.o
    0x200000d8   0x00000004   Data   RW           59    .data               main.o
    0x200000dc   0x00000004   Data   RW           60    .data               main.o
    0x200000e0   0x00000004   Data   RW           61    .data               main.o
    0x200000e4   0x00000004   Data   RW           62    .data               main.o
    0x200000e8   0x00000004   Data   RW           63    .data               main.o
    0x200000ec   0x00000004   Data   RW           64    .data               main.o
    0x200000f0   0x00000004   Data   RW           65    .data               main.o
    0x200000f4   0x00000004   Data   RW           66    .data               main.o
    0x200000f8   0x00000001   Data   RW           72    .data               main.o
    0x200000f9   0x00000003   PAD
    0x200000fc   0x00000030   Data   RW           73    .data               main.o
    0x2000012c   0x00000040   Data   RW           74    .data               main.o
    0x2000016c   0x00000050   Data   RW           75    .data               main.o
    0x200001bc   0x00000020   Data   RW           76    .data               main.o
    0x200001dc   0x00000020   Data   RW           77    .data               main.o
    0x200001fc   0x00000020   Data   RW           78    .data               main.o
    0x2000021c   0x00000020   Data   RW           79    .data               main.o
    0x2000023c   0x00000020   Data   RW           80    .data               main.o
    0x2000025c   0x00000020   Data   RW           81    .data               main.o
    0x2000027c   0x00000020   Data   RW           82    .data               main.o
    0x2000029c   0x00000020   Data   RW           83    .data               main.o
    0x200002bc   0x00000020   Data   RW           84    .data               main.o
    0x200002dc   0x00000020   Data   RW           85    .data               main.o
    0x200002fc   0x00000014   Data   RW          613    .data               system_stm32f4xx.o
    0x20000310   0x00000340   Data   RW          739    .data               oled.o
    0x20000650   0x00000008   Data   RW         1080    .data               esp8266.o
    0x20000658   0x00000028   Data   RW         1373    .data               sfm.o
    0x20000680   0x00000008   Data   RW         1485    .data               esp8266_mqtt.o
    0x20000688   0x00000004   Data   RW         1634    .data               delay.o
    0x2000068c   0x00000014   Data   RW         1703    .data               usart.o
    0x200006a0   0x00000004   Data   RW         1704    .data               usart.o
    0x200006a4   0x00000010   Data   RW         1984    .data               stm32f4xx_rcc.o
    0x200006b4   0x0000003c   Data   RW         4389    .data               tasks.o
    0x200006f0   0x00000014   Data   RW         4686    .data               timers.o
    0x20000704   0x00000018   Data   RW         4803    .data               heap_4.o
    0x2000071c   0x0000000c   Data   RW         4854    .data               port.o
    0x20000728   0x00000010   Zero   RW           38    .bss                main.o
    0x20000738   0x00000200   Zero   RW         1078    .bss                esp8266.o
    0x20000938   0x00000200   Zero   RW         1079    .bss                esp8266.o
    0x20000b38   0x0000004c   Zero   RW         1371    .bss                sfm.o
    0x20000b84   0x0000020e   Zero   RW         1482    .bss                esp8266_mqtt.o
    0x20000d92   0x00000002   PAD
    0x20000d94   0x00000054   Zero   RW         1702    .bss                usart.o
    0x20000de8   0x00000040   Zero   RW         4023    .bss                queue.o
    0x20000e28   0x000002e4   Zero   RW         4388    .bss                tasks.o
    0x2000110c   0x00000028   Zero   RW         4685    .bss                timers.o
    0x20001134   0x00012c00   Zero   RW         4802    .bss                heap_4.o
    0x20013d34   0x00000060   Zero   RW         5158    .bss                c_w.l(libspace.o)
    0x20013d94   0x00000004   PAD
    0x20013d98   0x00001000   Zero   RW         1781    HEAP                startup_stm32f40_41xxx.o
    0x20014d98   0x00001000   Zero   RW         1780    STACK               startup_stm32f40_41xxx.o


==============================================================================

Image component sizes


      Code (inc. data)   RO Data    RW Data    ZI Data      Debug   Object Name

        64         10          0          0          0        572   beep.o
       164         14          0          4          0       2007   delay.o
        64         10          0          0          0        569   dh11.o
       900        188          0          0          0       6474   eeprom.o
       696        208          0          8       1024       7474   esp8266.o
      2656       1326        128          8        526       7143   esp8266_mqtt.o
       470         10          0          0          0      14244   event_groups.o
       464         22          0         24      76800       4183   heap_4.o
       488         34          0          0          0       3599   key.o
       420         18          0          0          0       1799   keyboard.o
       120         10          0          0          0        611   led.o
       138          0          0          0          0       3250   list.o
      8342       2710       1087        761         16     374538   main.o
       962         44          0          0          0       9059   mfrc522.o
       144         14          0          0          0       2093   misc.o
       220         16          0          0          0       1881   motor.o
       132         32          0          0          0        599   mp3.o
      1170         44       2072        832          0      13031   oled.o
       786         80          0         12          0      11173   port.o
      1868         22          0          0         64      14272   queue.o
       326          8          0          0          0      12435   rtc.o
      1718        646         48         40         76      10044   sfm.o
        64         26        392          0       8192        864   startup_stm32f40_41xxx.o
       144         14          0          0          0       2156   stm32f4xx_exti.o
       170          0          0          0          0       2847   stm32f4xx_gpio.o
       134         60          0          0          0       8661   stm32f4xx_it.o
        12          6          0          0          0        538   stm32f4xx_pwr.o
       340         56          0         16          0       6983   stm32f4xx_rcc.o
      1046         92          0          0          0      11107   stm32f4xx_rtc.o
        48          6          0          0          0        636   stm32f4xx_syscfg.o
       340         36          0          0          0       6386   stm32f4xx_tim.o
       344          8          0          0          0       5811   stm32f4xx_usart.o
       272         36          0         20          0       1881   system_stm32f4xx.o
      3110        256          0         60        740      27789   tasks.o
       916         90          0         20         40       9475   timers.o
       926        116          0         24         84       7866   usart.o

    ----------------------------------------------------------------------
     30216       6268       3768       1832      87564     594050   Object Totals
         0          0         32          0          0          0   (incl. Generated)
        38          0          9          3          2          0   (incl. Padding)

    ----------------------------------------------------------------------

      Code (inc. data)   RO Data    RW Data    ZI Data      Debug   Library Member Name

        60          8          0          0          0         84   __0sscanf.o
        24          4          0          0          0         84   __2printf.o
        44          6          0          0          0         84   __2sprintf.o
        90          0          0          0          0          0   __dczerorl2.o
         8          0          0          0          0         68   __main.o
       392          4         17          0          0         92   __printf_flags_ss_wp.o
        14          0          0          0          0         68   __printf_wp.o
         0          0          0          0          0          0   __rtentry.o
        12          0          0          0          0          0   __rtentry2.o
         6          0          0          0          0          0   __rtentry4.o
        52          8          0          0          0          0   __scatter.o
        28          0          0          0          0          0   __scatter_zi.o
        28          0          0          0          0         68   _chval.o
         6          0          0          0          0          0   _printf_a.o
         6          0          0          0          0          0   _printf_c.o
        44          0          0          0          0        108   _printf_char.o
        48          6          0          0          0         96   _printf_char_common.o
        36          4          0          0          0         80   _printf_char_file.o
        40          0          0          0          0         68   _printf_charcount.o
         6          0          0          0          0          0   _printf_d.o
       120         16          0          0          0         92   _printf_dec.o
         6          0          0          0          0          0   _printf_e.o
         6          0          0          0          0          0   _printf_f.o
      1050          0          0          0          0        216   _printf_fp_dec.o
       128         16          0          0          0         84   _printf_fp_infnan.o
         6          0          0          0          0          0   _printf_g.o
       148          4         40          0          0        160   _printf_hex_int_ll_ptr.o
         6          0          0          0          0          0   _printf_i.o
       178          0          0          0          0         88   _printf_intcommon.o
        10          0          0          0          0          0   _printf_l.o
         6          0          0          0          0          0   _printf_lc.o
        10          0          0          0          0          0   _printf_ll.o
         6          0          0          0          0          0   _printf_lld.o
         6          0          0          0          0          0   _printf_lli.o
         6          0          0          0          0          0   _printf_llo.o
         6          0          0          0          0          0   _printf_llu.o
         6          0          0          0          0          0   _printf_llx.o
       124         16          0          0          0         92   _printf_longlong_dec.o
         6          0          0          0          0          0   _printf_ls.o
         6          0          0          0          0          0   _printf_n.o
         6          0          0          0          0          0   _printf_o.o
       112          8          0          0          0        124   _printf_oct_int_ll.o
         6          0          0          0          0          0   _printf_p.o
        78          0          0          0          0        108   _printf_pad.o
         0          0          0          0          0          0   _printf_percent.o
         4          0          0          0          0          0   _printf_percent_end.o
         6          0          0          0          0          0   _printf_s.o
        82          0          0          0          0         80   _printf_str.o
        36          0          0          0          0         84   _printf_truncate.o
         6          0          0          0          0          0   _printf_u.o
        44          0          0          0          0        108   _printf_wchar.o
       188          6          8          0          0         92   _printf_wctomb.o
         6          0          0          0          0          0   _printf_x.o
       884          6          0          0          0        100   _scanf.o
       332          0          0          0          0         96   _scanf_int.o
       224          0          0          0          0         96   _scanf_str.o
        64          0          0          0          0         84   _sgetc.o
        10          0          0          0          0         68   _sputc.o
        64          0          0          0          0         92   _wcrtomb.o
        16          0          0          0          0         68   aeabi_memset.o
       220          4        148          0          0         96   bigflt0.o
      1910        128          0          0          0        672   btod.o
        12          4          0          0          0         68   c89vprintf.o
        12          0          0          0          0         72   exit.o
         8          0          0          0          0         68   ferror.o
         6          0          0          0          0        152   heapauxi.o
        18          0          0          0          0         76   isspace.o
        44         10        272          0          0         76   lc_ctype_c.o
        44         10         28          0          0         76   lc_numeric_c.o
         2          0          0          0          0          0   libinit.o
        34          0          0          0          0          0   libinit2.o
         2          0          0          0          0          0   libshutdown.o
         2          0          0          0          0          0   libshutdown2.o
         8          4          0          0         96         68   libspace.o
       138          0          0          0          0         80   lludiv10.o
        88          0          0          0          0         76   memcmp.o
        16          4          0          0          0         76   rt_ctype_table.o
         8          4          0          0          0         68   rt_locale_intlibspace.o
        68          0          0          0          0         68   rt_memclr.o
        78          0          0          0          0         80   rt_memclr_w.o
       138          0          0          0          0         68   rt_memcpy_v6.o
       100          0          0          0          0         80   rt_memcpy_w.o
         2          0          0          0          0          0   rtexit.o
        10          0          0          0          0          0   rtexit2.o
        44          8          0          0          0         84   scanf_char.o
       128          0          0          0          0         68   strcmpv7m.o
        62          0          0          0          0         76   strlen.o
        36          0          0          0          0         80   strstr.o
        74          0          0          0          0         80   sys_stackheap_outer.o
         2          0          0          0          0         68   use_no_semi.o
        10          0          0          0          0        116   fpinit.o
         4          0          0          0          0        116   printf1.o
         0          0          0          0          0          0   usenofp.o
        48          0          0          0          0        124   fpclassify.o

    ----------------------------------------------------------------------
      8348        288        516          0        100       5664   Library Totals
        20          0          3          0          4          0   (incl. Padding)

    ----------------------------------------------------------------------

      Code (inc. data)   RO Data    RW Data    ZI Data      Debug   Library Name

      8266        288        513          0         96       5308   c_w.l
        14          0          0          0          0        232   fz_wm.l
        48          0          0          0          0        124   m_wm.l

    ----------------------------------------------------------------------
      8348        288        516          0        100       5664   Library Totals

    ----------------------------------------------------------------------

==============================================================================


      Code (inc. data)   RO Data    RW Data    ZI Data      Debug   

     38564       6556       4284       1832      87664     569898   Grand Totals
     38564       6556       4284        580      87664     569898   ELF Image Totals (compressed)
     38564       6556       4284        580          0          0   ROM Totals

==============================================================================

    Total RO  Size (Code + RO Data)                42848 (  41.84kB)
    Total RW  Size (RW Data + ZI Data)             89496 (  87.40kB)
    Total ROM Size (Code + RO Data + RW Data)      43428 (  42.41kB)

==============================================================================

