Component: ARM Compiler 5.05 update 1 (build 106) Tool: armlink [4d0efa]

==============================================================================

Section Cross References

    main.o(i.app_task_dht) refers to _printf_percent.o(.ARM.Collect$$_printf_percent$$00000000) for _printf_percent
    main.o(i.app_task_dht) refers to _printf_d.o(.ARM.Collect$$_printf_percent$$00000009) for _printf_d
    main.o(i.app_task_dht) refers to _printf_dec.o(.text) for _printf_int_dec
    main.o(i.app_task_dht) refers to dh11.o(i.dht11_read) for dht11_read
    main.o(i.app_task_dht) refers to __2sprintf.o(.text) for __2sprintf
    main.o(i.app_task_dht) refers to queue.o(i.xQueueGenericSend) for xQueueGenericSend
    main.o(i.app_task_dht) refers to main.o(i.dgb_printf_safe) for dgb_printf_safe
    main.o(i.app_task_dht) refers to tasks.o(i.vTaskDelay) for vTaskDelay
    main.o(i.app_task_dht) refers to main.o(.data) for .data
    main.o(i.app_task_init) refers to queue.o(i.xQueueCreateMutex) for xQueueCreateMutex
    main.o(i.app_task_init) refers to event_groups.o(i.xEventGroupCreate) for xEventGroupCreate
    main.o(i.app_task_init) refers to queue.o(i.xQueueGenericCreate) for xQueueGenericCreate
    main.o(i.app_task_init) refers to dh11.o(i.dht11_init) for dht11_init
    main.o(i.app_task_init) refers to led.o(i.LED_Init) for LED_Init
    main.o(i.app_task_init) refers to oled.o(i.OLED_Init) for OLED_Init
    main.o(i.app_task_init) refers to rtc.o(i.rtc_init) for rtc_init
    main.o(i.app_task_init) refers to port.o(i.vPortEnterCritical) for vPortEnterCritical
    main.o(i.app_task_init) refers to tasks.o(i.xTaskCreate) for xTaskCreate
    main.o(i.app_task_init) refers to port.o(i.vPortExitCritical) for vPortExitCritical
    main.o(i.app_task_init) refers to tasks.o(i.vTaskDelete) for vTaskDelete
    main.o(i.app_task_init) refers to main.o(.data) for .data
    main.o(i.app_task_init) refers to main.o(.constdata) for .constdata
    main.o(i.app_task_oled) refers to oled.o(i.OLED_Clear) for OLED_Clear
    main.o(i.app_task_oled) refers to queue.o(i.xQueueReceive) for xQueueReceive
    main.o(i.app_task_oled) refers to main.o(i.dgb_printf_safe) for dgb_printf_safe
    main.o(i.app_task_oled) refers to oled.o(i.OLED_ShowString) for OLED_ShowString
    main.o(i.app_task_oled) refers to main.o(.data) for .data
    main.o(i.app_task_rtc) refers to _printf_pad.o(.text) for _printf_pre_padding
    main.o(i.app_task_rtc) refers to _printf_percent.o(.ARM.Collect$$_printf_percent$$00000000) for _printf_percent
    main.o(i.app_task_rtc) refers to _printf_x.o(.ARM.Collect$$_printf_percent$$0000000C) for _printf_x
    main.o(i.app_task_rtc) refers to _printf_hex_int_ll_ptr.o(.text) for _printf_longlong_hex
    main.o(i.app_task_rtc) refers to _printf_d.o(.ARM.Collect$$_printf_percent$$00000009) for _printf_d
    main.o(i.app_task_rtc) refers to _printf_dec.o(.text) for _printf_int_dec
    main.o(i.app_task_rtc) refers to event_groups.o(i.xEventGroupWaitBits) for xEventGroupWaitBits
    main.o(i.app_task_rtc) refers to stm32f4xx_rtc.o(i.RTC_GetTime) for RTC_GetTime
    main.o(i.app_task_rtc) refers to __2sprintf.o(.text) for __2sprintf
    main.o(i.app_task_rtc) refers to main.o(i.dgb_printf_safe) for dgb_printf_safe
    main.o(i.app_task_rtc) refers to queue.o(i.xQueueGenericSend) for xQueueGenericSend
    main.o(i.app_task_rtc) refers to stm32f4xx_rtc.o(i.RTC_GetDate) for RTC_GetDate
    main.o(i.app_task_rtc) refers to main.o(.data) for .data
    main.o(i.app_task_usart1) refers to _scanf_int.o(.text) for _scanf_int
    main.o(i.app_task_usart1) refers to main.o(i.dgb_printf_safe) for dgb_printf_safe
    main.o(i.app_task_usart1) refers to queue.o(i.xQueueReceive) for xQueueReceive
    main.o(i.app_task_usart1) refers to strstr.o(.text) for strstr
    main.o(i.app_task_usart1) refers to __0sscanf.o(.text) for __0sscanf
    main.o(i.app_task_usart1) refers to stm32f4xx_rtc.o(i.RTC_SetTime) for RTC_SetTime
    main.o(i.app_task_usart1) refers to main.o(.data) for .data
    main.o(i.dgb_printf_safe) refers to queue.o(i.xQueueSemaphoreTake) for xQueueSemaphoreTake
    main.o(i.dgb_printf_safe) refers to c89vprintf.o(.text) for __c89vprintf
    main.o(i.dgb_printf_safe) refers to queue.o(i.xQueueGenericSend) for xQueueGenericSend
    main.o(i.dgb_printf_safe) refers to main.o(.data) for .data
    main.o(i.main) refers to misc.o(i.NVIC_PriorityGroupConfig) for NVIC_PriorityGroupConfig
    main.o(i.main) refers to delay.o(i.delay_init) for delay_init
    main.o(i.main) refers to usart.o(i.uart_init) for uart_init
    main.o(i.main) refers to tasks.o(i.xTaskCreate) for xTaskCreate
    main.o(i.main) refers to tasks.o(i.vTaskStartScheduler) for vTaskStartScheduler
    main.o(i.main) refers to main.o(.data) for .data
    main.o(i.main) refers to main.o(i.app_task_init) for app_task_init
    main.o(.constdata) refers to main.o(i.app_task_dht) for app_task_dht
    main.o(.constdata) refers to main.o(.conststring) for .conststring
[...]
    pxEnd                                    0x200000ac   Data           4  heap_4.o(.data)
    xFreeBytesRemaining                      0x200000b0   Data           4  heap_4.o(.data)
    xMinimumEverFreeBytesRemaining           0x200000b4   Data           4  heap_4.o(.data)
    xBlockAllocatedBit                       0x200000b8   Data           4  heap_4.o(.data)
    xStart                                   0x200000bc   Data           8  heap_4.o(.data)
    .data                                    0x200000c4   Section       12  port.o(.data)
    ucMaxSysCallPriority                     0x200000c4   Data           1  port.o(.data)
    uxCriticalNesting                        0x200000c8   Data           4  port.o(.data)
    ulMaxPRIGROUPValue                       0x200000cc   Data           4  port.o(.data)
    .bss                                     0x200000d0   Section       65  usart.o(.bss)
    g_usart_packet                           0x200000d0   Data          65  usart.o(.bss)
    .bss                                     0x20000114   Section       64  queue.o(.bss)
    .bss                                     0x20000154   Section      740  tasks.o(.bss)
    pxReadyTasksLists                        0x20000154   Data         640  tasks.o(.bss)
    xDelayedTaskList1                        0x200003d4   Data          20  tasks.o(.bss)
    xDelayedTaskList2                        0x200003e8   Data          20  tasks.o(.bss)
    xPendingReadyList                        0x200003fc   Data          20  tasks.o(.bss)
    xTasksWaitingTermination                 0x20000410   Data          20  tasks.o(.bss)
    xSuspendedTaskList                       0x20000424   Data          20  tasks.o(.bss)
    .bss                                     0x20000438   Section       40  timers.o(.bss)
    xActiveTimerList1                        0x20000438   Data          20  timers.o(.bss)
    xActiveTimerList2                        0x2000044c   Data          20  timers.o(.bss)
    .bss                                     0x20000460   Section    76800  heap_4.o(.bss)
    ucHeap                                   0x20000460   Data       76800  heap_4.o(.bss)
    .bss                                     0x20013060   Section       96  libspace.o(.bss)
    HEAP                                     0x200130c0   Section     4096  startup_stm32f40_41xxx.o(HEAP)
    Heap_Mem                                 0x200130c0   Data        4096  startup_stm32f40_41xxx.o(HEAP)
    STACK                                    0x200140c0   Section     4096  startup_stm32f40_41xxx.o(STACK)
    Stack_Mem                                0x200140c0   Data        4096  startup_stm32f40_41xxx.o(STACK)
    __initial_sp                             0x200150c0   Data           0  startup_stm32f40_41xxx.o(STACK)

    Global Symbols

    Symbol Name                              Value     Ov Type        Size  Object(Section)

    BuildAttributes$$THM_ISAv4$E$P$D$K$B$S$7EM$VFPi3$EXTD16$VFPS$VFMA$PE$A:L22UL41UL21$X:L11$S22US41US21$IEEE1$IW$USESV6$~STKCKD$USESV7$~SHL$OTIME$ROPI$IEEEJ$EBA8$UX$STANDARDLIB$REQ8$PRES8$EABIv2 0x00000000   Number         0  anon$$obj.o ABSOLUTE
    __ARM_use_no_argv                        0x00000000   Number         0  main.o ABSOLUTE
    _printf_flags                            0x00000000   Number         0  printf_stubs.o ABSOLUTE
    _printf_return_value                     0x00000000   Number         0  printf_stubs.o ABSOLUTE
    _printf_sizespec                         0x00000000   Number         0  printf_stubs.o ABSOLUTE
    _printf_widthprec                        0x00000000   Number         0  printf_stubs.o ABSOLUTE
    __ARM_exceptions_init                     - Undefined Weak Reference
    __alloca_initialize                       - Undefined Weak Reference
    __arm_preinit_                            - Undefined Weak Reference
    __cpp_initialize__aeabi_                  - Undefined Weak Reference
    __cxa_finalize                            - Undefined Weak Reference
    __sigvec_lookup                           - Undefined Weak Reference
    _atexit_init                              - Undefined Weak Reference
    _call_atexit_fns                          - Undefined Weak Reference
    _clock_init                               - Undefined Weak Reference
    _fp_trap_init                             - Undefined Weak Reference
    _fp_trap_shutdown                         - Undefined Weak Reference
    _get_lc_collate                           - Undefined Weak Reference
    _get_lc_monetary                          - Undefined Weak Reference
    _get_lc_time                              - Undefined Weak Reference
    _getenv_init                              - Undefined Weak Reference
    _handle_redirection                       - Undefined Weak Reference
    _init_alloc                               - Undefined Weak Reference
    _init_user_alloc                          - Undefined Weak Reference
    _initio                                   - Undefined Weak Reference
    _mutex_acquire                            - Undefined Weak Reference
    _mutex_release                            - Undefined Weak Reference
    _printf_fp_hex                            - Undefined Weak Reference
    _printf_mbtowc                            - Undefined Weak Reference
    _printf_wc                                - Undefined Weak Reference
    _rand_init                                - Undefined Weak Reference
    _scanf_longlong                           - Undefined Weak Reference
    _scanf_mbtowc                             - Undefined Weak Reference
    _scanf_real                               - Undefined Weak Reference
    _scanf_string                             - Undefined Weak Reference
    _scanf_wctomb                             - Undefined Weak Reference
    _scanf_wstring                            - Undefined Weak Reference
    _signal_finish                            - Undefined Weak Reference
    _signal_init                              - Undefined Weak Reference
    _terminate_alloc                          - Undefined Weak Reference
    _terminate_user_alloc                     - Undefined Weak Reference
    _terminateio                              - Undefined Weak Reference
    __Vectors_Size                           0x00000188   Number         0  startup_stm32f40_41xxx.o ABSOLUTE
    __Vectors                                0x08000000   Data           4  startup_stm32f40_41xxx.o(RESET)
    __Vectors_End                            0x08000188   Data           0  startup_stm32f40_41xxx.o(RESET)
    __main                                   0x08000189   Thumb Code     8  __main.o(!!!main)
    __scatterload                            0x08000191   Thumb Code     0  __scatter.o(!!!scatter)
    __scatterload_rt2                        0x08000191   Thumb Code    44  __scatter.o(!!!scatter)
    __scatterload_rt2_thumb_only             0x08000191   Thumb Code     0  __scatter.o(!!!scatter)
    __scatterload_null                       0x0800019f   Thumb Code     0  __scatter.o(!!!scatter)
    __scatterload_copy                       0x080001c5   Thumb Code    26  __scatter_copy.o(!!handler_copy)
    __scatterload_zeroinit                   0x080001e1   Thumb Code    28  __scatter_zi.o(!!handler_zi)
    _printf_n                                0x080001fd   Thumb Code     0  _printf_n.o(.ARM.Collect$$_printf_percent$$00000001)
    _printf_percent                          0x080001fd   Thumb Code     0  _printf_percent.o(.ARM.Collect$$_printf_percent$$00000000)
    _printf_p                                0x08000203   Thumb Code     0  _printf_p.o(.ARM.Collect$$_printf_percent$$00000002)
    _printf_f                                0x08000209   Thumb Code     0  _printf_f.o(.ARM.Collect$$_printf_percent$$00000003)
    _printf_e                                0x0800020f   Thumb Code     0  _printf_e.o(.ARM.Collect$$_printf_percent$$00000004)
    _printf_g                                0x08000215   Thumb Code     0  _printf_g.o(.ARM.Collect$$_printf_percent$$00000005)
    _printf_a                                0x0800021b   Thumb Code     0  _printf_a.o(.ARM.Collect$$_printf_percent$$00000006)
    _printf_ll                               0x08000221   Thumb Code     0  _printf_ll.o(.ARM.Collect$$_printf_percent$$00000007)
    _printf_i                                0x0800022b   Thumb Code     0  _printf_i.o(.ARM.Collect$$_printf_percent$$00000008)
    _printf_d                                0x08000231   Thumb Code     0  _printf_d.o(.ARM.Collect$$_printf_percent$$00000009)
    _printf_u                                0x08000237   Thumb Code     0  _printf_u.o(.ARM.Collect$$_printf_percent$$0000000A)
    _printf_o                                0x0800023d   Thumb Code     0  _printf_o.o(.ARM.Collect$$_printf_percent$$0000000B)
    _printf_x                                0x08000243   Thumb Code     0  _printf_x.o(.ARM.Collect$$_printf_percent$$0000000C)
    _printf_lli                              0x08000249   Thumb Code     0  _printf_lli.o(.ARM.Collect$$_printf_percent$$0000000D)
    _printf_lld                              0x0800024f   Thumb Code     0  _printf_lld.o(.ARM.Collect$$_printf_percent$$0000000E)
    _printf_llu                              0x08000255   Thumb Code     0  _printf_llu.o(.ARM.Collect$$_printf_percent$$0000000F)
    _printf_llo                              0x0800025b   Thumb Code     0  _printf_llo.o(.ARM.Collect$$_printf_percent$$00000010)
    _printf_llx                              0x08000261   Thumb Code     0  _printf_llx.o(.ARM.Collect$$_printf_percent$$00000011)
    _printf_l                                0x08000267   Thumb Code     0  _printf_l.o(.ARM.Collect$$_printf_percent$$00000012)
    _printf_c                                0x08000271   Thumb Code     0  _printf_c.o(.ARM.Collect$$_printf_percent$$00000013)
    _printf_s                                0x08000277   Thumb Code     0  _printf_s.o(.ARM.Collect$$_printf_percent$$00000014)
    _printf_lc                               0x0800027d   Thumb Code     0  _printf_lc.o(.ARM.Collect$$_printf_percent$$00000015)
    _printf_ls                               0x08000283   Thumb Code     0  _printf_ls.o(.ARM.Collect$$_printf_percent$$00000016)
    _printf_percent_end                      0x08000289   Thumb Code     0  _printf_percent_end.o(.ARM.Collect$$_printf_percent$$00000017)
    __rt_lib_init                            0x0800028d   Thumb Code     0  libinit.o(.ARM.Collect$$libinit$$00000000)
    __rt_lib_init_fp_1                       0x0800028f   Thumb Code     0  libinit2.o(.ARM.Collect$$libinit$$00000001)
    __rt_lib_init_heap_1                     0x08000293   Thumb Code     0  libinit2.o(.ARM.Collect$$libinit$$0000000A)
    __rt_lib_init_lc_common                  0x08000293   Thumb Code     0  libinit2.o(.ARM.Collect$$libinit$$0000000F)
    __rt_lib_init_preinit_1                  0x08000293   Thumb Code     0  libinit2.o(.ARM.Collect$$libinit$$00000004)
    __rt_lib_init_rand_1                     0x08000293   Thumb Code     0  libinit2.o(.ARM.Collect$$libinit$$0000000E)
    __rt_lib_init_user_alloc_1               0x08000293   Thumb Code     0  libinit2.o(.ARM.Collect$$libinit$$0000000C)
    __rt_lib_init_lc_collate_1               0x08000299   Thumb Code     0  libinit2.o(.ARM.Collect$$libinit$$00000011)
    __rt_lib_init_lc_ctype_2                 0x08000299   Thumb Code     0  libinit2.o(.ARM.Collect$$libinit$$00000012)
    __rt_lib_init_lc_ctype_1                 0x080002a5   Thumb Code     0  libinit2.o(.ARM.Collect$$libinit$$00000013)
    __rt_lib_init_lc_monetary_1              0x080002a5   Thumb Code     0  libinit2.o(.ARM.Collect$$libinit$$00000015)
    __rt_lib_init_lc_numeric_2               0x080002a5   Thumb Code     0  libinit2.o(.ARM.Collect$$libinit$$00000016)
    __rt_lib_init_alloca_1                   0x080002af   Thumb Code     0  libinit2.o(.ARM.Collect$$libinit$$0000002E)
    __rt_lib_init_argv_1                     0x080002af   Thumb Code     0  libinit2.o(.ARM.Collect$$libinit$$0000002C)
    __rt_lib_init_atexit_1                   0x080002af   Thumb Code     0  libinit2.o(.ARM.Collect$$libinit$$0000001B)
    __rt_lib_init_clock_1                    0x080002af   Thumb Code     0  libinit2.o(.ARM.Collect$$libinit$$00000021)
    __rt_lib_init_cpp_1                      0x080002af   Thumb Code     0  libinit2.o(.ARM.Collect$$libinit$$00000032)
    __rt_lib_init_exceptions_1               0x080002af   Thumb Code     0  libinit2.o(.ARM.Collect$$libinit$$00000030)
    __rt_lib_init_fp_trap_1                  0x080002af   Thumb Code     0  libinit2.o(.ARM.Collect$$libinit$$0000001F)
    __rt_lib_init_getenv_1                   0x080002af   Thumb Code     0  libinit2.o(.ARM.Collect$$libinit$$00000023)
    __rt_lib_init_lc_numeric_1               0x080002af   Thumb Code     0  libinit2.o(.ARM.Collect$$libinit$$00000017)
    __rt_lib_init_lc_time_1                  0x080002af   Thumb Code     0  libinit2.o(.ARM.Collect$$libinit$$00000019)
    __rt_lib_init_return                     0x080002af   Thumb Code     0  libinit2.o(.ARM.Collect$$libinit$$00000033)
    __rt_lib_init_signal_1                   0x080002af   Thumb Code     0  libinit2.o(.ARM.Collect$$libinit$$0000001D)
    __rt_lib_init_stdio_1                    0x080002af   Thumb Code     0  libinit2.o(.ARM.Collect$$libinit$$00000025)
    __rt_lib_shutdown                        0x080002b1   Thumb Code     0  libshutdown.o(.ARM.Collect$$libshutdown$$00000000)
    __rt_lib_shutdown_fp_trap_1              0x080002b3   Thumb Code     0  libshutdown2.o(.ARM.Collect$$libshutdown$$00000006)
    __rt_lib_shutdown_heap_1                 0x080002b3   Thumb Code     0  libshutdown2.o(.ARM.Collect$$libshutdown$$0000000E)
    __rt_lib_shutdown_return                 0x080002b3   Thumb Code     0  libshutdown2.o(.ARM.Collect$$libshutdown$$0000000F)
    __rt_lib_shutdown_signal_1               0x080002b3   Thumb Code     0  libshutdown2.o(.ARM.Collect$$libshutdown$$00000009)
    __rt_lib_shutdown_stdio_1                0x080002b3   Thumb Code     0  libshutdown2.o(.ARM.Collect$$libshutdown$$00000003)
    __rt_lib_shutdown_user_alloc_1           0x080002b3   Thumb Code     0  libshutdown2.o(.ARM.Collect$$libshutdown$$0000000B)
    __rt_entry                               0x080002b5   Thumb Code     0  __rtentry.o(.ARM.Collect$$rtentry$$00000000)
    __rt_entry_presh_1                       0x080002b5   Thumb Code     0  __rtentry2.o(.ARM.Collect$$rtentry$$00000002)
    __rt_entry_sh                            0x080002b5   Thumb Code     0  __rtentry4.o(.ARM.Collect$$rtentry$$00000004)
    __rt_entry_li                            0x080002bb   Thumb Code     0  __rtentry2.o(.ARM.Collect$$rtentry$$0000000A)
    __rt_entry_postsh_1                      0x080002bb   Thumb Code     0  __rtentry2.o(.ARM.Collect$$rtentry$$00000009)
    __rt_entry_main                          0x080002bf   Thumb Code     0  __rtentry2.o(.ARM.Collect$$rtentry$$0000000D)
    __rt_entry_postli_1                      0x080002bf   Thumb Code     0  __rtentry2.o(.ARM.Collect$$rtentry$$0000000C)
    __rt_exit                                0x080002c7   Thumb Code     0  rtexit.o(.ARM.Collect$$rtexit$$00000000)
    __rt_exit_ls                             0x080002c9   Thumb Code     0  rtexit2.o(.ARM.Collect$$rtexit$$00000003)
    __rt_exit_prels_1                        0x080002c9   Thumb Code     0  rtexit2.o(.ARM.Collect$$rtexit$$00000002)
    __rt_exit_exit                           0x080002cd   Thumb Code     0  rtexit2.o(.ARM.Collect$$rtexit$$00000004)
    SVC_Handler                              0x080002d5   Thumb Code    28  port.o(.emb_text)
    __asm___6_port_c_39a90d8d__prvStartFirstTask 0x080002f5   Thumb Code    36  port.o(.emb_text)
    __asm___6_port_c_39a90d8d__prvEnableVFP  0x0800031d   Thumb Code    16  port.o(.emb_text)
    PendSV_Handler                           0x08000331   Thumb Code    88  port.o(.emb_text)
    vPortGetIPSR                             0x0800038d   Thumb Code     6  port.o(.emb_text)
    Reset_Handler                            0x08000395   Thumb Code     8  startup_stm32f40_41xxx.o(.text)
    ADC_IRQHandler                           0x080003af   Thumb Code     0  startup_stm32f40_41xxx.o(.text)
    CAN1_RX0_IRQHandler                      0x080003af   Thumb Code     0  startup_stm32f40_41xxx.o(.text)
    CAN1_RX1_IRQHandler                      0x080003af   Thumb Code     0  startup_stm32f40_41xxx.o(.text)
    CAN1_SCE_IRQHandler                      0x080003af   Thumb Code     0  startup_stm32f40_41xxx.o(.text)
    CAN1_TX_IRQHandler                       0x080003af   Thumb Code     0  startup_stm32f40_41xxx.o(.text)
    CAN2_RX0_IRQHandler                      0x080003af   Thumb Code     0  startup_stm32f40_41xxx.o(.text)
    CAN2_RX1_IRQHandler                      0x080003af   Thumb Code     0  startup_stm32f40_41xxx.o(.text)
    CAN2_SCE_IRQHandler                      0x080003af   Thumb Code     0  startup_stm32f40_41xxx.o(.text)
    CAN2_TX_IRQHandler                       0x080003af   Thumb Code     0  startup_stm32f40_41xxx.o(.text)
    CRYP_IRQHandler                          0x080003af   Thumb Code     0  startup_stm32f40_41xxx.o(.text)
    DCMI_IRQHandler                          0x080003af   Thumb Code     0  startup_stm32f40_41xxx.o(.text)
    DMA1_Stream0_IRQHandler                  0x080003af   Thumb Code     0  startup_stm32f40_41xxx.o(.text)
    DMA1_Stream1_IRQHandler                  0x080003af   Thumb Code     0  startup_stm32f40_41xxx.o(.text)
    DMA1_Stream2_IRQHandler                  0x080003af   Thumb Code     0  startup_stm32f40_41xxx.o(.text)
    DMA1_Stream3_IRQHandler                  0x080003af   Thumb Code     0  startup_stm32f40_41xxx.o(.text)
    DMA1_Stream4_IRQHandler                  0x080003af   Thumb Code     0  startup_stm32f40_41xxx.o(.text)
    DMA1_Stream5_IRQHandler                  0x080003af   Thumb Code     0  startup_stm32f40_41xxx.o(.text)
    DMA1_Stream6_IRQHandler                  0x080003af   Thumb Code     0  startup_stm32f40_41xxx.o(.text)
    DMA1_Stream7_IRQHandler                  0x080003af   Thumb Code     0  startup_stm32f40_41xxx.o(.text)
    DMA2_Stream0_IRQHandler                  0x080003af   Thumb Code     0  startup_stm32f40_41xxx.o(.text)
    DMA2_Stream1_IRQHandler                  0x080003af   Thumb Code     0  startup_stm32f40_41xxx.o(.text)
    DMA2_Stream2_IRQHandler                  0x080003af   Thumb Code     0  startup_stm32f40_41xxx.o(.text)
    DMA2_Stream3_IRQHandler                  0x080003af   Thumb Code     0  startup_stm32f40_41xxx.o(.text)
    DMA2_Stream4_IRQHandler                  0x080003af   Thumb Code     0  startup_stm32f40_41xxx.o(.text)
    DMA2_Stream5_IRQHandler                  0x080003af   Thumb Code     0  startup_stm32f40_41xxx.o(.text)
    DMA2_Stream6_IRQHandler                  0x080003af   Thumb Code     0  startup_stm32f40_41xxx.o(.text)
    DMA2_Stream7_IRQHandler                  0x080003af   Thumb Code     0  startup_stm32f40_41xxx.o(.text)
    ETH_IRQHandler                           0x080003af   Thumb Code     0  startup_stm32f40_41xxx.o(.text)
    ETH_WKUP_IRQHandler                      0x080003af   Thumb Code     0  startup_stm32f40_41xxx.o(.text)
    EXTI0_IRQHandler                         0x080003af   Thumb Code     0  startup_stm32f40_41xxx.o(.text)
    EXTI15_10_IRQHandler                     0x080003af   Thumb Code     0  startup_stm32f40_41xxx.o(.text)
    EXTI1_IRQHandler                         0x080003af   Thumb Code     0  startup_stm32f40_41xxx.o(.text)
    EXTI2_IRQHandler                         0x080003af   Thumb Code     0  startup_stm32f40_41xxx.o(.text)
    EXTI3_IRQHandler                         0x080003af   Thumb Code     0  startup_stm32f40_41xxx.o(.text)
    EXTI4_IRQHandler                         0x080003af   Thumb Code     0  startup_stm32f40_41xxx.o(.text)
    EXTI9_5_IRQHandler                       0x080003af   Thumb Code     0  startup_stm32f40_41xxx.o(.text)
    FLASH_IRQHandler                         0x080003af   Thumb Code     0  startup_stm32f40_41xxx.o(.text)
    FPU_IRQHandler                           0x080003af   Thumb Code     0  startup_stm32f40_41xxx.o(.text)
    FSMC_IRQHandler                          0x080003af   Thumb Code     0  startup_stm32f40_41xxx.o(.text)
    HASH_RNG_IRQHandler                      0x080003af   Thumb Code     0  startup_stm32f40_41xxx.o(.text)
    I2C1_ER_IRQHandler                       0x080003af   Thumb Code     0  startup_stm32f40_41xxx.o(.text)
    I2C1_EV_IRQHandler                       0x080003af   Thumb Code     0  startup_stm32f40_41xxx.o(.text)
    I2C2_ER_IRQHandler                       0x080003af   Thumb Code     0  startup_stm32f40_41xxx.o(.text)
    I2C2_EV_IRQHandler                       0x080003af   Thumb Code     0  startup_stm32f40_41xxx.o(.text)
    I2C3_ER_IRQHandler                       0x080003af   Thumb Code     0  startup_stm32f40_41xxx.o(.text)
    I2C3_EV_IRQHandler                       0x080003af   Thumb Code     0  startup_stm32f40_41xxx.o(.text)
    OTG_FS_IRQHandler                        0x080003af   Thumb Code     0  startup_stm32f40_41xxx.o(.text)
    OTG_FS_WKUP_IRQHandler                   0x080003af   Thumb Code     0  startup_stm32f40_41xxx.o(.text)
    OTG_HS_EP1_IN_IRQHandler                 0x080003af   Thumb Code     0  startup_stm32f40_41xxx.o(.text)
    OTG_HS_EP1_OUT_IRQHandler                0x080003af   Thumb Code     0  startup_stm32f40_41xxx.o(.text)
    OTG_HS_IRQHandler                        0x080003af   Thumb Code     0  startup_stm32f40_41xxx.o(.text)
    OTG_HS_WKUP_IRQHandler                   0x080003af   Thumb Code     0  startup_stm32f40_41xxx.o(.text)
    PVD_IRQHandler                           0x080003af   Thumb Code     0  startup_stm32f40_41xxx.o(.text)
    RCC_IRQHandler                           0x080003af   Thumb Code     0  startup_stm32f40_41xxx.o(.text)
    RTC_Alarm_IRQHandler                     0x080003af   Thumb Code     0  startup_stm32f40_41xxx.o(.text)
    SDIO_IRQHandler                          0x080003af   Thumb Code     0  startup_stm32f40_41xxx.o(.text)
    SPI1_IRQHandler                          0x080003af   Thumb Code     0  startup_stm32f40_41xxx.o(.text)
    SPI2_IRQHandler                          0x080003af   Thumb Code     0  startup_stm32f40_41xxx.o(.text)
    SPI3_IRQHandler                          0x080003af   Thumb Code     0  startup_stm32f40_41xxx.o(.text)
    TAMP_STAMP_IRQHandler                    0x080003af   Thumb Code     0  startup_stm32f40_41xxx.o(.text)
    TIM1_BRK_TIM9_IRQHandler                 0x080003af   Thumb Code     0  startup_stm32f40_41xxx.o(.text)
    TIM1_CC_IRQHandler                       0x080003af   Thumb Code     0  startup_stm32f40_41xxx.o(.text)
    TIM1_TRG_COM_TIM11_IRQHandler            0x080003af   Thumb Code     0  startup_stm32f40_41xxx.o(.text)
    TIM1_UP_TIM10_IRQHandler                 0x080003af   Thumb Code     0  startup_stm32f40_41xxx.o(.text)
    TIM2_IRQHandler                          0x080003af   Thumb Code     0  startup_stm32f40_41xxx.o(.text)
    TIM3_IRQHandler                          0x080003af   Thumb Code     0  startup_stm32f40_41xxx.o(.text)
    TIM4_IRQHandler                          0x080003af   Thumb Code     0  startup_stm32f40_41xxx.o(.text)
    TIM5_IRQHandler                          0x080003af   Thumb Code     0  startup_stm32f40_41xxx.o(.text)
    TIM6_DAC_IRQHandler                      0x080003af   Thumb Code     0  startup_stm32f40_41xxx.o(.text)
    TIM7_IRQHandler                          0x080003af   Thumb Code     0  startup_stm32f40_41xxx.o(.text)
    TIM8_BRK_TIM12_IRQHandler                0x080003af   Thumb Code     0  startup_stm32f40_41xxx.o(.text)
    TIM8_CC_IRQHandler                       0x080003af   Thumb Code     0  startup_stm32f40_41xxx.o(.text)
    TIM8_TRG_COM_TIM14_IRQHandler            0x080003af   Thumb Code     0  startup_stm32f40_41xxx.o(.text)
    TIM8_UP_TIM13_IRQHandler                 0x080003af   Thumb Code     0  startup_stm32f40_41xxx.o(.text)
    UART4_IRQHandler                         0x080003af   Thumb Code     0  startup_stm32f40_41xxx.o(.text)
    UART5_IRQHandler                         0x080003af   Thumb Code     0  startup_stm32f40_41xxx.o(.text)
    USART2_IRQHandler                        0x080003af   Thumb Code     0  startup_stm32f40_41xxx.o(.text)
    USART3_IRQHandler                        0x080003af   Thumb Code     0  startup_stm32f40_41xxx.o(.text)
    USART6_IRQHandler                        0x080003af   Thumb Code     0  startup_stm32f40_41xxx.o(.text)
    WWDG_IRQHandler                          0x080003af   Thumb Code     0  startup_stm32f40_41xxx.o(.text)
    __user_initial_stackheap                 0x080003b1   Thumb Code     0  startup_stm32f40_41xxx.o(.text)
    __use_no_semihosting                     0x080003d5   Thumb Code     2  use_no_semi_2.o(.text)
    __c89vprintf                             0x080003d9   Thumb Code     8  c89vprintf.o(.text)
    __2printf                                0x080003e5   Thumb Code    20  __2printf.o(.text)
    __2sprintf                               0x080003fd   Thumb Code    38  __2sprintf.o(.text)
    _printf_pre_padding                      0x08000429   Thumb Code    44  _printf_pad.o(.text)
    _printf_post_padding                     0x08000455   Thumb Code    34  _printf_pad.o(.text)
    _printf_int_dec                          0x08000479   Thumb Code   104  _printf_dec.o(.text)
    _printf_longlong_hex                     0x080004f1   Thumb Code    86  _printf_hex_int_ll_ptr.o(.text)
    _printf_int_hex                          0x08000547   Thumb Code    28  _printf_hex_int_ll_ptr.o(.text)
    _printf_ll_hex                           0x08000563   Thumb Code    12  _printf_hex_int_ll_ptr.o(.text)
    _printf_hex_ptr                          0x0800056f   Thumb Code    18  _printf_hex_int_ll_ptr.o(.text)
    __printf                                 0x08000585   Thumb Code   388  __printf_flags_ss_wp.o(.text)
    __0sscanf                                0x0800070d   Thumb Code    52  __0sscanf.o(.text)
    _scanf_int                               0x08000749   Thumb Code   332  _scanf_int.o(.text)
    strstr                                   0x08000895   Thumb Code    36  strstr.o(.text)
    __aeabi_memcpy                           0x080008b9   Thumb Code     0  rt_memcpy_v6.o(.text)
    __rt_memcpy                              0x080008b9   Thumb Code   138  rt_memcpy_v6.o(.text)
    _memcpy_lastbytes                        0x0800091f   Thumb Code     0  rt_memcpy_v6.o(.text)
    __aeabi_memset                           0x08000943   Thumb Code    16  aeabi_memset.o(.text)
    __aeabi_memclr                           0x08000953   Thumb Code     0  rt_memclr.o(.text)
    __rt_memclr                              0x08000953   Thumb Code    68  rt_memclr.o(.text)
    _memset                                  0x08000957   Thumb Code     0  rt_memclr.o(.text)
    __aeabi_memclr4                          0x08000997   Thumb Code     0  rt_memclr_w.o(.text)
    __aeabi_memclr8                          0x08000997   Thumb Code     0  rt_memclr_w.o(.text)
    __rt_memclr_w                            0x08000997   Thumb Code    78  rt_memclr_w.o(.text)
    _memset_w                                0x0800099b   Thumb Code     0  rt_memclr_w.o(.text)
    __use_two_region_memory                  0x080009e5   Thumb Code     2  heapauxi.o(.text)
    __rt_heap_escrow$2region                 0x080009e7   Thumb Code     2  heapauxi.o(.text)
    __rt_heap_expand$2region                 0x080009e9   Thumb Code     2  heapauxi.o(.text)
    __I$use$semihosting                      0x080009eb   Thumb Code     0  use_no_semi.o(.text)
    __use_no_semihosting_swi                 0x080009eb   Thumb Code     2  use_no_semi.o(.text)
    _printf_truncate_signed                  0x080009ed   Thumb Code    18  _printf_truncate.o(.text)
    _printf_truncate_unsigned                0x080009ff   Thumb Code    18  _printf_truncate.o(.text)
    _printf_str                              0x08000a11   Thumb Code    82  _printf_str.o(.text)
    _printf_int_common                       0x08000a63   Thumb Code   178  _printf_intcommon.o(.text)
    _printf_charcount                        0x08000b15   Thumb Code    40  _printf_charcount.o(.text)
    _printf_char_common                      0x08000b47   Thumb Code    32  _printf_char_common.o(.text)
    _sputc                                   0x08000b6d   Thumb Code    10  _sputc.o(.text)
    _printf_char_file                        0x08000b79   Thumb Code    32  _printf_char_file.o(.text)
    _printf_wctomb                           0x08000b9d   Thumb Code   182  _printf_wctomb.o(.text)
    _printf_longlong_dec                     0x08000c59   Thumb Code   108  _printf_longlong_dec.o(.text)
    _printf_longlong_oct                     0x08000cd5   Thumb Code    68  _printf_oct_int_ll.o(.text)
    _printf_int_oct                          0x08000d19   Thumb Code    24  _printf_oct_int_ll.o(.text)
    _printf_ll_oct                           0x08000d31   Thumb Code    12  _printf_oct_int_ll.o(.text)
    _chval                                   0x08000d45   Thumb Code    28  _chval.o(.text)
    __vfscanf_char                           0x08000d6d   Thumb Code    24  scanf_char.o(.text)
    _sgetc                                   0x08000d8d   Thumb Code    30  _sgetc.o(.text)
    _sbackspace                              0x08000dab   Thumb Code    34  _sgetc.o(.text)
    __aeabi_memcpy4                          0x08000dcd   Thumb Code     0  rt_memcpy_w.o(.text)
    __aeabi_memcpy8                          0x08000dcd   Thumb Code     0  rt_memcpy_w.o(.text)
    __rt_memcpy_w                            0x08000dcd   Thumb Code   100  rt_memcpy_w.o(.text)
    _memcpy_lastbytes_aligned                0x08000e15   Thumb Code     0  rt_memcpy_w.o(.text)
    _ll_udiv10                               0x08000e31   Thumb Code   138  lludiv10.o(.text)
    isspace                                  0x08000ebb   Thumb Code    18  isspace.o(.text)
    __lib_sel_fp_printf                      0x08000ecd   Thumb Code     2  _printf_fp_dec.o(.text)
    _printf_fp_dec_real                      0x0800107b   Thumb Code   620  _printf_fp_dec.o(.text)
    _printf_cs_common                        0x080012e7   Thumb Code    20  _printf_char.o(.text)
    _printf_char                             0x080012fb   Thumb Code    16  _printf_char.o(.text)
    _printf_string                           0x0800130b   Thumb Code     8  _printf_char.o(.text)
    _printf_lcs_common                       0x08001313   Thumb Code    20  _printf_wchar.o(.text)
    _printf_wchar                            0x08001327   Thumb Code    16  _printf_wchar.o(.text)
    _printf_wstring                          0x08001337   Thumb Code     8  _printf_wchar.o(.text)
    __vfscanf                                0x08001341   Thumb Code   878  _scanf.o(.text)
    ferror                                   0x080016b5   Thumb Code     8  ferror.o(.text)
    _wcrtomb                                 0x080016bd   Thumb Code    64  _wcrtomb.o(.text)
    __user_setup_stackheap                   0x080016fd   Thumb Code    74  sys_stackheap_outer.o(.text)
    __rt_ctype_table                         0x08001749   Thumb Code    16  rt_ctype_table.o(.text)
    __rt_locale                              0x08001759   Thumb Code     8  rt_locale_intlibspace.o(.text)
    _printf_fp_infnan                        0x08001761   Thumb Code   112  _printf_fp_infnan.o(.text)
    _btod_etento                             0x080017e1   Thumb Code   216  bigflt0.o(.text)
    exit                                     0x080018bd   Thumb Code    12  exit.o(.text)
    __user_libspace                          0x080018c9   Thumb Code     8  libspace.o(.text)
    __user_perproc_libspace                  0x080018c9   Thumb Code     0  libspace.o(.text)
    __user_perthread_libspace                0x080018c9   Thumb Code     0  libspace.o(.text)
    strcmp                                   0x080018d1   Thumb Code   128  strcmpv7m.o(.text)
    _btod_d2e                                0x08001951   Thumb Code    62  btod.o(CL$$btod_d2e)
    _d2e_denorm_low                          0x0800198f   Thumb Code    70  btod.o(CL$$btod_d2e_denorm_low)
    _d2e_norm_op1                            0x080019d5   Thumb Code    96  btod.o(CL$$btod_d2e_norm_op1)
    __btod_div_common                        0x08001a35   Thumb Code   696  btod.o(CL$$btod_div_common)
    _e2e                                     0x08001d6d   Thumb Code   198  btod.o(CL$$btod_e2e)
    _btod_ediv                               0x08001e33   Thumb Code    40  btod.o(CL$$btod_ediv)
    _btod_emul                               0x08001e5b   Thumb Code    40  btod.o(CL$$btod_emul)
    __btod_mult_common                       0x08001e83   Thumb Code   580  btod.o(CL$$btod_mult_common)
    BusFault_Handler                         0x080020c7   Thumb Code     2  stm32f4xx_it.o(i.BusFault_Handler)
    DebugMon_Handler                         0x080020c9   Thumb Code     2  stm32f4xx_it.o(i.DebugMon_Handler)
    EXTI_ClearITPendingBit                   0x080020cd   Thumb Code     6  stm32f4xx_exti.o(i.EXTI_ClearITPendingBit)
    EXTI_Init                                0x080020d9   Thumb Code   108  stm32f4xx_exti.o(i.EXTI_Init)
    GPIO_Init                                0x08002149   Thumb Code   120  stm32f4xx_gpio.o(i.GPIO_Init)
    GPIO_PinAFConfig                         0x080021c1   Thumb Code    32  stm32f4xx_gpio.o(i.GPIO_PinAFConfig)
    GPIO_SetBits                             0x080021e1   Thumb Code     4  stm32f4xx_gpio.o(i.GPIO_SetBits)
    HardFault_Handler                        0x080021e5   Thumb Code    64  stm32f4xx_it.o(i.HardFault_Handler)
    IIC_Start                                0x08002261   Thumb Code    58  oled.o(i.IIC_Start)
    IIC_Stop                                 0x080022a5   Thumb Code    46  oled.o(i.IIC_Stop)
    IIC_Wait_Ack                             0x080022dd   Thumb Code    46  oled.o(i.IIC_Wait_Ack)
    LED_Init                                 0x08002315   Thumb Code    58  led.o(i.LED_Init)
    MemManage_Handler                        0x08002355   Thumb Code     2  stm32f4xx_it.o(i.MemManage_Handler)
    NMI_Handler                              0x08002357   Thumb Code     2  stm32f4xx_it.o(i.NMI_Handler)
    NVIC_Init                                0x08002359   Thumb Code    96  misc.o(i.NVIC_Init)
    NVIC_PriorityGroupConfig                 0x080023bd   Thumb Code    10  misc.o(i.NVIC_PriorityGroupConfig)
    OLED_Clear                               0x080023d1   Thumb Code    58  oled.o(i.OLED_Clear)
    OLED_Init                                0x0800240d   Thumb Code   318  oled.o(i.OLED_Init)
    OLED_Set_Pos                             0x0800255d   Thumb Code    42  oled.o(i.OLED_Set_Pos)
    OLED_ShowChar                            0x08002589   Thumb Code   128  oled.o(i.OLED_ShowChar)
    OLED_ShowString                          0x08002611   Thumb Code    54  oled.o(i.OLED_ShowString)
    OLED_WR_Byte                             0x08002647   Thumb Code    12  oled.o(i.OLED_WR_Byte)
    PWR_BackupAccessCmd                      0x08002655   Thumb Code     6  stm32f4xx_pwr.o(i.PWR_BackupAccessCmd)
    RCC_AHB1PeriphClockCmd                   0x08002661   Thumb Code    18  stm32f4xx_rcc.o(i.RCC_AHB1PeriphClockCmd)
    RCC_APB1PeriphClockCmd                   0x08002679   Thumb Code    18  stm32f4xx_rcc.o(i.RCC_APB1PeriphClockCmd)
    RCC_APB2PeriphClockCmd                   0x08002691   Thumb Code    18  stm32f4xx_rcc.o(i.RCC_APB2PeriphClockCmd)
    RCC_GetClocksFreq                        0x080026a9   Thumb Code   132  stm32f4xx_rcc.o(i.RCC_GetClocksFreq)
    RCC_GetFlagStatus                        0x08002739   Thumb Code    46  stm32f4xx_rcc.o(i.RCC_GetFlagStatus)
    RCC_LSEConfig                            0x0800276d   Thumb Code    22  stm32f4xx_rcc.o(i.RCC_LSEConfig)
    RCC_RTCCLKCmd                            0x08002789   Thumb Code     6  stm32f4xx_rcc.o(i.RCC_RTCCLKCmd)
    RCC_RTCCLKConfig                         0x08002795   Thumb Code    40  stm32f4xx_rcc.o(i.RCC_RTCCLKConfig)
    RTC_ClearITPendingBit                    0x080027f1   Thumb Code    24  stm32f4xx_rtc.o(i.RTC_ClearITPendingBit)
    RTC_EnterInitMode                        0x0800280d   Thumb Code    56  stm32f4xx_rtc.o(i.RTC_EnterInitMode)
    RTC_ExitInitMode                         0x08002849   Thumb Code    12  stm32f4xx_rtc.o(i.RTC_ExitInitMode)
    RTC_GetDate                              0x08002859   Thumb Code    66  stm32f4xx_rtc.o(i.RTC_GetDate)
    RTC_GetITStatus                          0x080028a5   Thumb Code    46  stm32f4xx_rtc.o(i.RTC_GetITStatus)
    RTC_GetTime                              0x080028dd   Thumb Code    70  stm32f4xx_rtc.o(i.RTC_GetTime)
    RTC_ITConfig                             0x0800292d   Thumb Code    60  stm32f4xx_rtc.o(i.RTC_ITConfig)
    RTC_Init                                 0x0800296d   Thumb Code    74  stm32f4xx_rtc.o(i.RTC_Init)
    RTC_SetDate                              0x080029bd   Thumb Code   144  stm32f4xx_rtc.o(i.RTC_SetDate)
    RTC_SetTime                              0x08002a55   Thumb Code   150  stm32f4xx_rtc.o(i.RTC_SetTime)
    RTC_SetWakeUpCounter                     0x08002af5   Thumb Code    22  stm32f4xx_rtc.o(i.RTC_SetWakeUpCounter)
    RTC_WKUP_IRQHandler                      0x08002b11   Thumb Code    88  rtc.o(i.RTC_WKUP_IRQHandler)
    RTC_WaitForSynchro                       0x08002b71   Thumb Code    70  stm32f4xx_rtc.o(i.RTC_WaitForSynchro)
    RTC_WakeUpClockConfig                    0x08002bbd   Thumb Code    34  stm32f4xx_rtc.o(i.RTC_WakeUpClockConfig)
    RTC_WakeUpCmd                            0x08002be5   Thumb Code    84  stm32f4xx_rtc.o(i.RTC_WakeUpCmd)
    SysTick_CLKSourceConfig                  0x08002cf1   Thumb Code    24  misc.o(i.SysTick_CLKSourceConfig)
    SysTick_Handler                          0x08002d09   Thumb Code    38  port.o(i.SysTick_Handler)
    SystemInit                               0x08002d35   Thumb Code    74  system_stm32f4xx.o(i.SystemInit)
    USART1_IRQHandler                        0x08002d91   Thumb Code   134  usart.o(i.USART1_IRQHandler)
    USART_ClearITPendingBit                  0x08002e2d   Thumb Code    12  stm32f4xx_usart.o(i.USART_ClearITPendingBit)
    USART_Cmd                                0x08002e39   Thumb Code    20  stm32f4xx_usart.o(i.USART_Cmd)
    USART_GetITStatus                        0x08002e4d   Thumb Code    62  stm32f4xx_usart.o(i.USART_GetITStatus)
    USART_ITConfig                           0x08002e8b   Thumb Code    48  stm32f4xx_usart.o(i.USART_ITConfig)
    USART_Init                               0x08002ebd   Thumb Code   164  stm32f4xx_usart.o(i.USART_Init)
    USART_ReceiveData                        0x08002f69   Thumb Code     8  stm32f4xx_usart.o(i.USART_ReceiveData)
    UsageFault_Handler                       0x08002f71   Thumb Code     2  stm32f4xx_it.o(i.UsageFault_Handler)
    Write_IIC_Byte                           0x08002f75   Thumb Code    96  oled.o(i.Write_IIC_Byte)
    Write_IIC_Command                        0x08002fdd   Thumb Code    46  oled.o(i.Write_IIC_Command)
    Write_IIC_Data                           0x0800300b   Thumb Code    46  oled.o(i.Write_IIC_Data)
    __ARM_fpclassify                         0x08003039   Thumb Code    48  fpclassify.o(i.__ARM_fpclassify)
    _is_digit                                0x08003069   Thumb Code    14  __printf_wp.o(i._is_digit)
    _sys_exit                                0x08003077   Thumb Code     2  usart.o(i._sys_exit)
    app_task_dht                             0x08003079   Thumb Code   132  main.o(i.app_task_dht)
    app_task_oled                            0x080031e9   Thumb Code    62  main.o(i.app_task_oled)
    app_task_rtc                             0x08003235   Thumb Code   220  main.o(i.app_task_rtc)
    app_task_usart1                          0x08003359   Thumb Code   154  main.o(i.app_task_usart1)
    delay_init                               0x08003449   Thumb Code    50  delay.o(i.delay_init)
    delay_ms                                 0x08003481   Thumb Code    52  delay.o(i.delay_ms)
    delay_us                                 0x080034b9   Thumb Code    48  delay.o(i.delay_us)
    dgb_printf_safe                          0x080034ed   Thumb Code    44  main.o(i.dgb_printf_safe)
    dht11_init                               0x0800351d   Thumb Code    54  dh11.o(i.dht11_init)
    dht11_read                               0x0800355d   Thumb Code   336  dh11.o(i.dht11_read)
    fputc                                    0x080036b5   Thumb Code    14  usart.o(i.fputc)
    main                                     0x080036c9   Thumb Code    52  main.o(i.main)
    pvPortMalloc                             0x08003e31   Thumb Code   216  heap_4.o(i.pvPortMalloc)
    pvTaskIncrementMutexHeldCount            0x08003f0d   Thumb Code    18  tasks.o(i.pvTaskIncrementMutexHeldCount)
    pxPortInitialiseStack                    0x08003f25   Thumb Code    40  port.o(i.pxPortInitialiseStack)
    rtc_init                                 0x08003f51   Thumb Code   230  rtc.o(i.rtc_init)
    sda_pin_mode                             0x08004039   Thumb Code    40  oled.o(i.sda_pin_mode)
    uart_init                                0x08004065   Thumb Code   166  usart.o(i.uart_init)
    uxListRemove                             0x08004115   Thumb Code    38  list.o(i.uxListRemove)
    uxTaskResetEventItemValue                0x0800413d   Thumb Code    20  tasks.o(i.uxTaskResetEventItemValue)
    vApplicationIdleHook                     0x08004155   Thumb Code     2  main.o(i.vApplicationIdleHook)
    vApplicationMallocFailedHook             0x08004157   Thumb Code    16  main.o(i.vApplicationMallocFailedHook)
    vApplicationStackOverflowHook            0x08004167   Thumb Code    16  main.o(i.vApplicationStackOverflowHook)
    vApplicationTickHook                     0x08004177   Thumb Code     2  main.o(i.vApplicationTickHook)
    vEventGroupSetBitsCallback               0x08004179   Thumb Code     4  event_groups.o(i.vEventGroupSetBitsCallback)
    vListInitialise                          0x0800417d   Thumb Code    22  list.o(i.vListInitialise)
    vListInitialiseItem                      0x08004193   Thumb Code     6  list.o(i.vListInitialiseItem)
    vListInsert                              0x08004199   Thumb Code    48  list.o(i.vListInsert)
    vListInsertEnd                           0x080041c9   Thumb Code    24  list.o(i.vListInsertEnd)
    vPortEnterCritical                       0x080041e1   Thumb Code    54  port.o(i.vPortEnterCritical)
    vPortExitCritical                        0x08004221   Thumb Code    34  port.o(i.vPortExitCritical)
    vPortFree                                0x08004249   Thumb Code    88  heap_4.o(i.vPortFree)
    vPortSetupTimerInterrupt                 0x080042a5   Thumb Code    32  port.o(i.vPortSetupTimerInterrupt)
    vPortValidateInterruptPriority           0x080042c9   Thumb Code    74  port.o(i.vPortValidateInterruptPriority)
    vQueueAddToRegistry                      0x0800431d   Thumb Code    32  queue.o(i.vQueueAddToRegistry)
    vQueueWaitForMessageRestricted           0x08004341   Thumb Code    68  queue.o(i.vQueueWaitForMessageRestricted)
    vTaskDelay                               0x08004385   Thumb Code    66  tasks.o(i.vTaskDelay)
    vTaskDelete                              0x080043d1   Thumb Code   156  tasks.o(i.vTaskDelete)
    vTaskInternalSetTimeOutState             0x0800447d   Thumb Code    12  tasks.o(i.vTaskInternalSetTimeOutState)
    vTaskMissedYield                         0x0800448d   Thumb Code     8  tasks.o(i.vTaskMissedYield)
    vTaskPlaceOnEventList                    0x08004499   Thumb Code    44  tasks.o(i.vTaskPlaceOnEventList)
    vTaskPlaceOnEventListRestricted          0x080044c9   Thumb Code    52  tasks.o(i.vTaskPlaceOnEventListRestricted)
    vTaskPlaceOnUnorderedEventList           0x08004501   Thumb Code    72  tasks.o(i.vTaskPlaceOnUnorderedEventList)
    vTaskPriorityDisinheritAfterTimeout      0x0800454d   Thumb Code   162  tasks.o(i.vTaskPriorityDisinheritAfterTimeout)
    vTaskRemoveFromUnorderedEventList        0x080045f9   Thumb Code   104  tasks.o(i.vTaskRemoveFromUnorderedEventList)
    vTaskStartScheduler                      0x08004669   Thumb Code    94  tasks.o(i.vTaskStartScheduler)
    vTaskSuspendAll                          0x080046d9   Thumb Code    10  tasks.o(i.vTaskSuspendAll)
    vTaskSwitchContext                       0x080046e9   Thumb Code   126  tasks.o(i.vTaskSwitchContext)
    xEventGroupCreate                        0x08004771   Thumb Code    26  event_groups.o(i.xEventGroupCreate)
    xEventGroupSetBits                       0x0800478b   Thumb Code   140  event_groups.o(i.xEventGroupSetBits)
    xEventGroupSetBitsFromISR                0x08004819   Thumb Code    12  event_groups.o(i.xEventGroupSetBitsFromISR)
    xEventGroupWaitBits                      0x08004829   Thumb Code   258  event_groups.o(i.xEventGroupWaitBits)
    xPortStartScheduler                      0x08004931   Thumb Code   224  port.o(i.xPortStartScheduler)
    xQueueCreateMutex                        0x08004a25   Thumb Code    36  queue.o(i.xQueueCreateMutex)
    xQueueGenericCreate                      0x08004a49   Thumb Code    82  queue.o(i.xQueueGenericCreate)
    xQueueGenericReset                       0x08004a9d   Thumb Code   132  queue.o(i.xQueueGenericReset)
    xQueueGenericSend                        0x08004b25   Thumb Code   350  queue.o(i.xQueueGenericSend)
    xQueueGenericSendFromISR                 0x08004c89   Thumb Code   188  queue.o(i.xQueueGenericSendFromISR)
    xQueueReceive                            0x08004d45   Thumb Code   308  queue.o(i.xQueueReceive)
    xQueueSemaphoreTake                      0x08004e7d   Thumb Code   372  queue.o(i.xQueueSemaphoreTake)
    xTaskCheckForTimeOut                     0x08004ff5   Thumb Code   112  tasks.o(i.xTaskCheckForTimeOut)
    xTaskCreate                              0x08005069   Thumb Code    86  tasks.o(i.xTaskCreate)
    xTaskGetSchedulerState                   0x080050c1   Thumb Code    22  tasks.o(i.xTaskGetSchedulerState)
    xTaskGetTickCount                        0x080050dd   Thumb Code     6  tasks.o(i.xTaskGetTickCount)
    xTaskIncrementTick                       0x080050e9   Thumb Code   202  tasks.o(i.xTaskIncrementTick)
    xTaskPriorityDisinherit                  0x080051bd   Thumb Code   144  tasks.o(i.xTaskPriorityDisinherit)
    xTaskPriorityInherit                     0x08005255   Thumb Code   140  tasks.o(i.xTaskPriorityInherit)
    xTaskRemoveFromEventList                 0x080052e9   Thumb Code   106  tasks.o(i.xTaskRemoveFromEventList)
    xTaskResumeAll                           0x08005361   Thumb Code   182  tasks.o(i.xTaskResumeAll)
    xTimerCreateTimerTask                    0x08005425   Thumb Code    58  timers.o(i.xTimerCreateTimerTask)
    xTimerGenericCommand                     0x08005471   Thumb Code    94  timers.o(i.xTimerGenericCommand)
    xTimerPendFunctionCallFromISR            0x080054d5   Thumb Code    34  timers.o(i.xTimerPendFunctionCallFromISR)
    _get_lc_numeric                          0x080054fd   Thumb Code    44  lc_numeric_c.o(locale$$code)
    _get_lc_ctype                            0x08005529   Thumb Code    44  lc_ctype_c.o(locale$$code)
    _fp_init                                 0x08005555   Thumb Code    10  fpinit.o(x$fpl$fpinit)
    __fplib_config_fpu_vfp                   0x0800555d   Thumb Code     0  fpinit.o(x$fpl$fpinit)
    __fplib_config_pureend_doubles           0x0800555d   Thumb Code     0  fpinit.o(x$fpl$fpinit)
    _printf_fp_dec                           0x0800555f   Thumb Code     4  printf1.o(x$fpl$printf1)
    __I$use$fp                               0x08005562   Number         0  usenofp.o(x$fpl$usenofp)
    F6x8                                     0x080055dc   Data         552  oled.o(.constdata)
    F8X16                                    0x08005804   Data        1520  oled.o(.constdata)
    Region$$Table$$Base                      0x08005f0c   Number         0  anon$$obj.o(Region$$Table)
    Region$$Table$$Limit                     0x08005f2c   Number         0  anon$$obj.o(Region$$Table)
    __ctype                                  0x08005f55   Data           0  lc_ctype_c.o(locale$$data)
    oled_show_time                           0x20000000   Data           1  main.o(.data)
    oled_show_date                           0x20000001   Data           1  main.o(.data)
    app_task_init_handle                     0x20000004   Data           4  main.o(.data)
    g_event_group                            0x20000008   Data           4  main.o(.data)
    g_mutex_printf                           0x2000000c   Data           4  main.o(.data)
    g_mutex_oled                             0x20000010   Data           4  main.o(.data)
    g_queue_usart1                           0x20000014   Data           4  main.o(.data)
    g_queue_oled                             0x20000018   Data           4  main.o(.data)
    app_task_dht_handle                      0x2000001c   Data           4  main.o(.data)
    app_task_oled_handle                     0x20000020   Data           4  main.o(.data)
    app_task_usart1_handle                   0x20000024   Data           4  main.o(.data)
    app_task_rtc_handle                      0x20000028   Data           4  main.o(.data)
    SystemCoreClock                          0x2000002c   Data           4  system_stm32f4xx.o(.data)
    AHBPrescTable                            0x20000030   Data          16  system_stm32f4xx.o(.data)
    __stdout                                 0x20000048   Data           4  usart.o(.data)
    pxCurrentTCB                             0x2000005c   Data           4  tasks.o(.data)
    xQueueRegistry                           0x20000114   Data          64  queue.o(.bss)
    __libspace_start                         0x20013060   Data          96  libspace.o(.bss)
    __temporary_stack_top$libspace           0x200130c0   Data           0  libspace.o(.bss)



==============================================================================

Memory Map of the image

  Image Entry point : 0x08000189

  Load Region LR_IROM1 (Base: 0x08000000, Size: 0x00006128, Max: 0x00080000, ABSOLUTE)

    Execution Region ER_IROM1 (Base: 0x08000000, Size: 0x00006058, Max: 0x00080000, ABSOLUTE)

    Base Addr    Size         Type   Attr      Idx    E Section Name        Object

    0x08000000   0x00000188   Data   RO          805    RESET               startup_stm32f40_41xxx.o
    0x08000188   0x00000008   Code   RO         3429  * !!!main             c_w.l(__main.o)
    0x08000190   0x00000034   Code   RO         3706    !!!scatter          c_w.l(__scatter.o)
    0x080001c4   0x0000001a   Code   RO         3708    !!handler_copy      c_w.l(__scatter_copy.o)
    0x080001de   0x00000002   PAD
    0x080001e0   0x0000001c   Code   RO         3710    !!handler_zi        c_w.l(__scatter_zi.o)
    0x080001fc   0x00000000   Code   RO         3410    .ARM.Collect$$_printf_percent$$00000000  c_w.l(_printf_percent.o)
    0x080001fc   0x00000006   Code   RO         3461    .ARM.Collect$$_printf_percent$$00000001  c_w.l(_printf_n.o)
    0x08000202   0x00000006   Code   RO         3462    .ARM.Collect$$_printf_percent$$00000002  c_w.l(_printf_p.o)
    0x08000208   0x00000006   Code   RO         3466    .ARM.Collect$$_printf_percent$$00000003  c_w.l(_printf_f.o)
    0x0800020e   0x00000006   Code   RO         3467    .ARM.Collect$$_printf_percent$$00000004  c_w.l(_printf_e.o)
    0x08000214   0x00000006   Code   RO         3468    .ARM.Collect$$_printf_percent$$00000005  c_w.l(_printf_g.o)
    0x0800021a   0x00000006   Code   RO         3469    .ARM.Collect$$_printf_percent$$00000006  c_w.l(_printf_a.o)
    0x08000220   0x0000000a   Code   RO         3474    .ARM.Collect$$_printf_percent$$00000007  c_w.l(_printf_ll.o)
    0x0800022a   0x00000006   Code   RO         3464    .ARM.Collect$$_printf_percent$$00000008  c_w.l(_printf_i.o)
    0x08000230   0x00000006   Code   RO         3409    .ARM.Collect$$_printf_percent$$00000009  c_w.l(_printf_d.o)
    0x08000236   0x00000006   Code   RO         3465    .ARM.Collect$$_printf_percent$$0000000A  c_w.l(_printf_u.o)
    0x0800023c   0x00000006   Code   RO         3463    .ARM.Collect$$_printf_percent$$0000000B  c_w.l(_printf_o.o)
    0x08000242   0x00000006   Code   RO         3408    .ARM.Collect$$_printf_percent$$0000000C  c_w.l(_printf_x.o)
    0x08000248   0x00000006   Code   RO         3471    .ARM.Collect$$_printf_percent$$0000000D  c_w.l(_printf_lli.o)
    0x0800024e   0x00000006   Code   RO         3472    .ARM.Collect$$_printf_percent$$0000000E  c_w.l(_printf_lld.o)
    0x08000254   0x00000006   Code   RO         3473    .ARM.Collect$$_printf_percent$$0000000F  c_w.l(_printf_llu.o)
    0x0800025a   0x00000006   Code   RO         3478    .ARM.Collect$$_printf_percent$$00000010  c_w.l(_printf_llo.o)
    0x08000260   0x00000006   Code   RO         3479    .ARM.Collect$$_printf_percent$$00000011  c_w.l(_printf_llx.o)
    0x08000266   0x0000000a   Code   RO         3475    .ARM.Collect$$_printf_percent$$00000012  c_w.l(_printf_l.o)
    0x08000270   0x00000006   Code   RO         3459    .ARM.Collect$$_printf_percent$$00000013  c_w.l(_printf_c.o)
    0x08000276   0x00000006   Code   RO         3460    .ARM.Collect$$_printf_percent$$00000014  c_w.l(_printf_s.o)
    0x0800027c   0x00000006   Code   RO         3476    .ARM.Collect$$_printf_percent$$00000015  c_w.l(_printf_lc.o)
    0x08000282   0x00000006   Code   RO         3477    .ARM.Collect$$_printf_percent$$00000016  c_w.l(_printf_ls.o)
    0x08000288   0x00000004   Code   RO         3470    .ARM.Collect$$_printf_percent$$00000017  c_w.l(_printf_percent_end.o)
    0x0800028c   0x00000002   Code   RO         3571    .ARM.Collect$$libinit$$00000000  c_w.l(libinit.o)
    0x0800028e   0x00000004   Code   RO         3587    .ARM.Collect$$libinit$$00000001  c_w.l(libinit2.o)
    0x08000292   0x00000000   Code   RO         3590    .ARM.Collect$$libinit$$00000004  c_w.l(libinit2.o)
    0x08000292   0x00000000   Code   RO         3593    .ARM.Collect$$libinit$$0000000A  c_w.l(libinit2.o)
    0x08000292   0x00000000   Code   RO         3595    .ARM.Collect$$libinit$$0000000C  c_w.l(libinit2.o)
    0x08000292   0x00000000   Code   RO         3597    .ARM.Collect$$libinit$$0000000E  c_w.l(libinit2.o)
    0x08000292   0x00000006   Code   RO         3598    .ARM.Collect$$libinit$$0000000F  c_w.l(libinit2.o)
    0x08000298   0x00000000   Code   RO         3600    .ARM.Collect$$libinit$$00000011  c_w.l(libinit2.o)
    0x08000298   0x0000000c   Code   RO         3601    .ARM.Collect$$libinit$$00000012  c_w.l(libinit2.o)
    0x080002a4   0x00000000   Code   RO         3602    .ARM.Collect$$libinit$$00000013  c_w.l(libinit2.o)
    0x080002a4   0x00000000   Code   RO         3604    .ARM.Collect$$libinit$$00000015  c_w.l(libinit2.o)
    0x080002a4   0x0000000a   Code   RO         3605    .ARM.Collect$$libinit$$00000016  c_w.l(libinit2.o)
    0x080002ae   0x00000000   Code   RO         3606    .ARM.Collect$$libinit$$00000017  c_w.l(libinit2.o)
    0x080002ae   0x00000000   Code   RO         3608    .ARM.Collect$$libinit$$00000019  c_w.l(libinit2.o)
    0x080002ae   0x00000000   Code   RO         3610    .ARM.Collect$$libinit$$0000001B  c_w.l(libinit2.o)
    0x080002ae   0x00000000   Code   RO         3612    .ARM.Collect$$libinit$$0000001D  c_w.l(libinit2.o)
    0x080002ae   0x00000000   Code   RO         3614    .ARM.Collect$$libinit$$0000001F  c_w.l(libinit2.o)
    0x080002ae   0x00000000   Code   RO         3616    .ARM.Collect$$libinit$$00000021  c_w.l(libinit2.o)
    0x080002ae   0x00000000   Code   RO         3618    .ARM.Collect$$libinit$$00000023  c_w.l(libinit2.o)
    0x080002ae   0x00000000   Code   RO         3620    .ARM.Collect$$libinit$$00000025  c_w.l(libinit2.o)
    0x080002ae   0x00000000   Code   RO         3624    .ARM.Collect$$libinit$$0000002C  c_w.l(libinit2.o)
    0x080002ae   0x00000000   Code   RO         3626    .ARM.Collect$$libinit$$0000002E  c_w.l(libinit2.o)
    0x080002ae   0x00000000   Code   RO         3628    .ARM.Collect$$libinit$$00000030  c_w.l(libinit2.o)
    0x080002ae   0x00000000   Code   RO         3630    .ARM.Collect$$libinit$$00000032  c_w.l(libinit2.o)
    0x080002ae   0x00000002   Code   RO         3631    .ARM.Collect$$libinit$$00000033  c_w.l(libinit2.o)
    0x080002b0   0x00000002   Code   RO         3649    .ARM.Collect$$libshutdown$$00000000  c_w.l(libshutdown.o)
    0x080002b2   0x00000000   Code   RO         3660    .ARM.Collect$$libshutdown$$00000003  c_w.l(libshutdown2.o)
    0x080002b2   0x00000000   Code   RO         3663    .ARM.Collect$$libshutdown$$00000006  c_w.l(libshutdown2.o)
    0x080002b2   0x00000000   Code   RO         3666    .ARM.Collect$$libshutdown$$00000009  c_w.l(libshutdown2.o)
    0x080002b2   0x00000000   Code   RO         3668    .ARM.Collect$$libshutdown$$0000000B  c_w.l(libshutdown2.o)
    0x080002b2   0x00000000   Code   RO         3671    .ARM.Collect$$libshutdown$$0000000E  c_w.l(libshutdown2.o)
    0x080002b2   0x00000002   Code   RO         3672    .ARM.Collect$$libshutdown$$0000000F  c_w.l(libshutdown2.o)
    0x080002b4   0x00000000   Code   RO         3433    .ARM.Collect$$rtentry$$00000000  c_w.l(__rtentry.o)
    0x080002b4   0x00000000   Code   RO         3491    .ARM.Collect$$rtentry$$00000002  c_w.l(__rtentry2.o)
    0x080002b4   0x00000006   Code   RO         3503    .ARM.Collect$$rtentry$$00000004  c_w.l(__rtentry4.o)
    0x080002ba   0x00000000   Code   RO         3493    .ARM.Collect$$rtentry$$00000009  c_w.l(__rtentry2.o)
    0x080002ba   0x00000004   Code   RO         3494    .ARM.Collect$$rtentry$$0000000A  c_w.l(__rtentry2.o)
    0x080002be   0x00000000   Code   RO         3496    .ARM.Collect$$rtentry$$0000000C  c_w.l(__rtentry2.o)
    0x080002be   0x00000008   Code   RO         3497    .ARM.Collect$$rtentry$$0000000D  c_w.l(__rtentry2.o)
    0x080002c6   0x00000002   Code   RO         3580    .ARM.Collect$$rtexit$$00000000  c_w.l(rtexit.o)
    0x080002c8   0x00000000   Code   RO         3633    .ARM.Collect$$rtexit$$00000002  c_w.l(rtexit2.o)
    0x080002c8   0x00000004   Code   RO         3634    .ARM.Collect$$rtexit$$00000003  c_w.l(rtexit2.o)
    0x080002cc   0x00000006   Code   RO         3635    .ARM.Collect$$rtexit$$00000004  c_w.l(rtexit2.o)
    0x080002d2   0x00000002   PAD
    0x080002d4   0x000000be   Code   RO         3270    .emb_text           port.o
    0x08000392   0x00000002   PAD
    0x08000394   0x00000040   Code   RO          806    .text               startup_stm32f40_41xxx.o
    0x080003d4   0x00000002   Code   RO         3349    .text               c_w.l(use_no_semi_2.o)
    0x080003d6   0x00000002   PAD
    0x080003d8   0x0000000c   Code   RO         3351    .text               c_w.l(c89vprintf.o)
    0x080003e4   0x00000018   Code   RO         3353    .text               c_w.l(__2printf.o)
    0x080003fc   0x0000002c   Code   RO         3355    .text               c_w.l(__2sprintf.o)
    0x08000428   0x0000004e   Code   RO         3363    .text               c_w.l(_printf_pad.o)
    0x08000476   0x00000002   PAD
    0x08000478   0x00000078   Code   RO         3365    .text               c_w.l(_printf_dec.o)
    0x080004f0   0x00000094   Code   RO         3385    .text               c_w.l(_printf_hex_int_ll_ptr.o)
    0x08000584   0x00000188   Code   RO         3405    .text               c_w.l(__printf_flags_ss_wp.o)
    0x0800070c   0x0000003c   Code   RO         3411    .text               c_w.l(__0sscanf.o)
    0x08000748   0x0000014c   Code   RO         3413    .text               c_w.l(_scanf_int.o)
    0x08000894   0x00000024   Code   RO         3415    .text               c_w.l(strstr.o)
    0x080008b8   0x0000008a   Code   RO         3417    .text               c_w.l(rt_memcpy_v6.o)
    0x08000942   0x00000010   Code   RO         3421    .text               c_w.l(aeabi_memset.o)
    0x08000952   0x00000044   Code   RO         3423    .text               c_w.l(rt_memclr.o)
    0x08000996   0x0000004e   Code   RO         3425    .text               c_w.l(rt_memclr_w.o)
    0x080009e4   0x00000006   Code   RO         3427    .text               c_w.l(heapauxi.o)
    0x080009ea   0x00000002   Code   RO         3431    .text               c_w.l(use_no_semi.o)
    0x080009ec   0x00000024   Code   RO         3434    .text               c_w.l(_printf_truncate.o)
    0x08000a10   0x00000052   Code   RO         3436    .text               c_w.l(_printf_str.o)
    0x08000a62   0x000000b2   Code   RO         3438    .text               c_w.l(_printf_intcommon.o)
    0x08000b14   0x00000028   Code   RO         3440    .text               c_w.l(_printf_charcount.o)
    0x08000b3c   0x00000030   Code   RO         3442    .text               c_w.l(_printf_char_common.o)
    0x08000b6c   0x0000000a   Code   RO         3444    .text               c_w.l(_sputc.o)
    0x08000b76   0x00000002   PAD
    0x08000b78   0x00000024   Code   RO         3446    .text               c_w.l(_printf_char_file.o)
    0x08000b9c   0x000000bc   Code   RO         3448    .text               c_w.l(_printf_wctomb.o)
    0x08000c58   0x0000007c   Code   RO         3451    .text               c_w.l(_printf_longlong_dec.o)
    0x08000cd4   0x00000070   Code   RO         3457    .text               c_w.l(_printf_oct_int_ll.o)
    0x08000d44   0x0000001c   Code   RO         3480    .text               c_w.l(_chval.o)
    0x08000d60   0x0000002c   Code   RO         3482    .text               c_w.l(scanf_char.o)
    0x08000d8c   0x00000040   Code   RO         3484    .text               c_w.l(_sgetc.o)
    0x08000dcc   0x00000064   Code   RO         3486    .text               c_w.l(rt_memcpy_w.o)
    0x08000e30   0x0000008a   Code   RO         3505    .text               c_w.l(lludiv10.o)
    0x08000eba   0x00000012   Code   RO         3507    .text               c_w.l(isspace.o)
    0x08000ecc   0x0000041a   Code   RO         3509    .text               c_w.l(_printf_fp_dec.o)
    0x080012e6   0x0000002c   Code   RO         3513    .text               c_w.l(_printf_char.o)
    0x08001312   0x0000002c   Code   RO         3515    .text               c_w.l(_printf_wchar.o)
    0x0800133e   0x00000002   PAD
    0x08001340   0x00000374   Code   RO         3517    .text               c_w.l(_scanf.o)
    0x080016b4   0x00000008   Code   RO         3519    .text               c_w.l(ferror.o)
    0x080016bc   0x00000040   Code   RO         3523    .text               c_w.l(_wcrtomb.o)
    0x080016fc   0x0000004a   Code   RO         3525    .text               c_w.l(sys_stackheap_outer.o)
    0x08001746   0x00000002   PAD
    0x08001748   0x00000010   Code   RO         3527    .text               c_w.l(rt_ctype_table.o)
    0x08001758   0x00000008   Code   RO         3532    .text               c_w.l(rt_locale_intlibspace.o)
    0x08001760   0x00000080   Code   RO         3534    .text               c_w.l(_printf_fp_infnan.o)
    0x080017e0   0x000000dc   Code   RO         3536    .text               c_w.l(bigflt0.o)
    0x080018bc   0x0000000c   Code   RO         3564    .text               c_w.l(exit.o)
    0x080018c8   0x00000008   Code   RO         3577    .text               c_w.l(libspace.o)
    0x080018d0   0x00000080   Code   RO         3585    .text               c_w.l(strcmpv7m.o)
    0x08001950   0x0000003e   Code   RO         3539    CL$$btod_d2e        c_w.l(btod.o)
    0x0800198e   0x00000046   Code   RO         3541    CL$$btod_d2e_denorm_low  c_w.l(btod.o)
    0x080019d4   0x00000060   Code   RO         3540    CL$$btod_d2e_norm_op1  c_w.l(btod.o)
    0x08001a34   0x00000338   Code   RO         3549    CL$$btod_div_common  c_w.l(btod.o)
    0x08001d6c   0x000000c6   Code   RO         3546    CL$$btod_e2e        c_w.l(btod.o)
    0x08001e32   0x00000028   Code   RO         3543    CL$$btod_ediv       c_w.l(btod.o)
    0x08001e5a   0x00000028   Code   RO         3542    CL$$btod_emul       c_w.l(btod.o)
    0x08001e82   0x00000244   Code   RO         3548    CL$$btod_mult_common  c_w.l(btod.o)
    0x080020c6   0x00000002   Code   RO          286    i.BusFault_Handler  stm32f4xx_it.o
    0x080020c8   0x00000002   Code   RO          287    i.DebugMon_Handler  stm32f4xx_it.o
    0x080020ca   0x00000002   PAD
    0x080020cc   0x0000000c   Code   RO         2195    i.EXTI_ClearITPendingBit  stm32f4xx_exti.o
    0x080020d8   0x00000070   Code   RO         2200    i.EXTI_Init         stm32f4xx_exti.o
    0x08002148   0x00000078   Code   RO          857    i.GPIO_Init         stm32f4xx_gpio.o
    0x080021c0   0x00000020   Code   RO          858    i.GPIO_PinAFConfig  stm32f4xx_gpio.o
    0x080021e0   0x00000004   Code   RO          865    i.GPIO_SetBits      stm32f4xx_gpio.o
    0x080021e4   0x0000007c   Code   RO          288    i.HardFault_Handler  stm32f4xx_it.o
    0x08002260   0x00000044   Code   RO          490    i.IIC_Start         oled.o
    0x080022a4   0x00000038   Code   RO          491    i.IIC_Stop          oled.o
    0x080022dc   0x00000038   Code   RO          492    i.IIC_Wait_Ack      oled.o
    0x08002314   0x00000040   Code   RO          434    i.LED_Init          led.o
    0x08002354   0x00000002   Code   RO          289    i.MemManage_Handler  stm32f4xx_it.o
    0x08002356   0x00000002   Code   RO          290    i.NMI_Handler       stm32f4xx_it.o
    0x08002358   0x00000064   Code   RO          812    i.NVIC_Init         misc.o
    0x080023bc   0x00000014   Code   RO          813    i.NVIC_PriorityGroupConfig  misc.o
    0x080023d0   0x0000003a   Code   RO          493    i.OLED_Clear        oled.o
    0x0800240a   0x00000002   PAD
    0x0800240c   0x00000150   Code   RO          497    i.OLED_Init         oled.o
    0x0800255c   0x0000002a   Code   RO          499    i.OLED_Set_Pos      oled.o
    0x08002586   0x00000002   PAD
    0x08002588   0x00000088   Code   RO          501    i.OLED_ShowChar     oled.o
    0x08002610   0x00000036   Code   RO          503    i.OLED_ShowString   oled.o
    0x08002646   0x0000000c   Code   RO          504    i.OLED_WR_Byte      oled.o
    0x08002652   0x00000002   PAD
    0x08002654   0x0000000c   Code   RO         2072    i.PWR_BackupAccessCmd  stm32f4xx_pwr.o
    0x08002660   0x00000018   Code   RO          954    i.RCC_AHB1PeriphClockCmd  stm32f4xx_rcc.o
    0x08002678   0x00000018   Code   RO          963    i.RCC_APB1PeriphClockCmd  stm32f4xx_rcc.o
    0x08002690   0x00000018   Code   RO          966    i.RCC_APB2PeriphClockCmd  stm32f4xx_rcc.o
    0x080026a8   0x00000090   Code   RO          975    i.RCC_GetClocksFreq  stm32f4xx_rcc.o
    0x08002738   0x00000034   Code   RO          976    i.RCC_GetFlagStatus  stm32f4xx_rcc.o
    0x0800276c   0x0000001c   Code   RO          984    i.RCC_LSEConfig     stm32f4xx_rcc.o
    0x08002788   0x0000000c   Code   RO          998    i.RCC_RTCCLKCmd     stm32f4xx_rcc.o
    0x08002794   0x00000030   Code   RO          999    i.RCC_RTCCLKConfig  stm32f4xx_rcc.o
    0x080027c4   0x00000012   Code   RO         1721    i.RTC_Bcd2ToByte    stm32f4xx_rtc.o
    0x080027d6   0x00000018   Code   RO         1723    i.RTC_ByteToBcd2    stm32f4xx_rtc.o
    0x080027ee   0x00000002   PAD
    0x080027f0   0x0000001c   Code   RO         1727    i.RTC_ClearITPendingBit  stm32f4xx_rtc.o
    0x0800280c   0x0000003c   Code   RO         1733    i.RTC_EnterInitMode  stm32f4xx_rtc.o
    0x08002848   0x00000010   Code   RO         1734    i.RTC_ExitInitMode  stm32f4xx_rtc.o
    0x08002858   0x0000004c   Code   RO         1737    i.RTC_GetDate       stm32f4xx_rtc.o
    0x080028a4   0x00000038   Code   RO         1739    i.RTC_GetITStatus   stm32f4xx_rtc.o
    0x080028dc   0x00000050   Code   RO         1742    i.RTC_GetTime       stm32f4xx_rtc.o
    0x0800292c   0x00000040   Code   RO         1746    i.RTC_ITConfig      stm32f4xx_rtc.o
    0x0800296c   0x00000050   Code   RO         1747    i.RTC_Init          stm32f4xx_rtc.o
    0x080029bc   0x00000098   Code   RO         1753    i.RTC_SetDate       stm32f4xx_rtc.o
    0x08002a54   0x000000a0   Code   RO         1754    i.RTC_SetTime       stm32f4xx_rtc.o
    0x08002af4   0x0000001c   Code   RO         1755    i.RTC_SetWakeUpCounter  stm32f4xx_rtc.o
    0x08002b10   0x00000060   Code   RO          646    i.RTC_WKUP_IRQHandler  rtc.o
    0x08002b70   0x0000004c   Code   RO         1770    i.RTC_WaitForSynchro  stm32f4xx_rtc.o
    0x08002bbc   0x00000028   Code   RO         1771    i.RTC_WakeUpClockConfig  stm32f4xx_rtc.o
    0x08002be4   0x00000058   Code   RO         1772    i.RTC_WakeUpCmd     stm32f4xx_rtc.o
    0x08002c3c   0x000000b4   Code   RO          397    i.SetSysClock       system_stm32f4xx.o
    0x08002cf0   0x00000018   Code   RO          816    i.SysTick_CLKSourceConfig  misc.o
    0x08002d08   0x0000002c   Code   RO         3271    i.SysTick_Handler   port.o
    0x08002d34   0x0000005c   Code   RO          399    i.SystemInit        system_stm32f4xx.o
    0x08002d90   0x0000009c   Code   RO          752    i.USART1_IRQHandler  usart.o
    0x08002e2c   0x0000000c   Code   RO         1289    i.USART_ClearITPendingBit  stm32f4xx_usart.o
    0x08002e38   0x00000014   Code   RO         1292    i.USART_Cmd         stm32f4xx_usart.o
    0x08002e4c   0x0000003e   Code   RO         1296    i.USART_GetITStatus  stm32f4xx_usart.o
    0x08002e8a   0x00000030   Code   RO         1298    i.USART_ITConfig    stm32f4xx_usart.o
    0x08002eba   0x00000002   PAD
    0x08002ebc   0x000000ac   Code   RO         1299    i.USART_Init        stm32f4xx_usart.o
    0x08002f68   0x00000008   Code   RO         1306    i.USART_ReceiveData  stm32f4xx_usart.o
    0x08002f70   0x00000002   Code   RO          291    i.UsageFault_Handler  stm32f4xx_it.o
    0x08002f72   0x00000002   PAD
    0x08002f74   0x00000068   Code   RO          505    i.Write_IIC_Byte    oled.o
    0x08002fdc   0x0000002e   Code   RO          506    i.Write_IIC_Command  oled.o
    0x0800300a   0x0000002e   Code   RO          507    i.Write_IIC_Data    oled.o
    0x08003038   0x00000030   Code   RO         3575    i.__ARM_fpclassify  m_wm.l(fpclassify.o)
    0x08003068   0x0000000e   Code   RO         3398    i._is_digit         c_w.l(__printf_wp.o)
    0x08003076   0x00000002   Code   RO          753    i._sys_exit         usart.o
    0x08003078   0x000000e8   Code   RO            3    i.app_task_dht      main.o
    0x08003160   0x00000088   Code   RO            4    i.app_task_init     main.o
    0x080031e8   0x0000004c   Code   RO            5    i.app_task_oled     main.o
    0x08003234   0x00000124   Code   RO            6    i.app_task_rtc      main.o
    0x08003358   0x000000f0   Code   RO            7    i.app_task_usart1   main.o
    0x08003448   0x00000038   Code   RO          691    i.delay_init        delay.o
    0x08003480   0x00000038   Code   RO          692    i.delay_ms          delay.o
    0x080034b8   0x00000034   Code   RO          693    i.delay_us          delay.o
    0x080034ec   0x00000030   Code   RO            8    i.dgb_printf_safe   main.o
    0x0800351c   0x00000040   Code   RO          458    i.dht11_init        dh11.o
    0x0800355c   0x00000158   Code   RO          459    i.dht11_read        dh11.o
    0x080036b4   0x00000014   Code   RO          754    i.fputc             usart.o
    0x080036c8   0x0000004c   Code   RO            9    i.main              main.o
    0x08003714   0x00000070   Code   RO         2761    i.prvAddCurrentTaskToDelayedList  tasks.o
    0x08003784   0x000000d0   Code   RO         2762    i.prvAddNewTaskToReadyList  tasks.o
    0x08003854   0x00000050   Code   RO         3091    i.prvCheckForValidListAndQueue  timers.o
    0x080038a4   0x00000026   Code   RO         2413    i.prvCopyDataFromQueue  queue.o
    0x080038ca   0x0000006c   Code   RO         2414    i.prvCopyDataToQueue  queue.o
    0x08003936   0x00000014   Code   RO         2763    i.prvDeleteTCB      tasks.o
    0x0800394a   0x00000002   PAD
    0x0800394c   0x0000004c   Code   RO         3221    i.prvHeapInit       heap_4.o
    0x08003998   0x00000060   Code   RO         2764    i.prvIdleTask       tasks.o
    0x080039f8   0x0000009c   Code   RO         2765    i.prvInitialiseNewTask  tasks.o
    0x08003a94   0x0000004c   Code   RO         3222    i.prvInsertBlockIntoFreeList  heap_4.o
    0x08003ae0   0x00000038   Code   RO         3092    i.prvInsertTimerInActiveList  timers.o
    0x08003b18   0x0000001a   Code   RO         2415    i.prvIsQueueEmpty   queue.o
    0x08003b32   0x00000002   PAD
    0x08003b34   0x000000c4   Code   RO         3093    i.prvProcessReceivedCommands  timers.o
    0x08003bf8   0x000000b4   Code   RO         3094    i.prvProcessTimerOrBlockTask  timers.o
    0x08003cac   0x00000020   Code   RO         2767    i.prvResetNextTaskUnblockTime  tasks.o
    0x08003ccc   0x00000028   Code   RO         3095    i.prvSampleTimeNow  timers.o
    0x08003cf4   0x0000006c   Code   RO         3096    i.prvSwitchTimerLists  timers.o
    0x08003d60   0x00000028   Code   RO         3272    i.prvTaskExitError  port.o
    0x08003d88   0x00000014   Code   RO         2263    i.prvTestWaitCondition  event_groups.o
    0x08003d9c   0x00000028   Code   RO         3097    i.prvTimerTask      timers.o
    0x08003dc4   0x0000006a   Code   RO         2416    i.prvUnlockQueue    queue.o
    0x08003e2e   0x00000002   PAD
    0x08003e30   0x000000dc   Code   RO         3223    i.pvPortMalloc      heap_4.o
    0x08003f0c   0x00000018   Code   RO         2769    i.pvTaskIncrementMutexHeldCount  tasks.o
    0x08003f24   0x0000002c   Code   RO         3273    i.pxPortInitialiseStack  port.o
    0x08003f50   0x000000e6   Code   RO          647    i.rtc_init          rtc.o
    0x08004036   0x00000002   PAD
    0x08004038   0x0000002c   Code   RO          510    i.sda_pin_mode      oled.o
    0x08004064   0x000000b0   Code   RO          755    i.uart_init         usart.o
    0x08004114   0x00000026   Code   RO         2373    i.uxListRemove      list.o
    0x0800413a   0x00000002   PAD
    0x0800413c   0x00000018   Code   RO         2776    i.uxTaskResetEventItemValue  tasks.o
    0x08004154   0x00000002   Code   RO           10    i.vApplicationIdleHook  main.o
    0x08004156   0x00000010   Code   RO           11    i.vApplicationMallocFailedHook  main.o
    0x08004166   0x00000010   Code   RO           12    i.vApplicationStackOverflowHook  main.o
    0x08004176   0x00000002   Code   RO           13    i.vApplicationTickHook  main.o
    0x08004178   0x00000004   Code   RO         2267    i.vEventGroupSetBitsCallback  event_groups.o
    0x0800417c   0x00000016   Code   RO         2374    i.vListInitialise   list.o
    0x08004192   0x00000006   Code   RO         2375    i.vListInitialiseItem  list.o
    0x08004198   0x00000030   Code   RO         2376    i.vListInsert       list.o
    0x080041c8   0x00000018   Code   RO         2377    i.vListInsertEnd    list.o
    0x080041e0   0x00000040   Code   RO         3275    i.vPortEnterCritical  port.o
    0x08004220   0x00000028   Code   RO         3276    i.vPortExitCritical  port.o
    0x08004248   0x0000005c   Code   RO         3224    i.vPortFree         heap_4.o
    0x080042a4   0x00000024   Code   RO         3277    i.vPortSetupTimerInterrupt  port.o
    0x080042c8   0x00000054   Code   RO         3278    i.vPortValidateInterruptPriority  port.o
    0x0800431c   0x00000024   Code   RO         2422    i.vQueueAddToRegistry  queue.o
    0x08004340   0x00000044   Code   RO         2426    i.vQueueWaitForMessageRestricted  queue.o
    0x08004384   0x0000004c   Code   RO         2777    i.vTaskDelay        tasks.o
    0x080043d0   0x000000ac   Code   RO         2779    i.vTaskDelete       tasks.o
    0x0800447c   0x00000010   Code   RO         2782    i.vTaskInternalSetTimeOutState  tasks.o
    0x0800448c   0x0000000c   Code   RO         2783    i.vTaskMissedYield  tasks.o
    0x08004498   0x00000030   Code   RO         2785    i.vTaskPlaceOnEventList  tasks.o
    0x080044c8   0x00000038   Code   RO         2786    i.vTaskPlaceOnEventListRestricted  tasks.o
    0x08004500   0x0000004c   Code   RO         2787    i.vTaskPlaceOnUnorderedEventList  tasks.o
    0x0800454c   0x000000ac   Code   RO         2788    i.vTaskPriorityDisinheritAfterTimeout  tasks.o
    0x080045f8   0x00000070   Code   RO         2790    i.vTaskRemoveFromUnorderedEventList  tasks.o
    0x08004668   0x00000070   Code   RO         2794    i.vTaskStartScheduler  tasks.o
    0x080046d8   0x00000010   Code   RO         2796    i.vTaskSuspendAll   tasks.o
    0x080046e8   0x00000088   Code   RO         2797    i.vTaskSwitchContext  tasks.o
    0x08004770   0x0000001a   Code   RO         2271    i.xEventGroupCreate  event_groups.o
    0x0800478a   0x0000008c   Code   RO         2273    i.xEventGroupSetBits  event_groups.o
    0x08004816   0x00000002   PAD
    0x08004818   0x00000010   Code   RO         2274    i.xEventGroupSetBitsFromISR  event_groups.o
    0x08004828   0x00000108   Code   RO         2276    i.xEventGroupWaitBits  event_groups.o
    0x08004930   0x000000f4   Code   RO         3279    i.xPortStartScheduler  port.o
    0x08004a24   0x00000024   Code   RO         2428    i.xQueueCreateMutex  queue.o
    0x08004a48   0x00000052   Code   RO         2429    i.xQueueGenericCreate  queue.o
    0x08004a9a   0x00000002   PAD
    0x08004a9c   0x00000088   Code   RO         2430    i.xQueueGenericReset  queue.o
    0x08004b24   0x00000164   Code   RO         2431    i.xQueueGenericSend  queue.o
    0x08004c88   0x000000bc   Code   RO         2432    i.xQueueGenericSendFromISR  queue.o
    0x08004d44   0x00000138   Code   RO         2439    i.xQueueReceive     queue.o
    0x08004e7c   0x00000178   Code   RO         2441    i.xQueueSemaphoreTake  queue.o
    0x08004ff4   0x00000074   Code   RO         2798    i.xTaskCheckForTimeOut  tasks.o
    0x08005068   0x00000056   Code   RO         2799    i.xTaskCreate       tasks.o
    0x080050be   0x00000002   PAD
    0x080050c0   0x0000001c   Code   RO         2803    i.xTaskGetSchedulerState  tasks.o
    0x080050dc   0x0000000c   Code   RO         2804    i.xTaskGetTickCount  tasks.o
    0x080050e8   0x000000d4   Code   RO         2806    i.xTaskIncrementTick  tasks.o
    0x080051bc   0x00000098   Code   RO         2809    i.xTaskPriorityDisinherit  tasks.o
    0x08005254   0x00000094   Code   RO         2810    i.xTaskPriorityInherit  tasks.o
    0x080052e8   0x00000078   Code   RO         2811    i.xTaskRemoveFromEventList  tasks.o
    0x08005360   0x000000c4   Code   RO         2812    i.xTaskResumeAll    tasks.o
    0x08005424   0x0000004c   Code   RO         3103    i.xTimerCreateTimerTask  timers.o
    0x08005470   0x00000064   Code   RO         3104    i.xTimerGenericCommand  timers.o
    0x080054d4   0x00000028   Code   RO         3110    i.xTimerPendFunctionCallFromISR  timers.o
    0x080054fc   0x0000002c   Code   RO         3562    locale$$code        c_w.l(lc_numeric_c.o)
    0x08005528   0x0000002c   Code   RO         3583    locale$$code        c_w.l(lc_ctype_c.o)
    0x08005554   0x0000000a   Code   RO         3641    x$fpl$fpinit        fz_wm.l(fpinit.o)
    0x0800555e   0x00000004   Code   RO         3488    x$fpl$printf1       fz_wm.l(printf1.o)
    0x08005562   0x00000000   Code   RO         3574    x$fpl$usenofp       fz_wm.l(usenofp.o)
    0x08005562   0x00000002   PAD
    0x08005564   0x00000078   Data   RO           14    .constdata          main.o
    0x080055dc   0x00000818   Data   RO          511    .constdata          oled.o
    0x08005df4   0x00000028   Data   RO         3386    .constdata          c_w.l(_printf_hex_int_ll_ptr.o)
    0x08005e1c   0x00000011   Data   RO         3406    .constdata          c_w.l(__printf_flags_ss_wp.o)
    0x08005e2d   0x00000003   PAD
    0x08005e30   0x00000008   Data   RO         3449    .constdata          c_w.l(_printf_wctomb.o)
    0x08005e38   0x00000094   Data   RO         3537    .constdata          c_w.l(bigflt0.o)
    0x08005ecc   0x0000003d   Data   RO           15    .conststring        main.o
    0x08005f09   0x00000003   PAD
    0x08005f0c   0x00000020   Data   RO         3704    Region$$Table       anon$$obj.o
    0x08005f2c   0x0000001c   Data   RO         3561    locale$$data        c_w.l(lc_numeric_c.o)
    0x08005f48   0x00000110   Data   RO         3582    locale$$data        c_w.l(lc_ctype_c.o)


    Execution Region RW_IRAM1 (Base: 0x20000000, Size: 0x000150c0, Max: 0x00020000, ABSOLUTE)

    Base Addr    Size         Type   Attr      Idx    E Section Name        Object

    0x20000000   0x0000001c   Data   RW           16    .data               main.o
    0x2000001c   0x00000004   Data   RW           17    .data               main.o
    0x20000020   0x00000004   Data   RW           18    .data               main.o
    0x20000024   0x00000004   Data   RW           19    .data               main.o
    0x20000028   0x00000004   Data   RW           20    .data               main.o
    0x2000002c   0x00000014   Data   RW          400    .data               system_stm32f4xx.o
    0x20000040   0x00000004   Data   RW          694    .data               delay.o
    0x20000044   0x00000004   Data   RW          757    .data               usart.o
    0x20000048   0x00000004   Data   RW          758    .data               usart.o
    0x2000004c   0x00000010   Data   RW         1007    .data               stm32f4xx_rcc.o
    0x2000005c   0x0000003c   Data   RW         2815    .data               tasks.o
    0x20000098   0x00000014   Data   RW         3112    .data               timers.o
    0x200000ac   0x00000018   Data   RW         3229    .data               heap_4.o
    0x200000c4   0x0000000c   Data   RW         3280    .data               port.o
    0x200000d0   0x00000041   Zero   RW          756    .bss                usart.o
    0x20000111   0x00000003   PAD
    0x20000114   0x00000040   Zero   RW         2443    .bss                queue.o
    0x20000154   0x000002e4   Zero   RW         2814    .bss                tasks.o
    0x20000438   0x00000028   Zero   RW         3111    .bss                timers.o
    0x20000460   0x00012c00   Zero   RW         3228    .bss                heap_4.o
    0x20013060   0x00000060   Zero   RW         3578    .bss                c_w.l(libspace.o)
    0x200130c0   0x00001000   Zero   RW          804    HEAP                startup_stm32f40_41xxx.o
    0x200140c0   0x00001000   Zero   RW          803    STACK               startup_stm32f40_41xxx.o


==============================================================================

Image component sizes


      Code (inc. data)   RO Data    RW Data    ZI Data      Debug   Object Name

       164         14          0          4          0       1895   delay.o
       408         18          0          0          0       2038   dh11.o
       470         10          0          0          0      13940   event_groups.o
       464         22          0         24      76800       4019   heap_4.o
        64          6          0          0          0        543   led.o
       138          0          0          0          0       3086   list.o
      1136        310        181         44          0     306467   main.o
       144         14          0          0          0       1981   misc.o
      1058         68       2072          0          0      10212   oled.o
       786         80          0         12          0      10849   port.o
      1868         22          0          0         64      13856   queue.o
       326          8          0          0          0       9990   rtc.o
        64         26        392          0       8192        848   startup_stm32f40_41xxx.o
       124         10          0          0          0       1473   stm32f4xx_exti.o
       156          0          0          0          0       2118   stm32f4xx_gpio.o
       134         60          0          0          0       8445   stm32f4xx_it.o
        12          6          0          0          0        510   stm32f4xx_pwr.o
       356         56          0         16          0       6726   stm32f4xx_rcc.o
      1046         92          0          0          0      10631   stm32f4xx_rtc.o
       322          8          0          0          0       4456   stm32f4xx_usart.o
       272         36          0         20          0       1769   system_stm32f4xx.o
      2746        222          0         60        740      24676   tasks.o
       916         90          0         20         40       9143   timers.o
       354         38          0          8         65       4262   usart.o

    ----------------------------------------------------------------------
     13560       1216       2680        208      85904     453933   Object Totals
         0          0         32          0          0          0   (incl. Generated)
        32          0          3          0          3          0   (incl. Padding)

    ----------------------------------------------------------------------

      Code (inc. data)   RO Data    RW Data    ZI Data      Debug   Library Member Name

        60          8          0          0          0         84   __0sscanf.o
        24          4          0          0          0         84   __2printf.o
        44          6          0          0          0         84   __2sprintf.o
         8          0          0          0          0         68   __main.o
       392          4         17          0          0         92   __printf_flags_ss_wp.o
        14          0          0          0          0         68   __printf_wp.o
         0          0          0          0          0          0   __rtentry.o
        12          0          0          0          0          0   __rtentry2.o
         6          0          0          0          0          0   __rtentry4.o
        52          8          0          0          0          0   __scatter.o
        26          0          0          0          0          0   __scatter_copy.o
        28          0          0          0          0          0   __scatter_zi.o
        28          0          0          0          0         68   _chval.o
         6          0          0          0          0          0   _printf_a.o
         6          0          0          0          0          0   _printf_c.o
        44          0          0          0          0        108   _printf_char.o
        48          6          0          0          0         96   _printf_char_common.o
        36          4          0          0          0         80   _printf_char_file.o
        40          0          0          0          0         68   _printf_charcount.o
         6          0          0          0          0          0   _printf_d.o
       120         16          0          0          0         92   _printf_dec.o
         6          0          0          0          0          0   _printf_e.o
         6          0          0          0          0          0   _printf_f.o
      1050          0          0          0          0        216   _printf_fp_dec.o
       128         16          0          0          0         84   _printf_fp_infnan.o
         6          0          0          0          0          0   _printf_g.o
       148          4         40          0          0        160   _printf_hex_int_ll_ptr.o
         6          0          0          0          0          0   _printf_i.o
       178          0          0          0          0         88   _printf_intcommon.o
        10          0          0          0          0          0   _printf_l.o
         6          0          0          0          0          0   _printf_lc.o
        10          0          0          0          0          0   _printf_ll.o
         6          0          0          0          0          0   _printf_lld.o
         6          0          0          0          0          0   _printf_lli.o
         6          0          0          0          0          0   _printf_llo.o
         6          0          0          0          0          0   _printf_llu.o
         6          0          0          0          0          0   _printf_llx.o
       124         16          0          0          0         92   _printf_longlong_dec.o
         6          0          0          0          0          0   _printf_ls.o
         6          0          0          0          0          0   _printf_n.o
         6          0          0          0          0          0   _printf_o.o
       112          8          0          0          0        124   _printf_oct_int_ll.o
         6          0          0          0          0          0   _printf_p.o
        78          0          0          0          0        108   _printf_pad.o
         0          0          0          0          0          0   _printf_percent.o
         4          0          0          0          0          0   _printf_percent_end.o
         6          0          0          0          0          0   _printf_s.o
        82          0          0          0          0         80   _printf_str.o
        36          0          0          0          0         84   _printf_truncate.o
         6          0          0          0          0          0   _printf_u.o
        44          0          0          0          0        108   _printf_wchar.o
       188          6          8          0          0         92   _printf_wctomb.o
         6          0          0          0          0          0   _printf_x.o
       884          6          0          0          0        100   _scanf.o
       332          0          0          0          0         96   _scanf_int.o
        64          0          0          0          0         84   _sgetc.o
        10          0          0          0          0         68   _sputc.o
        64          0          0          0          0         92   _wcrtomb.o
        16          0          0          0          0         68   aeabi_memset.o
       220          4        148          0          0         96   bigflt0.o
      1910        128          0          0          0        672   btod.o
        12          4          0          0          0         68   c89vprintf.o
        12          0          0          0          0         72   exit.o
         8          0          0          0          0         68   ferror.o
         6          0          0          0          0        152   heapauxi.o
        18          0          0          0          0         76   isspace.o
        44         10        272          0          0         76   lc_ctype_c.o
        44         10         28          0          0         76   lc_numeric_c.o
         2          0          0          0          0          0   libinit.o
        34          0          0          0          0          0   libinit2.o
         2          0          0          0          0          0   libshutdown.o
         2          0          0          0          0          0   libshutdown2.o
         8          4          0          0         96         68   libspace.o
       138          0          0          0          0         80   lludiv10.o
        16          4          0          0          0         76   rt_ctype_table.o
         8          4          0          0          0         68   rt_locale_intlibspace.o
        68          0          0          0          0         68   rt_memclr.o
        78          0          0          0          0         80   rt_memclr_w.o
       138          0          0          0          0         68   rt_memcpy_v6.o
       100          0          0          0          0         80   rt_memcpy_w.o
         2          0          0          0          0          0   rtexit.o
        10          0          0          0          0          0   rtexit2.o
        44          8          0          0          0         84   scanf_char.o
       128          0          0          0          0         68   strcmpv7m.o
        36          0          0          0          0         80   strstr.o
        74          0          0          0          0         80   sys_stackheap_outer.o
         2          0          0          0          0         68   use_no_semi.o
         2          0          0          0          0         68   use_no_semi_2.o
        10          0          0          0          0        116   fpinit.o
         4          0          0          0          0        116   printf1.o
         0          0          0          0          0          0   usenofp.o
        48          0          0          0          0        124   fpclassify.o

    ----------------------------------------------------------------------
      7908        288        516          0         96       5484   Library Totals
        16          0          3          0          0          0   (incl. Padding)

    ----------------------------------------------------------------------

      Code (inc. data)   RO Data    RW Data    ZI Data      Debug   Library Name

      7830        288        513          0         96       5128   c_w.l
        14          0          0          0          0        232   fz_wm.l
        48          0          0          0          0        124   m_wm.l

    ----------------------------------------------------------------------
      7908        288        516          0         96       5484   Library Totals

    ----------------------------------------------------------------------

==============================================================================


      Code (inc. data)   RO Data    RW Data    ZI Data      Debug   

     21468       1504       3196        208      86000     441105   Grand Totals
     21468       1504       3196        208      86000     441105   ELF Image Totals
     21468       1504       3196        208          0          0   ROM Totals

==============================================================================

    Total RO  Size (Code + RO Data)                24664 (  24.09kB)
    Total RW  Size (RW Data + ZI Data)             86208 (  84.19kB)
    Total ROM Size (Code + RO Data + RW Data)      24872 (  24.29kB)

==============================================================================

